2026-09-28 03:26:06,545 INFO o.a.j.u.JMeterUtils: Setting Locale to en_EN
2026-09-28 03:26:06,585 INFO o.a.j.JMeter: Loading user properties from: /opt/apache-jmeter-5.5/bin/user.properties
2026-09-28 03:26:06,586 INFO o.a.j.JMeter: Loading system properties from: /opt/apache-jmeter-5.5/bin/system.properties
2026-09-28 03:26:06,587 INFO o.a.j.JMeter: Setting System property: log4j2.formatMsgNoLookups=true
2026-09-28 03:26:06,588 INFO o.a.j.JMeter: Setting JMeter property: users=15
2026-09-28 03:26:06,589 INFO o.a.j.JMeter: Setting JMeter property: ramp=1
2026-09-28 03:26:06,589 INFO o.a.j.JMeter: Setting JMeter property: sessions=3
2026-09-28 03:26:06,590 INFO o.a.j.JMeter: Setting JMeter property: think_ms=2000
2026-09-28 03:26:06,591 INFO o.a.j.JMeter: Setting JMeter property: think_range_ms=2000
2026-09-28 03:26:06,591 INFO o.a.j.JMeter: Setting JMeter property: host=host.docker.internal
2026-09-28 03:26:06,591 INFO o.a.j.JMeter: Setting JMeter property: port=8080
2026-09-28 03:26:06,592 INFO o.a.j.JMeter: Setting JMeter property: protocol=http
2026-09-28 03:26:06,592 INFO o.a.j.JMeter: Setting JMeter property: origin=http://host.docker.internal:8080
2026-09-28 03:26:06,593 INFO o.a.j.JMeter: Setting JMeter property: runId=local-login-rafaga_20260927_202603
2026-09-28 03:26:06,594 INFO o.a.j.JMeter: Setting JMeter property: tokens=/jmeter/capacity/tokens.csv
2026-09-28 03:26:06,594 INFO o.a.j.JMeter: Loading additional properties from: /jmeter/capacity/login.properties
2026-09-28 03:26:06,613 INFO o.a.j.JMeter: Copyright (c) 1998-2022 The Apache Software Foundation
2026-09-28 03:26:06,614 INFO o.a.j.JMeter: Version 5.5
2026-09-28 03:26:06,615 INFO o.a.j.JMeter: java.version=1.8.0_275
2026-09-28 03:26:06,616 INFO o.a.j.JMeter: java.vm.name=OpenJDK 64-Bit Server VM
2026-09-28 03:26:06,616 INFO o.a.j.JMeter: os.name=Linux
2026-09-28 03:26:06,617 INFO o.a.j.JMeter: os.arch=amd64
2026-09-28 03:26:06,617 INFO o.a.j.JMeter: os.version=5.15.167.4-microsoft-standard-WSL2
2026-09-28 03:26:06,618 INFO o.a.j.JMeter: file.encoding=UTF-8
2026-09-28 03:26:06,618 INFO o.a.j.JMeter: java.awt.headless=true
2026-09-28 03:26:06,619 INFO o.a.j.JMeter: Max memory     =1635778560
2026-09-28 03:26:06,619 INFO o.a.j.JMeter: Available Processors =12
2026-09-28 03:26:06,629 INFO o.a.j.JMeter: Default Locale=English (EN)
2026-09-28 03:26:06,630 INFO o.a.j.JMeter: JMeter  Locale=English (EN)
2026-09-28 03:26:06,631 INFO o.a.j.JMeter: JMeterHome=/opt/apache-jmeter-5.5
2026-09-28 03:26:06,632 INFO o.a.j.JMeter: user.dir  =/opt/apache-jmeter-5.5
2026-09-28 03:26:06,633 INFO o.a.j.JMeter: PWD       =/opt/apache-jmeter-5.5
2026-09-28 03:26:06,633 INFO o.a.j.JMeter: IP: 172.17.0.2 Name: 98212b8af160 FullName: 98212b8af160
2026-09-28 03:26:06,674 INFO o.a.j.s.FileServer: Default base='/opt/apache-jmeter-5.5'
2026-09-28 03:26:06,676 INFO o.a.j.s.FileServer: Set new base='/jmeter'
2026-09-28 03:26:06,921 INFO o.a.j.s.SaveService: Testplan (JMX) version: 2.2. Testlog (JTL) version: 2.2
2026-09-28 03:26:06,947 INFO o.a.j.s.SaveService: Using SaveService properties file encoding UTF-8
2026-09-28 03:26:06,957 INFO o.a.j.s.SaveService: Using SaveService properties version 5.0
2026-09-28 03:26:06,970 INFO o.a.j.s.SaveService: Loading file: /jmeter/escenario1_login_rafaga.jmx
2026-09-28 03:26:07,062 INFO o.a.j.p.h.s.HTTPSamplerBase: Parser for text/html is org.apache.jmeter.protocol.http.parser.LagartoBasedHtmlParser
2026-09-28 03:26:07,063 INFO o.a.j.p.h.s.HTTPSamplerBase: Parser for application/xhtml+xml is org.apache.jmeter.protocol.http.parser.LagartoBasedHtmlParser
2026-09-28 03:26:07,064 INFO o.a.j.p.h.s.HTTPSamplerBase: Parser for application/xml is org.apache.jmeter.protocol.http.parser.LagartoBasedHtmlParser
2026-09-28 03:26:07,065 INFO o.a.j.p.h.s.HTTPSamplerBase: Parser for text/xml is org.apache.jmeter.protocol.http.parser.LagartoBasedHtmlParser
2026-09-28 03:26:07,066 INFO o.a.j.p.h.s.HTTPSamplerBase: Parser for text/vnd.wap.wml is org.apache.jmeter.protocol.http.parser.RegexpHTMLParser
2026-09-28 03:26:07,067 INFO o.a.j.p.h.s.HTTPSamplerBase: Parser for text/css is org.apache.jmeter.protocol.http.parser.CssParser
2026-09-28 03:26:07,670 INFO o.a.j.JMeter: Creating summariser <summary>
2026-09-28 03:26:07,687 INFO o.a.j.e.StandardJMeterEngine: Running the test!
2026-09-28 03:26:07,689 INFO o.a.j.s.SampleEvent: List of sample_variables: []
2026-09-28 03:26:07,689 INFO o.a.j.s.SampleEvent: List of sample_variables: []
2026-09-28 03:26:07,700 INFO o.a.j.e.u.CompoundVariable: Note: Function class names must contain the string: '.functions.'
2026-09-28 03:26:07,702 INFO o.a.j.e.u.CompoundVariable: Note: Function class names must not contain the string: '.gui.'
2026-09-28 03:26:08,150 INFO o.a.j.JMeter: Running test (1790558768150)
2026-09-28 03:26:08,243 INFO o.a.j.e.StandardJMeterEngine: Starting ThreadGroup: 1 : Rafaga de inicios de sesion
2026-09-28 03:26:08,244 INFO o.a.j.e.StandardJMeterEngine: Starting 15 threads for group Rafaga de inicios de sesion.
2026-09-28 03:26:08,245 INFO o.a.j.e.StandardJMeterEngine: Thread will continue on error
2026-09-28 03:26:08,245 INFO o.a.j.t.ThreadGroup: Starting thread group... number=1 threads=15 ramp-up=1 delayedStart=false
2026-09-28 03:26:08,284 INFO o.a.j.t.ThreadGroup: Started thread group number 1
2026-09-28 03:26:08,285 INFO o.a.j.e.StandardJMeterEngine: All thread groups have been started
2026-09-28 03:26:08,364 INFO o.a.j.t.JMeterThread: Thread started: Rafaga de inicios de sesion 1-1
2026-09-28 03:26:08,372 INFO o.a.j.s.FileServer: Stored: /jmeter/capacity/tokens.csv
2026-09-28 03:26:08,421 INFO o.a.j.t.JMeterThread: Thread started: Rafaga de inicios de sesion 1-2
2026-09-28 03:26:08,439 INFO o.a.j.p.h.s.HTTPHCAbstractImpl: Local host = 98212b8af160
2026-09-28 03:26:08,446 INFO o.a.j.p.h.s.HTTPHC4Impl: HTTP request retry count = 0
2026-09-28 03:26:08,475 INFO o.a.j.s.SampleResult: Note: Sample TimeStamps are START times
2026-09-28 03:26:08,476 INFO o.a.j.s.SampleResult: sampleresult.default.encoding is set to ISO-8859-1
2026-09-28 03:26:08,476 INFO o.a.j.s.SampleResult: sampleresult.useNanoTime=true
2026-09-28 03:26:08,477 INFO o.a.j.s.SampleResult: sampleresult.nanoThreadSleep=5000
2026-09-28 03:26:08,488 INFO o.a.j.t.JMeterThread: Thread started: Rafaga de inicios de sesion 1-3
2026-09-28 03:26:08,553 INFO o.a.j.t.JMeterThread: Thread started: Rafaga de inicios de sesion 1-4
2026-09-28 03:26:08,618 INFO o.a.j.t.JMeterThread: Thread started: Rafaga de inicios de sesion 1-5
2026-09-28 03:26:08,685 INFO o.a.j.t.JMeterThread: Thread started: Rafaga de inicios de sesion 1-6
2026-09-28 03:26:08,749 INFO o.a.j.t.JMeterThread: Thread started: Rafaga de inicios de sesion 1-7
2026-09-28 03:26:08,818 INFO o.a.j.t.JMeterThread: Thread started: Rafaga de inicios de sesion 1-8
2026-09-28 03:26:08,880 INFO o.a.j.t.JMeterThread: Thread started: Rafaga de inicios de sesion 1-9
2026-09-28 03:26:08,947 INFO o.a.j.t.JMeterThread: Thread started: Rafaga de inicios de sesion 1-10
2026-09-28 03:26:09,016 INFO o.a.j.t.JMeterThread: Thread started: Rafaga de inicios de sesion 1-11
2026-09-28 03:26:09,075 INFO o.a.j.t.JMeterThread: Thread started: Rafaga de inicios de sesion 1-12
2026-09-28 03:26:09,139 INFO o.a.j.t.JMeterThread: Thread started: Rafaga de inicios de sesion 1-13
2026-09-28 03:26:09,204 INFO o.a.j.t.JMeterThread: Thread started: Rafaga de inicios de sesion 1-14
2026-09-28 03:26:09,266 INFO o.a.j.t.JMeterThread: Thread started: Rafaga de inicios de sesion 1-15
2026-09-28 03:26:09,293 INFO o.a.j.t.JMeterThread: Thread is done: Rafaga de inicios de sesion 1-15
2026-09-28 03:26:09,294 INFO o.a.j.t.JMeterThread: Thread is done: Rafaga de inicios de sesion 1-13
2026-09-28 03:26:09,294 INFO o.a.j.t.JMeterThread: Thread is done: Rafaga de inicios de sesion 1-4
2026-09-28 03:26:09,294 INFO o.a.j.t.JMeterThread: Thread is done: Rafaga de inicios de sesion 1-8
2026-09-28 03:26:09,294 INFO o.a.j.t.JMeterThread: Thread is done: Rafaga de inicios de sesion 1-12
2026-09-28 03:26:09,294 INFO o.a.j.t.JMeterThread: Thread is done: Rafaga de inicios de sesion 1-14
2026-09-28 03:26:09,293 INFO o.a.j.t.JMeterThread: Thread is done: Rafaga de inicios de sesion 1-1
2026-09-28 03:26:09,293 INFO o.a.j.t.JMeterThread: Thread is done: Rafaga de inicios de sesion 1-11
2026-09-28 03:26:09,293 INFO o.a.j.t.JMeterThread: Thread is done: Rafaga de inicios de sesion 1-7
2026-09-28 03:26:09,293 INFO o.a.j.t.JMeterThread: Thread is done: Rafaga de inicios de sesion 1-3
2026-09-28 03:26:09,293 INFO o.a.j.t.JMeterThread: Thread is done: Rafaga de inicios de sesion 1-6
2026-09-28 03:26:09,293 INFO o.a.j.t.JMeterThread: Thread is done: Rafaga de inicios de sesion 1-9
2026-09-28 03:26:09,293 INFO o.a.j.t.JMeterThread: Thread is done: Rafaga de inicios de sesion 1-10
2026-09-28 03:26:09,293 INFO o.a.j.t.JMeterThread: Thread is done: Rafaga de inicios de sesion 1-2
2026-09-28 03:26:09,293 INFO o.a.j.t.JMeterThread: Thread is done: Rafaga de inicios de sesion 1-5
2026-09-28 03:26:09,300 INFO o.a.j.t.JMeterThread: Thread finished: Rafaga de inicios de sesion 1-10
2026-09-28 03:26:09,299 INFO o.a.j.t.JMeterThread: Thread finished: Rafaga de inicios de sesion 1-9
2026-09-28 03:26:09,299 INFO o.a.j.t.JMeterThread: Thread finished: Rafaga de inicios de sesion 1-6
2026-09-28 03:26:09,299 INFO o.a.j.t.JMeterThread: Thread finished: Rafaga de inicios de sesion 1-3
2026-09-28 03:26:09,298 INFO o.a.j.t.JMeterThread: Thread finished: Rafaga de inicios de sesion 1-7
2026-09-28 03:26:09,298 INFO o.a.j.t.JMeterThread: Thread finished: Rafaga de inicios de sesion 1-11
2026-09-28 03:26:09,297 INFO o.a.j.t.JMeterThread: Thread finished: Rafaga de inicios de sesion 1-1
2026-09-28 03:26:09,297 INFO o.a.j.t.JMeterThread: Thread finished: Rafaga de inicios de sesion 1-14
2026-09-28 03:26:09,296 INFO o.a.j.t.JMeterThread: Thread finished: Rafaga de inicios de sesion 1-12
2026-09-28 03:26:09,296 INFO o.a.j.t.JMeterThread: Thread finished: Rafaga de inicios de sesion 1-8
2026-09-28 03:26:09,296 INFO o.a.j.t.JMeterThread: Thread finished: Rafaga de inicios de sesion 1-4
2026-09-28 03:26:09,295 INFO o.a.j.t.JMeterThread: Thread finished: Rafaga de inicios de sesion 1-13
2026-09-28 03:26:09,294 INFO o.a.j.t.JMeterThread: Thread finished: Rafaga de inicios de sesion 1-15
2026-09-28 03:26:09,302 INFO o.a.j.t.JMeterThread: Thread finished: Rafaga de inicios de sesion 1-5
2026-09-28 03:26:09,301 INFO o.a.j.t.JMeterThread: Thread finished: Rafaga de inicios de sesion 1-2
2026-09-28 03:26:09,314 INFO o.a.j.e.StandardJMeterEngine: Notifying test listeners of end of test
2026-09-28 03:26:09,315 INFO o.a.j.s.FileServer: Close: /jmeter/capacity/tokens.csv
2026-09-28 03:26:09,325 INFO o.a.j.r.Summariser: summary =     15 in 00:00:01 =   12.8/s Avg:   305 Min:    11 Max:   579 Err:     5 (33.33%)
