2026-09-28 05:04:34,294 INFO o.a.j.u.JMeterUtils: Setting Locale to en_EN
2026-09-28 05:04:34,375 INFO o.a.j.JMeter: Loading user properties from: /opt/apache-jmeter-5.5/bin/user.properties
2026-09-28 05:04:34,378 INFO o.a.j.JMeter: Loading system properties from: /opt/apache-jmeter-5.5/bin/system.properties
2026-09-28 05:04:34,379 INFO o.a.j.JMeter: Setting System property: log4j2.formatMsgNoLookups=true
2026-09-28 05:04:34,380 INFO o.a.j.JMeter: Setting JMeter property: users=1
2026-09-28 05:04:34,381 INFO o.a.j.JMeter: Setting JMeter property: ramp=30
2026-09-28 05:04:34,381 INFO o.a.j.JMeter: Setting JMeter property: sessions=3
2026-09-28 05:04:34,382 INFO o.a.j.JMeter: Setting JMeter property: think_ms=4000
2026-09-28 05:04:34,383 INFO o.a.j.JMeter: Setting JMeter property: think_range_ms=2000
2026-09-28 05:04:34,383 INFO o.a.j.JMeter: Setting JMeter property: host=34.24.52.111.sslip.io
2026-09-28 05:04:34,384 INFO o.a.j.JMeter: Setting JMeter property: port=443
2026-09-28 05:04:34,384 INFO o.a.j.JMeter: Setting JMeter property: protocol=https
2026-09-28 05:04:34,385 INFO o.a.j.JMeter: Setting JMeter property: origin=https://34.24.52.111.sslip.io
2026-09-28 05:04:34,385 INFO o.a.j.JMeter: Setting JMeter property: runId=A-nivel1_20260927_220426
2026-09-28 05:04:34,386 INFO o.a.j.JMeter: Setting JMeter property: tokens=/jmeter/capacity/tokens.csv
2026-09-28 05:04:34,404 INFO o.a.j.JMeter: Copyright (c) 1998-2022 The Apache Software Foundation
2026-09-28 05:04:34,405 INFO o.a.j.JMeter: Version 5.5
2026-09-28 05:04:34,405 INFO o.a.j.JMeter: java.version=1.8.0_275
2026-09-28 05:04:34,406 INFO o.a.j.JMeter: java.vm.name=OpenJDK 64-Bit Server VM
2026-09-28 05:04:34,406 INFO o.a.j.JMeter: os.name=Linux
2026-09-28 05:04:34,407 INFO o.a.j.JMeter: os.arch=amd64
2026-09-28 05:04:34,408 INFO o.a.j.JMeter: os.version=5.15.167.4-microsoft-standard-WSL2
2026-09-28 05:04:34,408 INFO o.a.j.JMeter: file.encoding=UTF-8
2026-09-28 05:04:34,409 INFO o.a.j.JMeter: java.awt.headless=true
2026-09-28 05:04:34,409 INFO o.a.j.JMeter: Max memory     =1811939328
2026-09-28 05:04:34,410 INFO o.a.j.JMeter: Available Processors =12
2026-09-28 05:04:34,433 INFO o.a.j.JMeter: Default Locale=English (EN)
2026-09-28 05:04:34,434 INFO o.a.j.JMeter: JMeter  Locale=English (EN)
2026-09-28 05:04:34,434 INFO o.a.j.JMeter: JMeterHome=/opt/apache-jmeter-5.5
2026-09-28 05:04:34,435 INFO o.a.j.JMeter: user.dir  =/opt/apache-jmeter-5.5
2026-09-28 05:04:34,436 INFO o.a.j.JMeter: PWD       =/opt/apache-jmeter-5.5
2026-09-28 05:04:34,437 INFO o.a.j.JMeter: IP: 172.17.0.2 Name: 96c39c6c81b5 FullName: 96c39c6c81b5
2026-09-28 05:04:34,541 INFO o.a.j.s.FileServer: Default base='/opt/apache-jmeter-5.5'
2026-09-28 05:04:34,544 INFO o.a.j.s.FileServer: Set new base='/jmeter'
2026-09-28 05:04:34,939 INFO o.a.j.s.SaveService: Testplan (JMX) version: 2.2. Testlog (JTL) version: 2.2
2026-09-28 05:04:34,993 INFO o.a.j.s.SaveService: Using SaveService properties file encoding UTF-8
2026-09-28 05:04:35,007 INFO o.a.j.s.SaveService: Using SaveService properties version 5.0
2026-09-28 05:04:35,023 INFO o.a.j.s.SaveService: Loading file: /jmeter/escenario1.jmx
2026-09-28 05:04:35,195 INFO o.a.j.p.h.s.HTTPSamplerBase: Parser for text/html is org.apache.jmeter.protocol.http.parser.LagartoBasedHtmlParser
2026-09-28 05:04:35,196 INFO o.a.j.p.h.s.HTTPSamplerBase: Parser for application/xhtml+xml is org.apache.jmeter.protocol.http.parser.LagartoBasedHtmlParser
2026-09-28 05:04:35,197 INFO o.a.j.p.h.s.HTTPSamplerBase: Parser for application/xml is org.apache.jmeter.protocol.http.parser.LagartoBasedHtmlParser
2026-09-28 05:04:35,198 INFO o.a.j.p.h.s.HTTPSamplerBase: Parser for text/xml is org.apache.jmeter.protocol.http.parser.LagartoBasedHtmlParser
2026-09-28 05:04:35,198 INFO o.a.j.p.h.s.HTTPSamplerBase: Parser for text/vnd.wap.wml is org.apache.jmeter.protocol.http.parser.RegexpHTMLParser
2026-09-28 05:04:35,199 INFO o.a.j.p.h.s.HTTPSamplerBase: Parser for text/css is org.apache.jmeter.protocol.http.parser.CssParser
2026-09-28 05:04:37,545 INFO o.a.j.JMeter: Creating summariser <summary>
2026-09-28 05:04:37,582 INFO o.a.j.e.StandardJMeterEngine: Running the test!
2026-09-28 05:04:37,585 INFO o.a.j.s.SampleEvent: List of sample_variables: []
2026-09-28 05:04:37,586 INFO o.a.j.s.SampleEvent: List of sample_variables: []
2026-09-28 05:04:37,609 INFO o.a.j.e.u.CompoundVariable: Note: Function class names must contain the string: '.functions.'
2026-09-28 05:04:37,609 INFO o.a.j.e.u.CompoundVariable: Note: Function class names must not contain the string: '.gui.'
2026-09-28 05:04:39,637 INFO o.a.j.JMeter: Running test (1790564679637)
2026-09-28 05:04:39,853 INFO o.a.j.e.StandardJMeterEngine: Starting ThreadGroup: 1 : Estudiantes concurrentes
2026-09-28 05:04:39,855 INFO o.a.j.e.StandardJMeterEngine: Starting 1 threads for group Estudiantes concurrentes.
2026-09-28 05:04:39,856 INFO o.a.j.e.StandardJMeterEngine: Thread will continue on error
2026-09-28 05:04:39,857 INFO o.a.j.t.ThreadGroup: Starting thread group... number=1 threads=1 ramp-up=30 delayedStart=false
2026-09-28 05:04:39,872 INFO o.a.j.t.ThreadGroup: Started thread group number 1
2026-09-28 05:04:39,873 INFO o.a.j.e.StandardJMeterEngine: All thread groups have been started
2026-09-28 05:04:39,903 INFO o.a.j.t.JMeterThread: Thread started: Estudiantes concurrentes 1-1
2026-09-28 05:04:39,908 INFO o.a.j.s.FileServer: Stored: /jmeter/capacity/tokens.csv
2026-09-28 05:04:47,363 INFO o.a.j.p.h.s.HTTPHCAbstractImpl: Local host = 96c39c6c81b5
2026-09-28 05:04:47,385 INFO o.a.j.p.h.s.HTTPHC4Impl: HTTP request retry count = 0
2026-09-28 05:04:47,389 INFO o.a.j.s.SampleResult: Note: Sample TimeStamps are START times
2026-09-28 05:04:47,390 INFO o.a.j.s.SampleResult: sampleresult.default.encoding is set to ISO-8859-1
2026-09-28 05:04:47,390 INFO o.a.j.s.SampleResult: sampleresult.useNanoTime=true
2026-09-28 05:04:47,391 INFO o.a.j.s.SampleResult: sampleresult.nanoThreadSleep=5000
2026-09-28 05:04:47,727 INFO o.a.j.p.h.s.h.LazyLayeredConnectionSocketFactory: Setting up HTTPS TrustAll Socket Factory
2026-09-28 05:04:47,741 INFO o.a.j.u.JsseSSLManager: Using default SSL protocol: TLS
2026-09-28 05:04:47,742 INFO o.a.j.u.JsseSSLManager: SSL session context: per-thread
2026-09-28 05:04:48,039 INFO o.a.j.u.SSLManager: JmeterKeyStore Location:  type JKS
2026-09-28 05:04:48,052 INFO o.a.j.u.SSLManager: KeyStore created OK
2026-09-28 05:04:48,053 WARN o.a.j.u.SSLManager: Keystore file not found, loading empty keystore
2026-09-28 05:05:00,480 INFO o.a.j.r.Summariser: summary +      3 in 00:00:21 =    0.1/s Avg:   744 Min:   134 Max:  1963 Err:     0 (0.00%) Active: 1 Started: 1 Finished: 0
2026-09-28 05:05:32,212 INFO o.a.j.r.Summariser: summary +      6 in 00:00:32 =    0.2/s Avg:   209 Min:   114 Max:   478 Err:     0 (0.00%) Active: 1 Started: 1 Finished: 0
2026-09-28 05:05:32,214 INFO o.a.j.r.Summariser: summary =      9 in 00:00:53 =    0.2/s Avg:   387 Min:   114 Max:  1963 Err:     0 (0.00%)
2026-09-28 05:06:00,782 INFO o.a.j.r.Summariser: summary +      5 in 00:00:29 =    0.2/s Avg:   484 Min:    97 Max:  1576 Err:     0 (0.00%) Active: 1 Started: 1 Finished: 0
2026-09-28 05:06:00,789 INFO o.a.j.r.Summariser: summary =     14 in 00:01:21 =    0.2/s Avg:   422 Min:    97 Max:  1963 Err:     0 (0.00%)
2026-09-28 05:06:32,636 INFO o.a.j.r.Summariser: summary +      6 in 00:00:32 =    0.2/s Avg:   134 Min:    91 Max:   190 Err:     0 (0.00%) Active: 1 Started: 1 Finished: 0
2026-09-28 05:06:32,638 INFO o.a.j.r.Summariser: summary =     20 in 00:01:53 =    0.2/s Avg:   335 Min:    91 Max:  1963 Err:     0 (0.00%)
2026-09-28 05:07:01,932 INFO o.a.j.r.Summariser: summary +      5 in 00:00:29 =    0.2/s Avg:   455 Min:   113 Max:  1711 Err:     0 (0.00%) Active: 1 Started: 1 Finished: 0
2026-09-28 05:07:01,934 INFO o.a.j.r.Summariser: summary =     25 in 00:02:22 =    0.2/s Avg:   359 Min:    91 Max:  1963 Err:     0 (0.00%)
2026-09-28 05:07:34,041 INFO o.a.j.r.Summariser: summary +      6 in 00:00:32 =    0.2/s Avg:   133 Min:    89 Max:   188 Err:     0 (0.00%) Active: 1 Started: 1 Finished: 0
2026-09-28 05:07:34,042 INFO o.a.j.r.Summariser: summary =     31 in 00:02:54 =    0.2/s Avg:   316 Min:    89 Max:  1963 Err:     0 (0.00%)
2026-09-28 05:08:00,721 INFO o.a.j.r.Summariser: summary +      5 in 00:00:27 =    0.2/s Avg:   130 Min:    73 Max:   331 Err:     0 (0.00%) Active: 1 Started: 1 Finished: 0
2026-09-28 05:08:00,723 INFO o.a.j.r.Summariser: summary =     36 in 00:03:21 =    0.2/s Avg:   290 Min:    73 Max:  1963 Err:     0 (0.00%)
2026-09-28 05:08:28,794 INFO o.a.j.t.JMeterThread: Thread is done: Estudiantes concurrentes 1-1
2026-09-28 05:08:28,795 INFO o.a.j.t.JMeterThread: Thread finished: Estudiantes concurrentes 1-1
2026-09-28 05:08:28,813 INFO o.a.j.e.StandardJMeterEngine: Notifying test listeners of end of test
2026-09-28 05:08:28,818 INFO o.a.j.s.FileServer: Close: /jmeter/capacity/tokens.csv
2026-09-28 05:08:28,861 INFO o.a.j.r.Summariser: summary +      6 in 00:00:28 =    0.2/s Avg:    85 Min:    75 Max:    95 Err:     0 (0.00%) Active: 0 Started: 1 Finished: 1
2026-09-28 05:08:28,862 INFO o.a.j.r.Summariser: summary =     42 in 00:03:49 =    0.2/s Avg:   260 Min:    73 Max:  1963 Err:     0 (0.00%)
