2026-09-28 05:11:13,961 INFO o.a.j.u.JMeterUtils: Setting Locale to en_EN
2026-09-28 05:11:14,019 INFO o.a.j.JMeter: Loading user properties from: /opt/apache-jmeter-5.5/bin/user.properties
2026-09-28 05:11:14,022 INFO o.a.j.JMeter: Loading system properties from: /opt/apache-jmeter-5.5/bin/system.properties
2026-09-28 05:11:14,023 INFO o.a.j.JMeter: Setting System property: log4j2.formatMsgNoLookups=true
2026-09-28 05:11:14,023 INFO o.a.j.JMeter: Setting JMeter property: users=10
2026-09-28 05:11:14,024 INFO o.a.j.JMeter: Setting JMeter property: ramp=30
2026-09-28 05:11:14,025 INFO o.a.j.JMeter: Setting JMeter property: sessions=3
2026-09-28 05:11:14,025 INFO o.a.j.JMeter: Setting JMeter property: think_ms=4000
2026-09-28 05:11:14,026 INFO o.a.j.JMeter: Setting JMeter property: think_range_ms=2000
2026-09-28 05:11:14,026 INFO o.a.j.JMeter: Setting JMeter property: host=34.24.52.111.sslip.io
2026-09-28 05:11:14,026 INFO o.a.j.JMeter: Setting JMeter property: port=443
2026-09-28 05:11:14,027 INFO o.a.j.JMeter: Setting JMeter property: protocol=https
2026-09-28 05:11:14,027 INFO o.a.j.JMeter: Setting JMeter property: origin=https://34.24.52.111.sslip.io
2026-09-28 05:11:14,028 INFO o.a.j.JMeter: Setting JMeter property: runId=A-nivel10_20260927_221108
2026-09-28 05:11:14,028 INFO o.a.j.JMeter: Setting JMeter property: tokens=/jmeter/capacity/tokens.csv
2026-09-28 05:11:14,044 INFO o.a.j.JMeter: Copyright (c) 1998-2022 The Apache Software Foundation
2026-09-28 05:11:14,045 INFO o.a.j.JMeter: Version 5.5
2026-09-28 05:11:14,046 INFO o.a.j.JMeter: java.version=1.8.0_275
2026-09-28 05:11:14,047 INFO o.a.j.JMeter: java.vm.name=OpenJDK 64-Bit Server VM
2026-09-28 05:11:14,047 INFO o.a.j.JMeter: os.name=Linux
2026-09-28 05:11:14,048 INFO o.a.j.JMeter: os.arch=amd64
2026-09-28 05:11:14,049 INFO o.a.j.JMeter: os.version=5.15.167.4-microsoft-standard-WSL2
2026-09-28 05:11:14,049 INFO o.a.j.JMeter: file.encoding=UTF-8
2026-09-28 05:11:14,049 INFO o.a.j.JMeter: java.awt.headless=true
2026-09-28 05:11:14,050 INFO o.a.j.JMeter: Max memory     =1820327936
2026-09-28 05:11:14,051 INFO o.a.j.JMeter: Available Processors =12
2026-09-28 05:11:14,069 INFO o.a.j.JMeter: Default Locale=English (EN)
2026-09-28 05:11:14,071 INFO o.a.j.JMeter: JMeter  Locale=English (EN)
2026-09-28 05:11:14,071 INFO o.a.j.JMeter: JMeterHome=/opt/apache-jmeter-5.5
2026-09-28 05:11:14,072 INFO o.a.j.JMeter: user.dir  =/opt/apache-jmeter-5.5
2026-09-28 05:11:14,073 INFO o.a.j.JMeter: PWD       =/opt/apache-jmeter-5.5
2026-09-28 05:11:14,074 INFO o.a.j.JMeter: IP: 172.17.0.2 Name: d8fff2449596 FullName: d8fff2449596
2026-09-28 05:11:14,143 INFO o.a.j.s.FileServer: Default base='/opt/apache-jmeter-5.5'
2026-09-28 05:11:14,145 INFO o.a.j.s.FileServer: Set new base='/jmeter'
2026-09-28 05:11:14,487 INFO o.a.j.s.SaveService: Testplan (JMX) version: 2.2. Testlog (JTL) version: 2.2
2026-09-28 05:11:14,535 INFO o.a.j.s.SaveService: Using SaveService properties file encoding UTF-8
2026-09-28 05:11:14,549 INFO o.a.j.s.SaveService: Using SaveService properties version 5.0
2026-09-28 05:11:14,566 INFO o.a.j.s.SaveService: Loading file: /jmeter/escenario1.jmx
2026-09-28 05:11:14,691 INFO o.a.j.p.h.s.HTTPSamplerBase: Parser for text/html is org.apache.jmeter.protocol.http.parser.LagartoBasedHtmlParser
2026-09-28 05:11:14,692 INFO o.a.j.p.h.s.HTTPSamplerBase: Parser for application/xhtml+xml is org.apache.jmeter.protocol.http.parser.LagartoBasedHtmlParser
2026-09-28 05:11:14,693 INFO o.a.j.p.h.s.HTTPSamplerBase: Parser for application/xml is org.apache.jmeter.protocol.http.parser.LagartoBasedHtmlParser
2026-09-28 05:11:14,693 INFO o.a.j.p.h.s.HTTPSamplerBase: Parser for text/xml is org.apache.jmeter.protocol.http.parser.LagartoBasedHtmlParser
2026-09-28 05:11:14,694 INFO o.a.j.p.h.s.HTTPSamplerBase: Parser for text/vnd.wap.wml is org.apache.jmeter.protocol.http.parser.RegexpHTMLParser
2026-09-28 05:11:14,694 INFO o.a.j.p.h.s.HTTPSamplerBase: Parser for text/css is org.apache.jmeter.protocol.http.parser.CssParser
2026-09-28 05:11:15,489 INFO o.a.j.JMeter: Creating summariser <summary>
2026-09-28 05:11:15,517 INFO o.a.j.e.StandardJMeterEngine: Running the test!
2026-09-28 05:11:15,519 INFO o.a.j.s.SampleEvent: List of sample_variables: []
2026-09-28 05:11:15,520 INFO o.a.j.s.SampleEvent: List of sample_variables: []
2026-09-28 05:11:15,543 INFO o.a.j.e.u.CompoundVariable: Note: Function class names must contain the string: '.functions.'
2026-09-28 05:11:15,544 INFO o.a.j.e.u.CompoundVariable: Note: Function class names must not contain the string: '.gui.'
2026-09-28 05:11:16,711 INFO o.a.j.JMeter: Running test (1790565076711)
2026-09-28 05:11:16,850 INFO o.a.j.e.StandardJMeterEngine: Starting ThreadGroup: 1 : Estudiantes concurrentes
2026-09-28 05:11:16,851 INFO o.a.j.e.StandardJMeterEngine: Starting 10 threads for group Estudiantes concurrentes.
2026-09-28 05:11:16,852 INFO o.a.j.e.StandardJMeterEngine: Thread will continue on error
2026-09-28 05:11:16,852 INFO o.a.j.t.ThreadGroup: Starting thread group... number=1 threads=10 ramp-up=30 delayedStart=false
2026-09-28 05:11:16,895 INFO o.a.j.t.JMeterThread: Thread started: Estudiantes concurrentes 1-1
2026-09-28 05:11:16,905 INFO o.a.j.s.FileServer: Stored: /jmeter/capacity/tokens.csv
2026-09-28 05:11:16,914 INFO o.a.j.t.ThreadGroup: Started thread group number 1
2026-09-28 05:11:16,915 INFO o.a.j.e.StandardJMeterEngine: All thread groups have been started
2026-09-28 05:11:19,887 INFO o.a.j.t.JMeterThread: Thread started: Estudiantes concurrentes 1-2
2026-09-28 05:11:22,628 INFO o.a.j.p.h.s.HTTPHCAbstractImpl: Local host = d8fff2449596
2026-09-28 05:11:22,645 INFO o.a.j.p.h.s.HTTPHC4Impl: HTTP request retry count = 0
2026-09-28 05:11:22,648 INFO o.a.j.s.SampleResult: Note: Sample TimeStamps are START times
2026-09-28 05:11:22,649 INFO o.a.j.s.SampleResult: sampleresult.default.encoding is set to ISO-8859-1
2026-09-28 05:11:22,650 INFO o.a.j.s.SampleResult: sampleresult.useNanoTime=true
2026-09-28 05:11:22,650 INFO o.a.j.s.SampleResult: sampleresult.nanoThreadSleep=5000
2026-09-28 05:11:22,881 INFO o.a.j.t.JMeterThread: Thread started: Estudiantes concurrentes 1-3
2026-09-28 05:11:23,002 INFO o.a.j.p.h.s.h.LazyLayeredConnectionSocketFactory: Setting up HTTPS TrustAll Socket Factory
2026-09-28 05:11:23,014 INFO o.a.j.u.JsseSSLManager: Using default SSL protocol: TLS
2026-09-28 05:11:23,014 INFO o.a.j.u.JsseSSLManager: SSL session context: per-thread
2026-09-28 05:11:23,194 INFO o.a.j.u.SSLManager: JmeterKeyStore Location:  type JKS
2026-09-28 05:11:23,201 INFO o.a.j.u.SSLManager: KeyStore created OK
2026-09-28 05:11:23,202 WARN o.a.j.u.SSLManager: Keystore file not found, loading empty keystore
2026-09-28 05:11:25,873 INFO o.a.j.t.JMeterThread: Thread started: Estudiantes concurrentes 1-4
2026-09-28 05:11:28,869 INFO o.a.j.t.JMeterThread: Thread started: Estudiantes concurrentes 1-5
2026-09-28 05:11:30,573 INFO o.a.j.r.Summariser: summary +      5 in 00:00:14 =    0.4/s Avg:   388 Min:    89 Max:  1056 Err:     0 (0.00%) Active: 5 Started: 5 Finished: 0
2026-09-28 05:11:31,867 INFO o.a.j.t.JMeterThread: Thread started: Estudiantes concurrentes 1-6
2026-09-28 05:11:34,869 INFO o.a.j.t.JMeterThread: Thread started: Estudiantes concurrentes 1-7
2026-09-28 05:11:37,866 INFO o.a.j.t.JMeterThread: Thread started: Estudiantes concurrentes 1-8
2026-09-28 05:11:40,859 INFO o.a.j.t.JMeterThread: Thread started: Estudiantes concurrentes 1-9
2026-09-28 05:11:43,861 INFO o.a.j.t.JMeterThread: Thread started: Estudiantes concurrentes 1-10
2026-09-28 05:12:00,344 INFO o.a.j.r.Summariser: summary +     48 in 00:00:30 =    1.6/s Avg:   128 Min:    71 Max:   383 Err:     0 (0.00%) Active: 10 Started: 10 Finished: 0
2026-09-28 05:12:00,345 INFO o.a.j.r.Summariser: summary =     53 in 00:00:44 =    1.2/s Avg:   153 Min:    71 Max:  1056 Err:     0 (0.00%)
2026-09-28 05:12:30,700 INFO o.a.j.r.Summariser: summary +     60 in 00:00:30 =    2.0/s Avg:   110 Min:    75 Max:   371 Err:     0 (0.00%) Active: 10 Started: 10 Finished: 0
2026-09-28 05:12:30,701 INFO o.a.j.r.Summariser: summary =    113 in 00:01:14 =    1.5/s Avg:   130 Min:    71 Max:  1056 Err:     0 (0.00%)
2026-09-28 05:13:00,647 INFO o.a.j.r.Summariser: summary +     59 in 00:00:30 =    2.0/s Avg:   115 Min:    73 Max:   330 Err:     0 (0.00%) Active: 10 Started: 10 Finished: 0
2026-09-28 05:13:00,648 INFO o.a.j.r.Summariser: summary =    172 in 00:01:44 =    1.7/s Avg:   125 Min:    71 Max:  1056 Err:     0 (0.00%)
2026-09-28 05:13:30,617 INFO o.a.j.r.Summariser: summary +     55 in 00:00:30 =    1.8/s Avg:   104 Min:    72 Max:   414 Err:     0 (0.00%) Active: 10 Started: 10 Finished: 0
2026-09-28 05:13:30,618 INFO o.a.j.r.Summariser: summary =    227 in 00:02:14 =    1.7/s Avg:   120 Min:    71 Max:  1056 Err:     0 (0.00%)
2026-09-28 05:14:00,237 INFO o.a.j.r.Summariser: summary +     56 in 00:00:30 =    1.9/s Avg:   171 Min:    68 Max:  1380 Err:     0 (0.00%) Active: 10 Started: 10 Finished: 0
2026-09-28 05:14:00,239 INFO o.a.j.r.Summariser: summary =    283 in 00:02:44 =    1.7/s Avg:   130 Min:    68 Max:  1380 Err:     0 (0.00%)
2026-09-28 05:14:30,048 INFO o.a.j.r.Summariser: summary +     60 in 00:00:30 =    2.0/s Avg:    86 Min:    66 Max:   124 Err:     0 (0.00%) Active: 10 Started: 10 Finished: 0
2026-09-28 05:14:30,049 INFO o.a.j.r.Summariser: summary =    343 in 00:03:13 =    1.8/s Avg:   122 Min:    66 Max:  1380 Err:     0 (0.00%)
2026-09-28 05:14:47,990 INFO o.a.j.t.JMeterThread: Thread is done: Estudiantes concurrentes 1-1
2026-09-28 05:14:47,991 INFO o.a.j.t.JMeterThread: Thread finished: Estudiantes concurrentes 1-1
2026-09-28 05:14:55,704 INFO o.a.j.t.JMeterThread: Thread is done: Estudiantes concurrentes 1-3
2026-09-28 05:14:55,707 INFO o.a.j.t.JMeterThread: Thread finished: Estudiantes concurrentes 1-3
2026-09-28 05:14:58,118 INFO o.a.j.t.JMeterThread: Thread is done: Estudiantes concurrentes 1-2
2026-09-28 05:14:58,118 INFO o.a.j.t.JMeterThread: Thread finished: Estudiantes concurrentes 1-2
2026-09-28 05:14:59,253 INFO o.a.j.t.JMeterThread: Thread is done: Estudiantes concurrentes 1-5
2026-09-28 05:14:59,254 INFO o.a.j.t.JMeterThread: Thread finished: Estudiantes concurrentes 1-5
2026-09-28 05:15:01,097 INFO o.a.j.r.Summariser: summary +     59 in 00:00:31 =    1.9/s Avg:   167 Min:    69 Max:  1339 Err:     0 (0.00%) Active: 6 Started: 10 Finished: 4
2026-09-28 05:15:01,098 INFO o.a.j.r.Summariser: summary =    402 in 00:03:44 =    1.8/s Avg:   129 Min:    66 Max:  1380 Err:     0 (0.00%)
2026-09-28 05:15:02,702 INFO o.a.j.t.JMeterThread: Thread is done: Estudiantes concurrentes 1-4
2026-09-28 05:15:02,702 INFO o.a.j.t.JMeterThread: Thread finished: Estudiantes concurrentes 1-4
2026-09-28 05:15:11,025 INFO o.a.j.t.JMeterThread: Thread is done: Estudiantes concurrentes 1-7
2026-09-28 05:15:11,025 INFO o.a.j.t.JMeterThread: Thread finished: Estudiantes concurrentes 1-7
2026-09-28 05:15:14,371 INFO o.a.j.t.JMeterThread: Thread is done: Estudiantes concurrentes 1-8
2026-09-28 05:15:14,372 INFO o.a.j.t.JMeterThread: Thread finished: Estudiantes concurrentes 1-8
2026-09-28 05:15:16,491 INFO o.a.j.t.JMeterThread: Thread is done: Estudiantes concurrentes 1-6
2026-09-28 05:15:16,492 INFO o.a.j.t.JMeterThread: Thread finished: Estudiantes concurrentes 1-6
2026-09-28 05:15:16,545 INFO o.a.j.t.JMeterThread: Thread is done: Estudiantes concurrentes 1-9
2026-09-28 05:15:16,546 INFO o.a.j.t.JMeterThread: Thread finished: Estudiantes concurrentes 1-9
2026-09-28 05:15:21,515 INFO o.a.j.t.JMeterThread: Thread is done: Estudiantes concurrentes 1-10
2026-09-28 05:15:21,516 INFO o.a.j.t.JMeterThread: Thread finished: Estudiantes concurrentes 1-10
2026-09-28 05:15:21,521 INFO o.a.j.e.StandardJMeterEngine: Notifying test listeners of end of test
2026-09-28 05:15:21,523 INFO o.a.j.s.FileServer: Close: /jmeter/capacity/tokens.csv
2026-09-28 05:15:21,543 INFO o.a.j.r.Summariser: summary +     18 in 00:00:20 =    0.9/s Avg:    93 Min:    72 Max:   109 Err:     0 (0.00%) Active: 0 Started: 10 Finished: 10
2026-09-28 05:15:21,545 INFO o.a.j.r.Summariser: summary =    420 in 00:04:05 =    1.7/s Avg:   127 Min:    66 Max:  1380 Err:     0 (0.00%)
