2026-09-28 05:39:41,808 INFO o.a.j.u.JMeterUtils: Setting Locale to en_EN
2026-09-28 05:39:41,858 INFO o.a.j.JMeter: Loading user properties from: /opt/apache-jmeter-5.5/bin/user.properties
2026-09-28 05:39:41,860 INFO o.a.j.JMeter: Loading system properties from: /opt/apache-jmeter-5.5/bin/system.properties
2026-09-28 05:39:41,862 INFO o.a.j.JMeter: Setting System property: log4j2.formatMsgNoLookups=true
2026-09-28 05:39:41,862 INFO o.a.j.JMeter: Setting JMeter property: users=200
2026-09-28 05:39:41,863 INFO o.a.j.JMeter: Setting JMeter property: ramp=60
2026-09-28 05:39:41,864 INFO o.a.j.JMeter: Setting JMeter property: sessions=3
2026-09-28 05:39:41,865 INFO o.a.j.JMeter: Setting JMeter property: think_ms=4000
2026-09-28 05:39:41,865 INFO o.a.j.JMeter: Setting JMeter property: think_range_ms=2000
2026-09-28 05:39:41,866 INFO o.a.j.JMeter: Setting JMeter property: host=34.24.52.111.sslip.io
2026-09-28 05:39:41,867 INFO o.a.j.JMeter: Setting JMeter property: port=443
2026-09-28 05:39:41,867 INFO o.a.j.JMeter: Setting JMeter property: protocol=https
2026-09-28 05:39:41,867 INFO o.a.j.JMeter: Setting JMeter property: origin=https://34.24.52.111.sslip.io
2026-09-28 05:39:41,868 INFO o.a.j.JMeter: Setting JMeter property: runId=A-nivel200_20260927_223936
2026-09-28 05:39:41,868 INFO o.a.j.JMeter: Setting JMeter property: tokens=/jmeter/capacity/tokens.csv
2026-09-28 05:39:41,886 INFO o.a.j.JMeter: Copyright (c) 1998-2022 The Apache Software Foundation
2026-09-28 05:39:41,886 INFO o.a.j.JMeter: Version 5.5
2026-09-28 05:39:41,887 INFO o.a.j.JMeter: java.version=1.8.0_275
2026-09-28 05:39:41,887 INFO o.a.j.JMeter: java.vm.name=OpenJDK 64-Bit Server VM
2026-09-28 05:39:41,888 INFO o.a.j.JMeter: os.name=Linux
2026-09-28 05:39:41,889 INFO o.a.j.JMeter: os.arch=amd64
2026-09-28 05:39:41,889 INFO o.a.j.JMeter: os.version=5.15.167.4-microsoft-standard-WSL2
2026-09-28 05:39:41,890 INFO o.a.j.JMeter: file.encoding=UTF-8
2026-09-28 05:39:41,891 INFO o.a.j.JMeter: java.awt.headless=true
2026-09-28 05:39:41,891 INFO o.a.j.JMeter: Max memory     =1811939328
2026-09-28 05:39:41,892 INFO o.a.j.JMeter: Available Processors =12
2026-09-28 05:39:41,909 INFO o.a.j.JMeter: Default Locale=English (EN)
2026-09-28 05:39:41,910 INFO o.a.j.JMeter: JMeter  Locale=English (EN)
2026-09-28 05:39:41,911 INFO o.a.j.JMeter: JMeterHome=/opt/apache-jmeter-5.5
2026-09-28 05:39:41,912 INFO o.a.j.JMeter: user.dir  =/opt/apache-jmeter-5.5
2026-09-28 05:39:41,912 INFO o.a.j.JMeter: PWD       =/opt/apache-jmeter-5.5
2026-09-28 05:39:41,913 INFO o.a.j.JMeter: IP: 172.17.0.2 Name: 35a778f2c2ee FullName: 35a778f2c2ee
2026-09-28 05:39:41,976 INFO o.a.j.s.FileServer: Default base='/opt/apache-jmeter-5.5'
2026-09-28 05:39:41,979 INFO o.a.j.s.FileServer: Set new base='/jmeter'
2026-09-28 05:39:42,250 INFO o.a.j.s.SaveService: Testplan (JMX) version: 2.2. Testlog (JTL) version: 2.2
2026-09-28 05:39:42,291 INFO o.a.j.s.SaveService: Using SaveService properties file encoding UTF-8
2026-09-28 05:39:42,303 INFO o.a.j.s.SaveService: Using SaveService properties version 5.0
2026-09-28 05:39:42,317 INFO o.a.j.s.SaveService: Loading file: /jmeter/escenario1.jmx
2026-09-28 05:39:42,439 INFO o.a.j.p.h.s.HTTPSamplerBase: Parser for text/html is org.apache.jmeter.protocol.http.parser.LagartoBasedHtmlParser
2026-09-28 05:39:42,439 INFO o.a.j.p.h.s.HTTPSamplerBase: Parser for application/xhtml+xml is org.apache.jmeter.protocol.http.parser.LagartoBasedHtmlParser
2026-09-28 05:39:42,440 INFO o.a.j.p.h.s.HTTPSamplerBase: Parser for application/xml is org.apache.jmeter.protocol.http.parser.LagartoBasedHtmlParser
2026-09-28 05:39:42,440 INFO o.a.j.p.h.s.HTTPSamplerBase: Parser for text/xml is org.apache.jmeter.protocol.http.parser.LagartoBasedHtmlParser
2026-09-28 05:39:42,441 INFO o.a.j.p.h.s.HTTPSamplerBase: Parser for text/vnd.wap.wml is org.apache.jmeter.protocol.http.parser.RegexpHTMLParser
2026-09-28 05:39:42,441 INFO o.a.j.p.h.s.HTTPSamplerBase: Parser for text/css is org.apache.jmeter.protocol.http.parser.CssParser
2026-09-28 05:39:43,243 INFO o.a.j.JMeter: Creating summariser <summary>
2026-09-28 05:39:43,275 INFO o.a.j.e.StandardJMeterEngine: Running the test!
2026-09-28 05:39:43,277 INFO o.a.j.s.SampleEvent: List of sample_variables: []
2026-09-28 05:39:43,278 INFO o.a.j.s.SampleEvent: List of sample_variables: []
2026-09-28 05:39:43,292 INFO o.a.j.e.u.CompoundVariable: Note: Function class names must contain the string: '.functions.'
2026-09-28 05:39:43,293 INFO o.a.j.e.u.CompoundVariable: Note: Function class names must not contain the string: '.gui.'
2026-09-28 05:39:44,416 INFO o.a.j.JMeter: Running test (1790566784416)
2026-09-28 05:39:44,548 INFO o.a.j.e.StandardJMeterEngine: Starting ThreadGroup: 1 : Estudiantes concurrentes
2026-09-28 05:39:44,549 INFO o.a.j.e.StandardJMeterEngine: Starting 200 threads for group Estudiantes concurrentes.
2026-09-28 05:39:44,550 INFO o.a.j.e.StandardJMeterEngine: Thread will continue on error
2026-09-28 05:39:44,551 INFO o.a.j.t.ThreadGroup: Starting thread group... number=1 threads=200 ramp-up=60 delayedStart=false
2026-09-28 05:39:44,661 INFO o.a.j.t.JMeterThread: Thread started: Estudiantes concurrentes 1-1
2026-09-28 05:39:44,686 INFO o.a.j.s.FileServer: Stored: /jmeter/capacity/tokens.csv
2026-09-28 05:39:44,946 INFO o.a.j.t.JMeterThread: Thread started: Estudiantes concurrentes 1-2
2026-09-28 05:39:45,243 INFO o.a.j.t.JMeterThread: Thread started: Estudiantes concurrentes 1-3
2026-09-28 05:39:45,373 INFO o.a.j.t.ThreadGroup: Started thread group number 1
2026-09-28 05:39:45,373 INFO o.a.j.e.StandardJMeterEngine: All thread groups have been started
2026-09-28 05:39:45,514 INFO o.a.j.t.JMeterThread: Thread started: Estudiantes concurrentes 1-4
2026-09-28 05:39:45,806 INFO o.a.j.t.JMeterThread: Thread started: Estudiantes concurrentes 1-5
2026-09-28 05:39:46,093 INFO o.a.j.t.JMeterThread: Thread started: Estudiantes concurrentes 1-6
2026-09-28 05:39:46,411 INFO o.a.j.t.JMeterThread: Thread started: Estudiantes concurrentes 1-7
2026-09-28 05:39:46,679 INFO o.a.j.t.JMeterThread: Thread started: Estudiantes concurrentes 1-8
2026-09-28 05:39:46,985 INFO o.a.j.t.JMeterThread: Thread started: Estudiantes concurrentes 1-9
2026-09-28 05:39:47,261 INFO o.a.j.t.JMeterThread: Thread started: Estudiantes concurrentes 1-10
2026-09-28 05:39:47,560 INFO o.a.j.t.JMeterThread: Thread started: Estudiantes concurrentes 1-11
2026-09-28 05:39:47,865 INFO o.a.j.t.JMeterThread: Thread started: Estudiantes concurrentes 1-12
2026-09-28 05:39:48,158 INFO o.a.j.t.JMeterThread: Thread started: Estudiantes concurrentes 1-13
2026-09-28 05:39:48,463 INFO o.a.j.t.JMeterThread: Thread started: Estudiantes concurrentes 1-14
2026-09-28 05:39:48,759 INFO o.a.j.t.JMeterThread: Thread started: Estudiantes concurrentes 1-15
2026-09-28 05:39:49,083 INFO o.a.j.t.JMeterThread: Thread started: Estudiantes concurrentes 1-16
2026-09-28 05:39:49,385 INFO o.a.j.t.JMeterThread: Thread started: Estudiantes concurrentes 1-17
2026-09-28 05:39:49,681 INFO o.a.j.t.JMeterThread: Thread started: Estudiantes concurrentes 1-18
2026-09-28 05:39:49,979 INFO o.a.j.t.JMeterThread: Thread started: Estudiantes concurrentes 1-19
2026-09-28 05:39:50,275 INFO o.a.j.t.JMeterThread: Thread started: Estudiantes concurrentes 1-20
2026-09-28 05:39:50,570 INFO o.a.j.t.JMeterThread: Thread started: Estudiantes concurrentes 1-21
2026-09-28 05:39:50,872 INFO o.a.j.t.JMeterThread: Thread started: Estudiantes concurrentes 1-22
2026-09-28 05:39:50,879 INFO o.a.j.p.h.s.HTTPHCAbstractImpl: Local host = 35a778f2c2ee
2026-09-28 05:39:50,894 INFO o.a.j.p.h.s.HTTPHC4Impl: HTTP request retry count = 0
2026-09-28 05:39:50,898 INFO o.a.j.s.SampleResult: Note: Sample TimeStamps are START times
2026-09-28 05:39:50,899 INFO o.a.j.s.SampleResult: sampleresult.default.encoding is set to ISO-8859-1
2026-09-28 05:39:50,900 INFO o.a.j.s.SampleResult: sampleresult.useNanoTime=true
2026-09-28 05:39:50,900 INFO o.a.j.s.SampleResult: sampleresult.nanoThreadSleep=5000
2026-09-28 05:39:51,162 INFO o.a.j.t.JMeterThread: Thread started: Estudiantes concurrentes 1-23
2026-09-28 05:39:51,464 INFO o.a.j.t.JMeterThread: Thread started: Estudiantes concurrentes 1-24
2026-09-28 05:39:51,473 INFO o.a.j.p.h.s.h.LazyLayeredConnectionSocketFactory: Setting up HTTPS TrustAll Socket Factory
2026-09-28 05:39:51,487 INFO o.a.j.u.JsseSSLManager: Using default SSL protocol: TLS
2026-09-28 05:39:51,488 INFO o.a.j.u.JsseSSLManager: SSL session context: per-thread
2026-09-28 05:39:51,685 INFO o.a.j.u.SSLManager: JmeterKeyStore Location:  type JKS
2026-09-28 05:39:51,694 INFO o.a.j.u.SSLManager: KeyStore created OK
2026-09-28 05:39:51,694 WARN o.a.j.u.SSLManager: Keystore file not found, loading empty keystore
2026-09-28 05:39:51,765 INFO o.a.j.t.JMeterThread: Thread started: Estudiantes concurrentes 1-25
2026-09-28 05:39:52,060 INFO o.a.j.t.JMeterThread: Thread started: Estudiantes concurrentes 1-26
2026-09-28 05:39:52,361 INFO o.a.j.t.JMeterThread: Thread started: Estudiantes concurrentes 1-27
2026-09-28 05:39:52,671 INFO o.a.j.t.JMeterThread: Thread started: Estudiantes concurrentes 1-28
2026-09-28 05:39:52,961 INFO o.a.j.t.JMeterThread: Thread started: Estudiantes concurrentes 1-29
2026-09-28 05:39:53,259 INFO o.a.j.t.JMeterThread: Thread started: Estudiantes concurrentes 1-30
2026-09-28 05:39:53,563 INFO o.a.j.t.JMeterThread: Thread started: Estudiantes concurrentes 1-31
2026-09-28 05:39:53,857 INFO o.a.j.t.JMeterThread: Thread started: Estudiantes concurrentes 1-32
2026-09-28 05:39:54,156 INFO o.a.j.t.JMeterThread: Thread started: Estudiantes concurrentes 1-33
2026-09-28 05:39:54,461 INFO o.a.j.t.JMeterThread: Thread started: Estudiantes concurrentes 1-34
2026-09-28 05:39:54,762 INFO o.a.j.t.JMeterThread: Thread started: Estudiantes concurrentes 1-35
2026-09-28 05:39:55,060 INFO o.a.j.t.JMeterThread: Thread started: Estudiantes concurrentes 1-36
2026-09-28 05:39:55,358 INFO o.a.j.t.JMeterThread: Thread started: Estudiantes concurrentes 1-37
2026-09-28 05:39:55,661 INFO o.a.j.t.JMeterThread: Thread started: Estudiantes concurrentes 1-38
2026-09-28 05:39:55,967 INFO o.a.j.t.JMeterThread: Thread started: Estudiantes concurrentes 1-39
2026-09-28 05:39:56,263 INFO o.a.j.t.JMeterThread: Thread started: Estudiantes concurrentes 1-40
2026-09-28 05:39:56,565 INFO o.a.j.t.JMeterThread: Thread started: Estudiantes concurrentes 1-41
2026-09-28 05:39:56,867 INFO o.a.j.t.JMeterThread: Thread started: Estudiantes concurrentes 1-42
2026-09-28 05:39:57,162 INFO o.a.j.t.JMeterThread: Thread started: Estudiantes concurrentes 1-43
2026-09-28 05:39:57,459 INFO o.a.j.t.JMeterThread: Thread started: Estudiantes concurrentes 1-44
2026-09-28 05:39:57,759 INFO o.a.j.t.JMeterThread: Thread started: Estudiantes concurrentes 1-45
2026-09-28 05:39:58,069 INFO o.a.j.t.JMeterThread: Thread started: Estudiantes concurrentes 1-46
2026-09-28 05:39:58,364 INFO o.a.j.t.JMeterThread: Thread started: Estudiantes concurrentes 1-47
2026-09-28 05:39:58,663 INFO o.a.j.t.JMeterThread: Thread started: Estudiantes concurrentes 1-48
2026-09-28 05:39:58,956 INFO o.a.j.t.JMeterThread: Thread started: Estudiantes concurrentes 1-49
2026-09-28 05:39:59,257 INFO o.a.j.t.JMeterThread: Thread started: Estudiantes concurrentes 1-50
2026-09-28 05:39:59,558 INFO o.a.j.t.JMeterThread: Thread started: Estudiantes concurrentes 1-51
2026-09-28 05:39:59,858 INFO o.a.j.t.JMeterThread: Thread started: Estudiantes concurrentes 1-52
2026-09-28 05:40:00,058 INFO o.a.j.r.Summariser: summary +     53 in 00:00:16 =    3.4/s Avg:   330 Min:    69 Max:  1445 Err:     0 (0.00%) Active: 52 Started: 52 Finished: 0
2026-09-28 05:40:00,158 INFO o.a.j.t.JMeterThread: Thread started: Estudiantes concurrentes 1-53
2026-09-28 05:40:00,457 INFO o.a.j.t.JMeterThread: Thread started: Estudiantes concurrentes 1-54
2026-09-28 05:40:00,822 INFO o.a.j.t.JMeterThread: Thread started: Estudiantes concurrentes 1-55
2026-09-28 05:40:01,057 INFO o.a.j.t.JMeterThread: Thread started: Estudiantes concurrentes 1-56
2026-09-28 05:40:01,374 INFO o.a.j.t.JMeterThread: Thread started: Estudiantes concurrentes 1-57
2026-09-28 05:40:01,663 INFO o.a.j.t.JMeterThread: Thread started: Estudiantes concurrentes 1-58
2026-09-28 05:40:01,960 INFO o.a.j.t.JMeterThread: Thread started: Estudiantes concurrentes 1-59
2026-09-28 05:40:02,257 INFO o.a.j.t.JMeterThread: Thread started: Estudiantes concurrentes 1-60
2026-09-28 05:40:02,557 INFO o.a.j.t.JMeterThread: Thread started: Estudiantes concurrentes 1-61
2026-09-28 05:40:02,859 INFO o.a.j.t.JMeterThread: Thread started: Estudiantes concurrentes 1-62
2026-09-28 05:40:03,158 INFO o.a.j.t.JMeterThread: Thread started: Estudiantes concurrentes 1-63
2026-09-28 05:40:03,455 INFO o.a.j.t.JMeterThread: Thread started: Estudiantes concurrentes 1-64
2026-09-28 05:40:03,756 INFO o.a.j.t.JMeterThread: Thread started: Estudiantes concurrentes 1-65
2026-09-28 05:40:04,058 INFO o.a.j.t.JMeterThread: Thread started: Estudiantes concurrentes 1-66
2026-09-28 05:40:04,356 INFO o.a.j.t.JMeterThread: Thread started: Estudiantes concurrentes 1-67
2026-09-28 05:40:04,657 INFO o.a.j.t.JMeterThread: Thread started: Estudiantes concurrentes 1-68
2026-09-28 05:40:04,957 INFO o.a.j.t.JMeterThread: Thread started: Estudiantes concurrentes 1-69
2026-09-28 05:40:05,259 INFO o.a.j.t.JMeterThread: Thread started: Estudiantes concurrentes 1-70
2026-09-28 05:40:05,560 INFO o.a.j.t.JMeterThread: Thread started: Estudiantes concurrentes 1-71
2026-09-28 05:40:05,859 INFO o.a.j.t.JMeterThread: Thread started: Estudiantes concurrentes 1-72
2026-09-28 05:40:06,156 INFO o.a.j.t.JMeterThread: Thread started: Estudiantes concurrentes 1-73
2026-09-28 05:40:06,457 INFO o.a.j.t.JMeterThread: Thread started: Estudiantes concurrentes 1-74
2026-09-28 05:40:06,756 INFO o.a.j.t.JMeterThread: Thread started: Estudiantes concurrentes 1-75
2026-09-28 05:40:07,058 INFO o.a.j.t.JMeterThread: Thread started: Estudiantes concurrentes 1-76
2026-09-28 05:40:07,359 INFO o.a.j.t.JMeterThread: Thread started: Estudiantes concurrentes 1-77
2026-09-28 05:40:07,661 INFO o.a.j.t.JMeterThread: Thread started: Estudiantes concurrentes 1-78
2026-09-28 05:40:07,961 INFO o.a.j.t.JMeterThread: Thread started: Estudiantes concurrentes 1-79
2026-09-28 05:40:08,257 INFO o.a.j.t.JMeterThread: Thread started: Estudiantes concurrentes 1-80
2026-09-28 05:40:08,576 INFO o.a.j.t.JMeterThread: Thread started: Estudiantes concurrentes 1-81
2026-09-28 05:40:08,874 INFO o.a.j.t.JMeterThread: Thread started: Estudiantes concurrentes 1-82
2026-09-28 05:40:09,175 INFO o.a.j.t.JMeterThread: Thread started: Estudiantes concurrentes 1-83
2026-09-28 05:40:09,457 INFO o.a.j.t.JMeterThread: Thread started: Estudiantes concurrentes 1-84
2026-09-28 05:40:09,761 INFO o.a.j.t.JMeterThread: Thread started: Estudiantes concurrentes 1-85
2026-09-28 05:40:10,059 INFO o.a.j.t.JMeterThread: Thread started: Estudiantes concurrentes 1-86
2026-09-28 05:40:10,356 INFO o.a.j.t.JMeterThread: Thread started: Estudiantes concurrentes 1-87
2026-09-28 05:40:10,657 INFO o.a.j.t.JMeterThread: Thread started: Estudiantes concurrentes 1-88
2026-09-28 05:40:10,968 INFO o.a.j.t.JMeterThread: Thread started: Estudiantes concurrentes 1-89
2026-09-28 05:40:11,261 INFO o.a.j.t.JMeterThread: Thread started: Estudiantes concurrentes 1-90
2026-09-28 05:40:11,566 INFO o.a.j.t.JMeterThread: Thread started: Estudiantes concurrentes 1-91
2026-09-28 05:40:11,858 INFO o.a.j.t.JMeterThread: Thread started: Estudiantes concurrentes 1-92
2026-09-28 05:40:12,163 INFO o.a.j.t.JMeterThread: Thread started: Estudiantes concurrentes 1-93
2026-09-28 05:40:12,458 INFO o.a.j.t.JMeterThread: Thread started: Estudiantes concurrentes 1-94
2026-09-28 05:40:12,760 INFO o.a.j.t.JMeterThread: Thread started: Estudiantes concurrentes 1-95
2026-09-28 05:40:13,058 INFO o.a.j.t.JMeterThread: Thread started: Estudiantes concurrentes 1-96
2026-09-28 05:40:13,356 INFO o.a.j.t.JMeterThread: Thread started: Estudiantes concurrentes 1-97
2026-09-28 05:40:13,658 INFO o.a.j.t.JMeterThread: Thread started: Estudiantes concurrentes 1-98
2026-09-28 05:40:13,957 INFO o.a.j.t.JMeterThread: Thread started: Estudiantes concurrentes 1-99
2026-09-28 05:40:14,258 INFO o.a.j.t.JMeterThread: Thread started: Estudiantes concurrentes 1-100
2026-09-28 05:40:14,559 INFO o.a.j.t.JMeterThread: Thread started: Estudiantes concurrentes 1-101
2026-09-28 05:40:14,859 INFO o.a.j.t.JMeterThread: Thread started: Estudiantes concurrentes 1-102
2026-09-28 05:40:15,157 INFO o.a.j.t.JMeterThread: Thread started: Estudiantes concurrentes 1-103
2026-09-28 05:40:15,458 INFO o.a.j.t.JMeterThread: Thread started: Estudiantes concurrentes 1-104
2026-09-28 05:40:15,755 INFO o.a.j.t.JMeterThread: Thread started: Estudiantes concurrentes 1-105
2026-09-28 05:40:16,057 INFO o.a.j.t.JMeterThread: Thread started: Estudiantes concurrentes 1-106
2026-09-28 05:40:16,356 INFO o.a.j.t.JMeterThread: Thread started: Estudiantes concurrentes 1-107
2026-09-28 05:40:16,656 INFO o.a.j.t.JMeterThread: Thread started: Estudiantes concurrentes 1-108
2026-09-28 05:40:17,147 INFO o.a.j.t.JMeterThread: Thread started: Estudiantes concurrentes 1-109
2026-09-28 05:40:17,258 INFO o.a.j.t.JMeterThread: Thread started: Estudiantes concurrentes 1-110
2026-09-28 05:40:17,559 INFO o.a.j.t.JMeterThread: Thread started: Estudiantes concurrentes 1-111
2026-09-28 05:40:17,855 INFO o.a.j.t.JMeterThread: Thread started: Estudiantes concurrentes 1-112
2026-09-28 05:40:18,157 INFO o.a.j.t.JMeterThread: Thread started: Estudiantes concurrentes 1-113
2026-09-28 05:40:18,457 INFO o.a.j.t.JMeterThread: Thread started: Estudiantes concurrentes 1-114
2026-09-28 05:40:18,755 INFO o.a.j.t.JMeterThread: Thread started: Estudiantes concurrentes 1-115
2026-09-28 05:40:19,058 INFO o.a.j.t.JMeterThread: Thread started: Estudiantes concurrentes 1-116
2026-09-28 05:40:19,358 INFO o.a.j.t.JMeterThread: Thread started: Estudiantes concurrentes 1-117
2026-09-28 05:40:19,658 INFO o.a.j.t.JMeterThread: Thread started: Estudiantes concurrentes 1-118
2026-09-28 05:40:19,957 INFO o.a.j.t.JMeterThread: Thread started: Estudiantes concurrentes 1-119
2026-09-28 05:40:20,257 INFO o.a.j.t.JMeterThread: Thread started: Estudiantes concurrentes 1-120
2026-09-28 05:40:20,558 INFO o.a.j.t.JMeterThread: Thread started: Estudiantes concurrentes 1-121
2026-09-28 05:40:20,858 INFO o.a.j.t.JMeterThread: Thread started: Estudiantes concurrentes 1-122
2026-09-28 05:40:21,159 INFO o.a.j.t.JMeterThread: Thread started: Estudiantes concurrentes 1-123
2026-09-28 05:40:21,459 INFO o.a.j.t.JMeterThread: Thread started: Estudiantes concurrentes 1-124
2026-09-28 05:40:21,760 INFO o.a.j.t.JMeterThread: Thread started: Estudiantes concurrentes 1-125
2026-09-28 05:40:22,058 INFO o.a.j.t.JMeterThread: Thread started: Estudiantes concurrentes 1-126
2026-09-28 05:40:22,357 INFO o.a.j.t.JMeterThread: Thread started: Estudiantes concurrentes 1-127
2026-09-28 05:40:22,657 INFO o.a.j.t.JMeterThread: Thread started: Estudiantes concurrentes 1-128
2026-09-28 05:40:22,960 INFO o.a.j.t.JMeterThread: Thread started: Estudiantes concurrentes 1-129
2026-09-28 05:40:23,258 INFO o.a.j.t.JMeterThread: Thread started: Estudiantes concurrentes 1-130
2026-09-28 05:40:23,559 INFO o.a.j.t.JMeterThread: Thread started: Estudiantes concurrentes 1-131
2026-09-28 05:40:23,856 INFO o.a.j.t.JMeterThread: Thread started: Estudiantes concurrentes 1-132
2026-09-28 05:40:24,158 INFO o.a.j.t.JMeterThread: Thread started: Estudiantes concurrentes 1-133
2026-09-28 05:40:24,457 INFO o.a.j.t.JMeterThread: Thread started: Estudiantes concurrentes 1-134
2026-09-28 05:40:24,758 INFO o.a.j.t.JMeterThread: Thread started: Estudiantes concurrentes 1-135
2026-09-28 05:40:25,059 INFO o.a.j.t.JMeterThread: Thread started: Estudiantes concurrentes 1-136
2026-09-28 05:40:25,359 INFO o.a.j.t.JMeterThread: Thread started: Estudiantes concurrentes 1-137
2026-09-28 05:40:25,657 INFO o.a.j.t.JMeterThread: Thread started: Estudiantes concurrentes 1-138
2026-09-28 05:40:25,956 INFO o.a.j.t.JMeterThread: Thread started: Estudiantes concurrentes 1-139
2026-09-28 05:40:26,266 INFO o.a.j.t.JMeterThread: Thread started: Estudiantes concurrentes 1-140
2026-09-28 05:40:26,564 INFO o.a.j.t.JMeterThread: Thread started: Estudiantes concurrentes 1-141
2026-09-28 05:40:26,866 INFO o.a.j.t.JMeterThread: Thread started: Estudiantes concurrentes 1-142
2026-09-28 05:40:27,160 INFO o.a.j.t.JMeterThread: Thread started: Estudiantes concurrentes 1-143
2026-09-28 05:40:27,464 INFO o.a.j.t.JMeterThread: Thread started: Estudiantes concurrentes 1-144
2026-09-28 05:40:27,764 INFO o.a.j.t.JMeterThread: Thread started: Estudiantes concurrentes 1-145
2026-09-28 05:40:28,058 INFO o.a.j.t.JMeterThread: Thread started: Estudiantes concurrentes 1-146
2026-09-28 05:40:28,361 INFO o.a.j.t.JMeterThread: Thread started: Estudiantes concurrentes 1-147
2026-09-28 05:40:28,659 INFO o.a.j.t.JMeterThread: Thread started: Estudiantes concurrentes 1-148
2026-09-28 05:40:28,974 INFO o.a.j.t.JMeterThread: Thread started: Estudiantes concurrentes 1-149
2026-09-28 05:40:29,267 INFO o.a.j.t.JMeterThread: Thread started: Estudiantes concurrentes 1-150
2026-09-28 05:40:29,566 INFO o.a.j.t.JMeterThread: Thread started: Estudiantes concurrentes 1-151
2026-09-28 05:40:29,857 INFO o.a.j.t.JMeterThread: Thread started: Estudiantes concurrentes 1-152
2026-09-28 05:40:30,024 INFO o.a.j.r.Summariser: summary +    541 in 00:00:30 =   18.1/s Avg:   139 Min:    67 Max:  1008 Err:     0 (0.00%) Active: 152 Started: 152 Finished: 0
2026-09-28 05:40:30,025 INFO o.a.j.r.Summariser: summary =    594 in 00:00:46 =   13.0/s Avg:   156 Min:    67 Max:  1445 Err:     0 (0.00%)
2026-09-28 05:40:30,164 INFO o.a.j.t.JMeterThread: Thread started: Estudiantes concurrentes 1-153
2026-09-28 05:40:30,470 INFO o.a.j.t.JMeterThread: Thread started: Estudiantes concurrentes 1-154
2026-09-28 05:40:30,763 INFO o.a.j.t.JMeterThread: Thread started: Estudiantes concurrentes 1-155
2026-09-28 05:40:31,074 INFO o.a.j.t.JMeterThread: Thread started: Estudiantes concurrentes 1-156
2026-09-28 05:40:31,373 INFO o.a.j.t.JMeterThread: Thread started: Estudiantes concurrentes 1-157
2026-09-28 05:40:31,664 INFO o.a.j.t.JMeterThread: Thread started: Estudiantes concurrentes 1-158
2026-09-28 05:40:31,970 INFO o.a.j.t.JMeterThread: Thread started: Estudiantes concurrentes 1-159
2026-09-28 05:40:32,267 INFO o.a.j.t.JMeterThread: Thread started: Estudiantes concurrentes 1-160
2026-09-28 05:40:32,559 INFO o.a.j.t.JMeterThread: Thread started: Estudiantes concurrentes 1-161
2026-09-28 05:40:32,859 INFO o.a.j.t.JMeterThread: Thread started: Estudiantes concurrentes 1-162
2026-09-28 05:40:33,161 INFO o.a.j.t.JMeterThread: Thread started: Estudiantes concurrentes 1-163
2026-09-28 05:40:33,458 INFO o.a.j.t.JMeterThread: Thread started: Estudiantes concurrentes 1-164
2026-09-28 05:40:33,758 INFO o.a.j.t.JMeterThread: Thread started: Estudiantes concurrentes 1-165
2026-09-28 05:40:34,056 INFO o.a.j.t.JMeterThread: Thread started: Estudiantes concurrentes 1-166
2026-09-28 05:40:34,360 INFO o.a.j.t.JMeterThread: Thread started: Estudiantes concurrentes 1-167
2026-09-28 05:40:34,658 INFO o.a.j.t.JMeterThread: Thread started: Estudiantes concurrentes 1-168
2026-09-28 05:40:34,958 INFO o.a.j.t.JMeterThread: Thread started: Estudiantes concurrentes 1-169
2026-09-28 05:40:35,257 INFO o.a.j.t.JMeterThread: Thread started: Estudiantes concurrentes 1-170
2026-09-28 05:40:35,558 INFO o.a.j.t.JMeterThread: Thread started: Estudiantes concurrentes 1-171
2026-09-28 05:40:35,857 INFO o.a.j.t.JMeterThread: Thread started: Estudiantes concurrentes 1-172
2026-09-28 05:40:36,161 INFO o.a.j.t.JMeterThread: Thread started: Estudiantes concurrentes 1-173
2026-09-28 05:40:36,457 INFO o.a.j.t.JMeterThread: Thread started: Estudiantes concurrentes 1-174
2026-09-28 05:40:36,762 INFO o.a.j.t.JMeterThread: Thread started: Estudiantes concurrentes 1-175
2026-09-28 05:40:37,058 INFO o.a.j.t.JMeterThread: Thread started: Estudiantes concurrentes 1-176
2026-09-28 05:40:37,359 INFO o.a.j.t.JMeterThread: Thread started: Estudiantes concurrentes 1-177
2026-09-28 05:40:37,663 INFO o.a.j.t.JMeterThread: Thread started: Estudiantes concurrentes 1-178
2026-09-28 05:40:37,960 INFO o.a.j.t.JMeterThread: Thread started: Estudiantes concurrentes 1-179
2026-09-28 05:40:38,260 INFO o.a.j.t.JMeterThread: Thread started: Estudiantes concurrentes 1-180
2026-09-28 05:40:38,561 INFO o.a.j.t.JMeterThread: Thread started: Estudiantes concurrentes 1-181
2026-09-28 05:40:38,860 INFO o.a.j.t.JMeterThread: Thread started: Estudiantes concurrentes 1-182
2026-09-28 05:40:39,166 INFO o.a.j.t.JMeterThread: Thread started: Estudiantes concurrentes 1-183
2026-09-28 05:40:39,463 INFO o.a.j.t.JMeterThread: Thread started: Estudiantes concurrentes 1-184
2026-09-28 05:40:39,764 INFO o.a.j.t.JMeterThread: Thread started: Estudiantes concurrentes 1-185
2026-09-28 05:40:40,067 INFO o.a.j.t.JMeterThread: Thread started: Estudiantes concurrentes 1-186
2026-09-28 05:40:40,361 INFO o.a.j.t.JMeterThread: Thread started: Estudiantes concurrentes 1-187
2026-09-28 05:40:40,660 INFO o.a.j.t.JMeterThread: Thread started: Estudiantes concurrentes 1-188
2026-09-28 05:40:40,964 INFO o.a.j.t.JMeterThread: Thread started: Estudiantes concurrentes 1-189
2026-09-28 05:40:41,259 INFO o.a.j.t.JMeterThread: Thread started: Estudiantes concurrentes 1-190
2026-09-28 05:40:41,560 INFO o.a.j.t.JMeterThread: Thread started: Estudiantes concurrentes 1-191
2026-09-28 05:40:41,864 INFO o.a.j.t.JMeterThread: Thread started: Estudiantes concurrentes 1-192
2026-09-28 05:40:42,161 INFO o.a.j.t.JMeterThread: Thread started: Estudiantes concurrentes 1-193
2026-09-28 05:40:42,460 INFO o.a.j.t.JMeterThread: Thread started: Estudiantes concurrentes 1-194
2026-09-28 05:40:42,769 INFO o.a.j.t.JMeterThread: Thread started: Estudiantes concurrentes 1-195
2026-09-28 05:40:43,073 INFO o.a.j.t.JMeterThread: Thread started: Estudiantes concurrentes 1-196
2026-09-28 05:40:43,358 INFO o.a.j.t.JMeterThread: Thread started: Estudiantes concurrentes 1-197
2026-09-28 05:40:43,663 INFO o.a.j.t.JMeterThread: Thread started: Estudiantes concurrentes 1-198
2026-09-28 05:40:43,961 INFO o.a.j.t.JMeterThread: Thread started: Estudiantes concurrentes 1-199
2026-09-28 05:40:44,261 INFO o.a.j.t.JMeterThread: Thread started: Estudiantes concurrentes 1-200
2026-09-28 05:41:00,033 INFO o.a.j.r.Summariser: summary +   1093 in 00:00:30 =   36.4/s Avg:   111 Min:    66 Max:   392 Err:     0 (0.00%) Active: 200 Started: 200 Finished: 0
2026-09-28 05:41:00,034 INFO o.a.j.r.Summariser: summary =   1687 in 00:01:16 =   22.3/s Avg:   127 Min:    66 Max:  1445 Err:     0 (0.00%)
2026-09-28 05:41:30,002 INFO o.a.j.r.Summariser: summary +   1177 in 00:00:30 =   39.3/s Avg:   129 Min:    66 Max:  1404 Err:     0 (0.00%) Active: 200 Started: 200 Finished: 0
2026-09-28 05:41:30,003 INFO o.a.j.r.Summariser: summary =   2864 in 00:01:46 =   27.1/s Avg:   128 Min:    66 Max:  1445 Err:     0 (0.00%)
2026-09-28 05:42:00,018 INFO o.a.j.r.Summariser: summary +   1158 in 00:00:30 =   38.6/s Avg:   169 Min:    64 Max:  3880 Err:     0 (0.00%) Active: 200 Started: 200 Finished: 0
2026-09-28 05:42:00,019 INFO o.a.j.r.Summariser: summary =   4022 in 00:02:16 =   29.7/s Avg:   140 Min:    64 Max:  3880 Err:     0 (0.00%)
2026-09-28 05:42:30,054 INFO o.a.j.r.Summariser: summary +   1163 in 00:00:30 =   38.7/s Avg:   133 Min:    68 Max:  1398 Err:     0 (0.00%) Active: 200 Started: 200 Finished: 0
2026-09-28 05:42:30,055 INFO o.a.j.r.Summariser: summary =   5185 in 00:02:46 =   31.3/s Avg:   138 Min:    64 Max:  3880 Err:     0 (0.00%)
2026-09-28 05:43:00,083 INFO o.a.j.r.Summariser: summary +   1163 in 00:00:30 =   38.7/s Avg:   133 Min:    64 Max:  1581 Err:     0 (0.00%) Active: 200 Started: 200 Finished: 0
2026-09-28 05:43:00,087 INFO o.a.j.r.Summariser: summary =   6348 in 00:03:16 =   32.4/s Avg:   137 Min:    64 Max:  3880 Err:     0 (0.00%)
2026-09-28 05:43:15,704 INFO o.a.j.t.JMeterThread: Thread is done: Estudiantes concurrentes 1-7
2026-09-28 05:43:15,705 INFO o.a.j.t.JMeterThread: Thread finished: Estudiantes concurrentes 1-7
2026-09-28 05:43:16,425 INFO o.a.j.t.JMeterThread: Thread is done: Estudiantes concurrentes 1-18
2026-09-28 05:43:16,426 INFO o.a.j.t.JMeterThread: Thread finished: Estudiantes concurrentes 1-18
2026-09-28 05:43:17,402 INFO o.a.j.t.JMeterThread: Thread is done: Estudiantes concurrentes 1-5
2026-09-28 05:43:17,403 INFO o.a.j.t.JMeterThread: Thread finished: Estudiantes concurrentes 1-5
2026-09-28 05:43:19,294 INFO o.a.j.t.JMeterThread: Thread is done: Estudiantes concurrentes 1-27
2026-09-28 05:43:19,295 INFO o.a.j.t.JMeterThread: Thread finished: Estudiantes concurrentes 1-27
2026-09-28 05:43:19,342 INFO o.a.j.t.JMeterThread: Thread is done: Estudiantes concurrentes 1-22
2026-09-28 05:43:19,343 INFO o.a.j.t.JMeterThread: Thread finished: Estudiantes concurrentes 1-22
2026-09-28 05:43:20,302 INFO o.a.j.t.JMeterThread: Thread is done: Estudiantes concurrentes 1-29
2026-09-28 05:43:20,303 INFO o.a.j.t.JMeterThread: Thread finished: Estudiantes concurrentes 1-29
2026-09-28 05:43:20,977 INFO o.a.j.t.JMeterThread: Thread is done: Estudiantes concurrentes 1-1
2026-09-28 05:43:20,978 INFO o.a.j.t.JMeterThread: Thread finished: Estudiantes concurrentes 1-1
2026-09-28 05:43:21,670 INFO o.a.j.t.JMeterThread: Thread is done: Estudiantes concurrentes 1-23
2026-09-28 05:43:21,670 INFO o.a.j.t.JMeterThread: Thread finished: Estudiantes concurrentes 1-23
2026-09-28 05:43:21,854 INFO o.a.j.t.JMeterThread: Thread is done: Estudiantes concurrentes 1-4
2026-09-28 05:43:21,855 INFO o.a.j.t.JMeterThread: Thread finished: Estudiantes concurrentes 1-4
2026-09-28 05:43:22,390 INFO o.a.j.t.JMeterThread: Thread is done: Estudiantes concurrentes 1-14
2026-09-28 05:43:22,391 INFO o.a.j.t.JMeterThread: Thread finished: Estudiantes concurrentes 1-14
2026-09-28 05:43:22,567 INFO o.a.j.t.JMeterThread: Thread is done: Estudiantes concurrentes 1-6
2026-09-28 05:43:22,567 INFO o.a.j.t.JMeterThread: Thread finished: Estudiantes concurrentes 1-6
2026-09-28 05:43:23,672 INFO o.a.j.t.JMeterThread: Thread is done: Estudiantes concurrentes 1-19
2026-09-28 05:43:23,673 INFO o.a.j.t.JMeterThread: Thread finished: Estudiantes concurrentes 1-19
2026-09-28 05:43:23,708 INFO o.a.j.t.JMeterThread: Thread is done: Estudiantes concurrentes 1-11
2026-09-28 05:43:23,709 INFO o.a.j.t.JMeterThread: Thread finished: Estudiantes concurrentes 1-11
2026-09-28 05:43:23,748 INFO o.a.j.t.JMeterThread: Thread is done: Estudiantes concurrentes 1-12
2026-09-28 05:43:23,749 INFO o.a.j.t.JMeterThread: Thread finished: Estudiantes concurrentes 1-12
2026-09-28 05:43:24,378 INFO o.a.j.t.JMeterThread: Thread is done: Estudiantes concurrentes 1-8
2026-09-28 05:43:24,379 INFO o.a.j.t.JMeterThread: Thread finished: Estudiantes concurrentes 1-8
2026-09-28 05:43:24,985 INFO o.a.j.t.JMeterThread: Thread is done: Estudiantes concurrentes 1-10
2026-09-28 05:43:24,986 INFO o.a.j.t.JMeterThread: Thread finished: Estudiantes concurrentes 1-10
2026-09-28 05:43:25,298 INFO o.a.j.t.JMeterThread: Thread is done: Estudiantes concurrentes 1-2
2026-09-28 05:43:25,299 INFO o.a.j.t.JMeterThread: Thread finished: Estudiantes concurrentes 1-2
2026-09-28 05:43:25,510 INFO o.a.j.t.JMeterThread: Thread is done: Estudiantes concurrentes 1-9
2026-09-28 05:43:25,511 INFO o.a.j.t.JMeterThread: Thread finished: Estudiantes concurrentes 1-9
2026-09-28 05:43:25,574 INFO o.a.j.t.JMeterThread: Thread is done: Estudiantes concurrentes 1-35
2026-09-28 05:43:25,576 INFO o.a.j.t.JMeterThread: Thread finished: Estudiantes concurrentes 1-35
2026-09-28 05:43:26,033 INFO o.a.j.t.JMeterThread: Thread is done: Estudiantes concurrentes 1-17
2026-09-28 05:43:26,034 INFO o.a.j.t.JMeterThread: Thread finished: Estudiantes concurrentes 1-17
2026-09-28 05:43:26,228 INFO o.a.j.t.JMeterThread: Thread is done: Estudiantes concurrentes 1-42
2026-09-28 05:43:26,229 INFO o.a.j.t.JMeterThread: Thread finished: Estudiantes concurrentes 1-42
2026-09-28 05:43:26,641 INFO o.a.j.t.JMeterThread: Thread is done: Estudiantes concurrentes 1-3
2026-09-28 05:43:26,642 INFO o.a.j.t.JMeterThread: Thread finished: Estudiantes concurrentes 1-3
2026-09-28 05:43:26,644 INFO o.a.j.t.JMeterThread: Thread is done: Estudiantes concurrentes 1-25
2026-09-28 05:43:26,645 INFO o.a.j.t.JMeterThread: Thread finished: Estudiantes concurrentes 1-25
2026-09-28 05:43:27,071 INFO o.a.j.t.JMeterThread: Thread is done: Estudiantes concurrentes 1-16
2026-09-28 05:43:27,071 INFO o.a.j.t.JMeterThread: Thread finished: Estudiantes concurrentes 1-16
2026-09-28 05:43:27,168 INFO o.a.j.t.JMeterThread: Thread is done: Estudiantes concurrentes 1-13
2026-09-28 05:43:27,168 INFO o.a.j.t.JMeterThread: Thread finished: Estudiantes concurrentes 1-13
2026-09-28 05:43:27,358 INFO o.a.j.t.JMeterThread: Thread is done: Estudiantes concurrentes 1-33
2026-09-28 05:43:27,359 INFO o.a.j.t.JMeterThread: Thread finished: Estudiantes concurrentes 1-33
2026-09-28 05:43:28,157 INFO o.a.j.t.JMeterThread: Thread is done: Estudiantes concurrentes 1-21
2026-09-28 05:43:28,158 INFO o.a.j.t.JMeterThread: Thread finished: Estudiantes concurrentes 1-21
2026-09-28 05:43:28,616 INFO o.a.j.t.JMeterThread: Thread is done: Estudiantes concurrentes 1-40
2026-09-28 05:43:28,617 INFO o.a.j.t.JMeterThread: Thread finished: Estudiantes concurrentes 1-40
2026-09-28 05:43:28,817 INFO o.a.j.t.JMeterThread: Thread is done: Estudiantes concurrentes 1-32
2026-09-28 05:43:28,817 INFO o.a.j.t.JMeterThread: Thread finished: Estudiantes concurrentes 1-32
2026-09-28 05:43:29,025 INFO o.a.j.t.JMeterThread: Thread is done: Estudiantes concurrentes 1-24
2026-09-28 05:43:29,025 INFO o.a.j.t.JMeterThread: Thread finished: Estudiantes concurrentes 1-24
2026-09-28 05:43:29,359 INFO o.a.j.t.JMeterThread: Thread is done: Estudiantes concurrentes 1-34
2026-09-28 05:43:29,360 INFO o.a.j.t.JMeterThread: Thread finished: Estudiantes concurrentes 1-34
2026-09-28 05:43:29,798 INFO o.a.j.t.JMeterThread: Thread is done: Estudiantes concurrentes 1-15
2026-09-28 05:43:29,799 INFO o.a.j.t.JMeterThread: Thread finished: Estudiantes concurrentes 1-15
2026-09-28 05:43:29,936 INFO o.a.j.t.JMeterThread: Thread is done: Estudiantes concurrentes 1-31
2026-09-28 05:43:29,937 INFO o.a.j.t.JMeterThread: Thread finished: Estudiantes concurrentes 1-31
2026-09-28 05:43:30,007 INFO o.a.j.r.Summariser: summary +   1144 in 00:00:30 =   38.2/s Avg:   157 Min:    67 Max:  2048 Err:     0 (0.00%) Active: 167 Started: 200 Finished: 33
2026-09-28 05:43:30,008 INFO o.a.j.r.Summariser: summary =   7492 in 00:03:46 =   33.2/s Avg:   140 Min:    64 Max:  3880 Err:     0 (0.00%)
2026-09-28 05:43:30,009 INFO o.a.j.t.JMeterThread: Thread is done: Estudiantes concurrentes 1-30
2026-09-28 05:43:30,010 INFO o.a.j.t.JMeterThread: Thread finished: Estudiantes concurrentes 1-30
2026-09-28 05:43:30,115 INFO o.a.j.t.JMeterThread: Thread is done: Estudiantes concurrentes 1-26
2026-09-28 05:43:30,116 INFO o.a.j.t.JMeterThread: Thread finished: Estudiantes concurrentes 1-26
2026-09-28 05:43:31,063 INFO o.a.j.t.JMeterThread: Thread is done: Estudiantes concurrentes 1-36
2026-09-28 05:43:31,135 INFO o.a.j.t.JMeterThread: Thread finished: Estudiantes concurrentes 1-36
2026-09-28 05:43:31,355 INFO o.a.j.t.JMeterThread: Thread is done: Estudiantes concurrentes 1-50
2026-09-28 05:43:31,356 INFO o.a.j.t.JMeterThread: Thread finished: Estudiantes concurrentes 1-50
2026-09-28 05:43:31,710 INFO o.a.j.t.JMeterThread: Thread is done: Estudiantes concurrentes 1-20
2026-09-28 05:43:31,711 INFO o.a.j.t.JMeterThread: Thread finished: Estudiantes concurrentes 1-20
2026-09-28 05:43:31,812 INFO o.a.j.t.JMeterThread: Thread is done: Estudiantes concurrentes 1-74
2026-09-28 05:43:31,812 INFO o.a.j.t.JMeterThread: Thread is done: Estudiantes concurrentes 1-28
2026-09-28 05:43:31,813 INFO o.a.j.t.JMeterThread: Thread finished: Estudiantes concurrentes 1-74
2026-09-28 05:43:31,813 INFO o.a.j.t.JMeterThread: Thread finished: Estudiantes concurrentes 1-28
2026-09-28 05:43:32,373 INFO o.a.j.t.JMeterThread: Thread is done: Estudiantes concurrentes 1-39
2026-09-28 05:43:32,374 INFO o.a.j.t.JMeterThread: Thread finished: Estudiantes concurrentes 1-39
2026-09-28 05:43:32,795 INFO o.a.j.t.JMeterThread: Thread is done: Estudiantes concurrentes 1-46
2026-09-28 05:43:32,795 INFO o.a.j.t.JMeterThread: Thread finished: Estudiantes concurrentes 1-46
2026-09-28 05:43:33,508 INFO o.a.j.t.JMeterThread: Thread is done: Estudiantes concurrentes 1-44
2026-09-28 05:43:33,509 INFO o.a.j.t.JMeterThread: Thread finished: Estudiantes concurrentes 1-44
2026-09-28 05:43:33,513 INFO o.a.j.t.JMeterThread: Thread is done: Estudiantes concurrentes 1-49
2026-09-28 05:43:33,513 INFO o.a.j.t.JMeterThread: Thread finished: Estudiantes concurrentes 1-49
2026-09-28 05:43:34,529 INFO o.a.j.t.JMeterThread: Thread is done: Estudiantes concurrentes 1-56
2026-09-28 05:43:34,530 INFO o.a.j.t.JMeterThread: Thread finished: Estudiantes concurrentes 1-56
2026-09-28 05:43:35,667 INFO o.a.j.t.JMeterThread: Thread is done: Estudiantes concurrentes 1-38
2026-09-28 05:43:35,668 INFO o.a.j.t.JMeterThread: Thread finished: Estudiantes concurrentes 1-38
2026-09-28 05:43:35,670 INFO o.a.j.t.JMeterThread: Thread is done: Estudiantes concurrentes 1-41
2026-09-28 05:43:35,670 INFO o.a.j.t.JMeterThread: Thread finished: Estudiantes concurrentes 1-41
2026-09-28 05:43:35,728 INFO o.a.j.t.JMeterThread: Thread is done: Estudiantes concurrentes 1-66
2026-09-28 05:43:35,729 INFO o.a.j.t.JMeterThread: Thread finished: Estudiantes concurrentes 1-66
2026-09-28 05:43:35,730 INFO o.a.j.t.JMeterThread: Thread is done: Estudiantes concurrentes 1-37
2026-09-28 05:43:35,731 INFO o.a.j.t.JMeterThread: Thread finished: Estudiantes concurrentes 1-37
2026-09-28 05:43:35,973 INFO o.a.j.t.JMeterThread: Thread is done: Estudiantes concurrentes 1-58
2026-09-28 05:43:35,974 INFO o.a.j.t.JMeterThread: Thread finished: Estudiantes concurrentes 1-58
2026-09-28 05:43:35,975 INFO o.a.j.t.JMeterThread: Thread is done: Estudiantes concurrentes 1-64
2026-09-28 05:43:35,976 INFO o.a.j.t.JMeterThread: Thread finished: Estudiantes concurrentes 1-64
2026-09-28 05:43:36,822 INFO o.a.j.t.JMeterThread: Thread is done: Estudiantes concurrentes 1-48
2026-09-28 05:43:36,822 INFO o.a.j.t.JMeterThread: Thread finished: Estudiantes concurrentes 1-48
2026-09-28 05:43:37,202 INFO o.a.j.t.JMeterThread: Thread is done: Estudiantes concurrentes 1-53
2026-09-28 05:43:37,202 INFO o.a.j.t.JMeterThread: Thread finished: Estudiantes concurrentes 1-53
2026-09-28 05:43:37,756 INFO o.a.j.t.JMeterThread: Thread is done: Estudiantes concurrentes 1-69
2026-09-28 05:43:37,757 INFO o.a.j.t.JMeterThread: Thread finished: Estudiantes concurrentes 1-69
2026-09-28 05:43:37,761 INFO o.a.j.t.JMeterThread: Thread is done: Estudiantes concurrentes 1-51
2026-09-28 05:43:37,761 INFO o.a.j.t.JMeterThread: Thread finished: Estudiantes concurrentes 1-51
2026-09-28 05:43:38,240 INFO o.a.j.t.JMeterThread: Thread is done: Estudiantes concurrentes 1-52
2026-09-28 05:43:38,240 INFO o.a.j.t.JMeterThread: Thread finished: Estudiantes concurrentes 1-52
2026-09-28 05:43:38,496 INFO o.a.j.t.JMeterThread: Thread is done: Estudiantes concurrentes 1-59
2026-09-28 05:43:38,497 INFO o.a.j.t.JMeterThread: Thread finished: Estudiantes concurrentes 1-59
2026-09-28 05:43:38,613 INFO o.a.j.t.JMeterThread: Thread is done: Estudiantes concurrentes 1-45
2026-09-28 05:43:38,614 INFO o.a.j.t.JMeterThread: Thread finished: Estudiantes concurrentes 1-45
2026-09-28 05:43:38,887 INFO o.a.j.t.JMeterThread: Thread is done: Estudiantes concurrentes 1-60
2026-09-28 05:43:38,888 INFO o.a.j.t.JMeterThread: Thread finished: Estudiantes concurrentes 1-60
2026-09-28 05:43:39,272 INFO o.a.j.t.JMeterThread: Thread is done: Estudiantes concurrentes 1-43
2026-09-28 05:43:39,273 INFO o.a.j.t.JMeterThread: Thread finished: Estudiantes concurrentes 1-43
2026-09-28 05:43:39,503 INFO o.a.j.t.JMeterThread: Thread is done: Estudiantes concurrentes 1-76
2026-09-28 05:43:39,504 INFO o.a.j.t.JMeterThread: Thread finished: Estudiantes concurrentes 1-76
2026-09-28 05:43:39,707 INFO o.a.j.t.JMeterThread: Thread is done: Estudiantes concurrentes 1-68
2026-09-28 05:43:39,708 INFO o.a.j.t.JMeterThread: Thread finished: Estudiantes concurrentes 1-68
2026-09-28 05:43:39,710 INFO o.a.j.t.JMeterThread: Thread is done: Estudiantes concurrentes 1-61
2026-09-28 05:43:39,711 INFO o.a.j.t.JMeterThread: Thread finished: Estudiantes concurrentes 1-61
2026-09-28 05:43:40,026 INFO o.a.j.t.JMeterThread: Thread is done: Estudiantes concurrentes 1-57
2026-09-28 05:43:40,027 INFO o.a.j.t.JMeterThread: Thread finished: Estudiantes concurrentes 1-57
2026-09-28 05:43:40,266 INFO o.a.j.t.JMeterThread: Thread is done: Estudiantes concurrentes 1-47
2026-09-28 05:43:40,266 INFO o.a.j.t.JMeterThread: Thread finished: Estudiantes concurrentes 1-47
2026-09-28 05:43:40,790 INFO o.a.j.t.JMeterThread: Thread is done: Estudiantes concurrentes 1-54
2026-09-28 05:43:40,791 INFO o.a.j.t.JMeterThread: Thread finished: Estudiantes concurrentes 1-54
2026-09-28 05:43:40,831 INFO o.a.j.t.JMeterThread: Thread is done: Estudiantes concurrentes 1-62
2026-09-28 05:43:40,831 INFO o.a.j.t.JMeterThread: Thread finished: Estudiantes concurrentes 1-62
2026-09-28 05:43:40,933 INFO o.a.j.t.JMeterThread: Thread is done: Estudiantes concurrentes 1-85
2026-09-28 05:43:40,934 INFO o.a.j.t.JMeterThread: Thread finished: Estudiantes concurrentes 1-85
2026-09-28 05:43:42,353 INFO o.a.j.t.JMeterThread: Thread is done: Estudiantes concurrentes 1-65
2026-09-28 05:43:42,353 INFO o.a.j.t.JMeterThread: Thread is done: Estudiantes concurrentes 1-107
2026-09-28 05:43:42,354 INFO o.a.j.t.JMeterThread: Thread finished: Estudiantes concurrentes 1-65
2026-09-28 05:43:42,354 INFO o.a.j.t.JMeterThread: Thread finished: Estudiantes concurrentes 1-107
2026-09-28 05:43:42,449 INFO o.a.j.t.JMeterThread: Thread is done: Estudiantes concurrentes 1-70
2026-09-28 05:43:42,449 INFO o.a.j.t.JMeterThread: Thread finished: Estudiantes concurrentes 1-70
2026-09-28 05:43:42,471 INFO o.a.j.t.JMeterThread: Thread is done: Estudiantes concurrentes 1-67
2026-09-28 05:43:42,472 INFO o.a.j.t.JMeterThread: Thread finished: Estudiantes concurrentes 1-67
2026-09-28 05:43:42,613 INFO o.a.j.t.JMeterThread: Thread is done: Estudiantes concurrentes 1-71
2026-09-28 05:43:42,613 INFO o.a.j.t.JMeterThread: Thread finished: Estudiantes concurrentes 1-71
2026-09-28 05:43:42,912 INFO o.a.j.t.JMeterThread: Thread is done: Estudiantes concurrentes 1-79
2026-09-28 05:43:42,913 INFO o.a.j.t.JMeterThread: Thread finished: Estudiantes concurrentes 1-79
2026-09-28 05:43:43,075 INFO o.a.j.t.JMeterThread: Thread is done: Estudiantes concurrentes 1-89
2026-09-28 05:43:43,075 INFO o.a.j.t.JMeterThread: Thread finished: Estudiantes concurrentes 1-89
2026-09-28 05:43:43,378 INFO o.a.j.t.JMeterThread: Thread is done: Estudiantes concurrentes 1-83
2026-09-28 05:43:43,379 INFO o.a.j.t.JMeterThread: Thread finished: Estudiantes concurrentes 1-83
2026-09-28 05:43:43,638 INFO o.a.j.t.JMeterThread: Thread is done: Estudiantes concurrentes 1-93
2026-09-28 05:43:43,639 INFO o.a.j.t.JMeterThread: Thread finished: Estudiantes concurrentes 1-93
2026-09-28 05:43:43,647 INFO o.a.j.t.JMeterThread: Thread is done: Estudiantes concurrentes 1-63
2026-09-28 05:43:43,647 INFO o.a.j.t.JMeterThread: Thread finished: Estudiantes concurrentes 1-63
2026-09-28 05:43:43,932 INFO o.a.j.t.JMeterThread: Thread is done: Estudiantes concurrentes 1-78
2026-09-28 05:43:43,932 INFO o.a.j.t.JMeterThread: Thread finished: Estudiantes concurrentes 1-78
2026-09-28 05:43:44,062 INFO o.a.j.t.JMeterThread: Thread is done: Estudiantes concurrentes 1-55
2026-09-28 05:43:44,063 INFO o.a.j.t.JMeterThread: Thread finished: Estudiantes concurrentes 1-55
2026-09-28 05:43:44,720 INFO o.a.j.t.JMeterThread: Thread is done: Estudiantes concurrentes 1-73
2026-09-28 05:43:44,720 INFO o.a.j.t.JMeterThread: Thread finished: Estudiantes concurrentes 1-73
2026-09-28 05:43:44,817 INFO o.a.j.t.JMeterThread: Thread is done: Estudiantes concurrentes 1-75
2026-09-28 05:43:44,818 INFO o.a.j.t.JMeterThread: Thread finished: Estudiantes concurrentes 1-75
2026-09-28 05:43:44,887 INFO o.a.j.t.JMeterThread: Thread is done: Estudiantes concurrentes 1-72
2026-09-28 05:43:44,888 INFO o.a.j.t.JMeterThread: Thread finished: Estudiantes concurrentes 1-72
2026-09-28 05:43:45,089 INFO o.a.j.t.JMeterThread: Thread is done: Estudiantes concurrentes 1-95
2026-09-28 05:43:45,090 INFO o.a.j.t.JMeterThread: Thread finished: Estudiantes concurrentes 1-95
2026-09-28 05:43:45,104 INFO o.a.j.t.JMeterThread: Thread is done: Estudiantes concurrentes 1-101
2026-09-28 05:43:45,106 INFO o.a.j.t.JMeterThread: Thread finished: Estudiantes concurrentes 1-101
2026-09-28 05:43:45,359 INFO o.a.j.t.JMeterThread: Thread is done: Estudiantes concurrentes 1-91
2026-09-28 05:43:45,360 INFO o.a.j.t.JMeterThread: Thread finished: Estudiantes concurrentes 1-91
2026-09-28 05:43:45,868 INFO o.a.j.t.JMeterThread: Thread is done: Estudiantes concurrentes 1-84
2026-09-28 05:43:45,869 INFO o.a.j.t.JMeterThread: Thread finished: Estudiantes concurrentes 1-84
2026-09-28 05:43:46,429 INFO o.a.j.t.JMeterThread: Thread is done: Estudiantes concurrentes 1-81
2026-09-28 05:43:46,429 INFO o.a.j.t.JMeterThread: Thread finished: Estudiantes concurrentes 1-81
2026-09-28 05:43:47,796 INFO o.a.j.t.JMeterThread: Thread is done: Estudiantes concurrentes 1-77
2026-09-28 05:43:47,797 INFO o.a.j.t.JMeterThread: Thread finished: Estudiantes concurrentes 1-77
2026-09-28 05:43:48,278 INFO o.a.j.t.JMeterThread: Thread is done: Estudiantes concurrentes 1-97
2026-09-28 05:43:48,279 INFO o.a.j.t.JMeterThread: Thread finished: Estudiantes concurrentes 1-97
2026-09-28 05:43:48,329 INFO o.a.j.t.JMeterThread: Thread is done: Estudiantes concurrentes 1-92
2026-09-28 05:43:48,330 INFO o.a.j.t.JMeterThread: Thread finished: Estudiantes concurrentes 1-92
2026-09-28 05:43:48,492 INFO o.a.j.t.JMeterThread: Thread is done: Estudiantes concurrentes 1-104
2026-09-28 05:43:48,493 INFO o.a.j.t.JMeterThread: Thread finished: Estudiantes concurrentes 1-104
2026-09-28 05:43:48,756 INFO o.a.j.t.JMeterThread: Thread is done: Estudiantes concurrentes 1-82
2026-09-28 05:43:48,757 INFO o.a.j.t.JMeterThread: Thread finished: Estudiantes concurrentes 1-82
2026-09-28 05:43:48,894 INFO o.a.j.t.JMeterThread: Thread is done: Estudiantes concurrentes 1-88
2026-09-28 05:43:48,895 INFO o.a.j.t.JMeterThread: Thread finished: Estudiantes concurrentes 1-88
2026-09-28 05:43:48,925 INFO o.a.j.t.JMeterThread: Thread is done: Estudiantes concurrentes 1-86
2026-09-28 05:43:48,926 INFO o.a.j.t.JMeterThread: Thread finished: Estudiantes concurrentes 1-86
2026-09-28 05:43:49,303 INFO o.a.j.t.JMeterThread: Thread is done: Estudiantes concurrentes 1-87
2026-09-28 05:43:49,303 INFO o.a.j.t.JMeterThread: Thread finished: Estudiantes concurrentes 1-87
2026-09-28 05:43:49,448 INFO o.a.j.t.JMeterThread: Thread is done: Estudiantes concurrentes 1-98
2026-09-28 05:43:49,448 INFO o.a.j.t.JMeterThread: Thread finished: Estudiantes concurrentes 1-98
2026-09-28 05:43:49,774 INFO o.a.j.t.JMeterThread: Thread is done: Estudiantes concurrentes 1-96
2026-09-28 05:43:49,774 INFO o.a.j.t.JMeterThread: Thread finished: Estudiantes concurrentes 1-96
2026-09-28 05:43:49,965 INFO o.a.j.t.JMeterThread: Thread is done: Estudiantes concurrentes 1-105
2026-09-28 05:43:49,966 INFO o.a.j.t.JMeterThread: Thread finished: Estudiantes concurrentes 1-105
2026-09-28 05:43:49,999 INFO o.a.j.t.JMeterThread: Thread is done: Estudiantes concurrentes 1-108
2026-09-28 05:43:50,000 INFO o.a.j.t.JMeterThread: Thread finished: Estudiantes concurrentes 1-108
2026-09-28 05:43:50,190 INFO o.a.j.t.JMeterThread: Thread is done: Estudiantes concurrentes 1-123
2026-09-28 05:43:50,191 INFO o.a.j.t.JMeterThread: Thread finished: Estudiantes concurrentes 1-123
2026-09-28 05:43:50,382 INFO o.a.j.t.JMeterThread: Thread is done: Estudiantes concurrentes 1-109
2026-09-28 05:43:50,383 INFO o.a.j.t.JMeterThread: Thread finished: Estudiantes concurrentes 1-109
2026-09-28 05:43:50,447 INFO o.a.j.t.JMeterThread: Thread is done: Estudiantes concurrentes 1-103
2026-09-28 05:43:50,447 INFO o.a.j.t.JMeterThread: Thread finished: Estudiantes concurrentes 1-103
2026-09-28 05:43:50,826 INFO o.a.j.t.JMeterThread: Thread is done: Estudiantes concurrentes 1-102
2026-09-28 05:43:50,827 INFO o.a.j.t.JMeterThread: Thread finished: Estudiantes concurrentes 1-102
2026-09-28 05:43:51,532 INFO o.a.j.t.JMeterThread: Thread is done: Estudiantes concurrentes 1-90
2026-09-28 05:43:51,533 INFO o.a.j.t.JMeterThread: Thread finished: Estudiantes concurrentes 1-90
2026-09-28 05:43:52,306 INFO o.a.j.t.JMeterThread: Thread is done: Estudiantes concurrentes 1-112
2026-09-28 05:43:52,315 INFO o.a.j.t.JMeterThread: Thread finished: Estudiantes concurrentes 1-112
2026-09-28 05:43:53,260 INFO o.a.j.t.JMeterThread: Thread is done: Estudiantes concurrentes 1-106
2026-09-28 05:43:53,261 INFO o.a.j.t.JMeterThread: Thread finished: Estudiantes concurrentes 1-106
2026-09-28 05:43:53,388 INFO o.a.j.t.JMeterThread: Thread is done: Estudiantes concurrentes 1-111
2026-09-28 05:43:53,389 INFO o.a.j.t.JMeterThread: Thread finished: Estudiantes concurrentes 1-111
2026-09-28 05:43:53,475 INFO o.a.j.t.JMeterThread: Thread is done: Estudiantes concurrentes 1-100
2026-09-28 05:43:53,476 INFO o.a.j.t.JMeterThread: Thread finished: Estudiantes concurrentes 1-100
2026-09-28 05:43:53,476 INFO o.a.j.t.JMeterThread: Thread is done: Estudiantes concurrentes 1-118
2026-09-28 05:43:53,477 INFO o.a.j.t.JMeterThread: Thread finished: Estudiantes concurrentes 1-118
2026-09-28 05:43:53,814 INFO o.a.j.t.JMeterThread: Thread is done: Estudiantes concurrentes 1-115
2026-09-28 05:43:53,815 INFO o.a.j.t.JMeterThread: Thread finished: Estudiantes concurrentes 1-115
2026-09-28 05:43:53,816 INFO o.a.j.t.JMeterThread: Thread is done: Estudiantes concurrentes 1-120
2026-09-28 05:43:53,824 INFO o.a.j.t.JMeterThread: Thread finished: Estudiantes concurrentes 1-120
2026-09-28 05:43:54,063 INFO o.a.j.t.JMeterThread: Thread is done: Estudiantes concurrentes 1-117
2026-09-28 05:43:54,064 INFO o.a.j.t.JMeterThread: Thread finished: Estudiantes concurrentes 1-117
2026-09-28 05:43:54,114 INFO o.a.j.t.JMeterThread: Thread is done: Estudiantes concurrentes 1-80
2026-09-28 05:43:54,117 INFO o.a.j.t.JMeterThread: Thread finished: Estudiantes concurrentes 1-80
2026-09-28 05:43:54,123 INFO o.a.j.t.JMeterThread: Thread is done: Estudiantes concurrentes 1-113
2026-09-28 05:43:54,123 INFO o.a.j.t.JMeterThread: Thread finished: Estudiantes concurrentes 1-113
2026-09-28 05:43:54,144 INFO o.a.j.t.JMeterThread: Thread is done: Estudiantes concurrentes 1-134
2026-09-28 05:43:54,145 INFO o.a.j.t.JMeterThread: Thread finished: Estudiantes concurrentes 1-134
2026-09-28 05:43:54,497 INFO o.a.j.t.JMeterThread: Thread is done: Estudiantes concurrentes 1-99
2026-09-28 05:43:54,498 INFO o.a.j.t.JMeterThread: Thread finished: Estudiantes concurrentes 1-99
2026-09-28 05:43:54,733 INFO o.a.j.t.JMeterThread: Thread is done: Estudiantes concurrentes 1-114
2026-09-28 05:43:54,734 INFO o.a.j.t.JMeterThread: Thread finished: Estudiantes concurrentes 1-114
2026-09-28 05:43:54,830 INFO o.a.j.t.JMeterThread: Thread is done: Estudiantes concurrentes 1-110
2026-09-28 05:43:54,831 INFO o.a.j.t.JMeterThread: Thread finished: Estudiantes concurrentes 1-110
2026-09-28 05:43:54,862 INFO o.a.j.t.JMeterThread: Thread is done: Estudiantes concurrentes 1-116
2026-09-28 05:43:54,863 INFO o.a.j.t.JMeterThread: Thread finished: Estudiantes concurrentes 1-116
2026-09-28 05:43:55,584 INFO o.a.j.t.JMeterThread: Thread is done: Estudiantes concurrentes 1-125
2026-09-28 05:43:55,585 INFO o.a.j.t.JMeterThread: Thread finished: Estudiantes concurrentes 1-125
2026-09-28 05:43:56,040 INFO o.a.j.t.JMeterThread: Thread is done: Estudiantes concurrentes 1-119
2026-09-28 05:43:56,040 INFO o.a.j.t.JMeterThread: Thread finished: Estudiantes concurrentes 1-119
2026-09-28 05:43:56,790 INFO o.a.j.t.JMeterThread: Thread is done: Estudiantes concurrentes 1-122
2026-09-28 05:43:56,791 INFO o.a.j.t.JMeterThread: Thread finished: Estudiantes concurrentes 1-122
2026-09-28 05:43:58,826 INFO o.a.j.t.JMeterThread: Thread is done: Estudiantes concurrentes 1-121
2026-09-28 05:43:58,827 INFO o.a.j.t.JMeterThread: Thread finished: Estudiantes concurrentes 1-121
2026-09-28 05:43:58,917 INFO o.a.j.t.JMeterThread: Thread is done: Estudiantes concurrentes 1-94
2026-09-28 05:43:58,918 INFO o.a.j.t.JMeterThread: Thread finished: Estudiantes concurrentes 1-94
2026-09-28 05:43:58,994 INFO o.a.j.t.JMeterThread: Thread is done: Estudiantes concurrentes 1-136
2026-09-28 05:43:58,995 INFO o.a.j.t.JMeterThread: Thread finished: Estudiantes concurrentes 1-136
2026-09-28 05:43:59,235 INFO o.a.j.t.JMeterThread: Thread is done: Estudiantes concurrentes 1-131
2026-09-28 05:43:59,235 INFO o.a.j.t.JMeterThread: Thread finished: Estudiantes concurrentes 1-131
2026-09-28 05:43:59,321 INFO o.a.j.t.JMeterThread: Thread is done: Estudiantes concurrentes 1-142
2026-09-28 05:43:59,322 INFO o.a.j.t.JMeterThread: Thread finished: Estudiantes concurrentes 1-142
2026-09-28 05:43:59,687 INFO o.a.j.t.JMeterThread: Thread is done: Estudiantes concurrentes 1-124
2026-09-28 05:43:59,687 INFO o.a.j.t.JMeterThread: Thread finished: Estudiantes concurrentes 1-124
2026-09-28 05:43:59,861 INFO o.a.j.t.JMeterThread: Thread is done: Estudiantes concurrentes 1-135
2026-09-28 05:43:59,862 INFO o.a.j.t.JMeterThread: Thread finished: Estudiantes concurrentes 1-135
2026-09-28 05:43:59,998 INFO o.a.j.t.JMeterThread: Thread is done: Estudiantes concurrentes 1-143
2026-09-28 05:43:59,998 INFO o.a.j.t.JMeterThread: Thread finished: Estudiantes concurrentes 1-143
2026-09-28 05:44:00,167 INFO o.a.j.r.Summariser: summary +    733 in 00:00:30 =   24.3/s Avg:   190 Min:    70 Max:  1737 Err:     0 (0.00%) Active: 69 Started: 200 Finished: 131
2026-09-28 05:44:00,168 INFO o.a.j.r.Summariser: summary =   8225 in 00:04:16 =   32.2/s Avg:   145 Min:    64 Max:  3880 Err:     0 (0.00%)
2026-09-28 05:44:00,437 INFO o.a.j.t.JMeterThread: Thread is done: Estudiantes concurrentes 1-148
2026-09-28 05:44:00,438 INFO o.a.j.t.JMeterThread: Thread finished: Estudiantes concurrentes 1-148
2026-09-28 05:44:00,559 INFO o.a.j.t.JMeterThread: Thread is done: Estudiantes concurrentes 1-154
2026-09-28 05:44:00,560 INFO o.a.j.t.JMeterThread: Thread finished: Estudiantes concurrentes 1-154
2026-09-28 05:44:01,237 INFO o.a.j.t.JMeterThread: Thread is done: Estudiantes concurrentes 1-126
2026-09-28 05:44:01,238 INFO o.a.j.t.JMeterThread: Thread finished: Estudiantes concurrentes 1-126
2026-09-28 05:44:02,579 INFO o.a.j.t.JMeterThread: Thread is done: Estudiantes concurrentes 1-145
2026-09-28 05:44:02,580 INFO o.a.j.t.JMeterThread: Thread finished: Estudiantes concurrentes 1-145
2026-09-28 05:44:02,658 INFO o.a.j.t.JMeterThread: Thread is done: Estudiantes concurrentes 1-133
2026-09-28 05:44:02,658 INFO o.a.j.t.JMeterThread: Thread finished: Estudiantes concurrentes 1-133
2026-09-28 05:44:02,741 INFO o.a.j.t.JMeterThread: Thread is done: Estudiantes concurrentes 1-127
2026-09-28 05:44:02,741 INFO o.a.j.t.JMeterThread: Thread finished: Estudiantes concurrentes 1-127
2026-09-28 05:44:02,855 INFO o.a.j.t.JMeterThread: Thread is done: Estudiantes concurrentes 1-138
2026-09-28 05:44:02,856 INFO o.a.j.t.JMeterThread: Thread finished: Estudiantes concurrentes 1-138
2026-09-28 05:44:02,958 INFO o.a.j.t.JMeterThread: Thread is done: Estudiantes concurrentes 1-130
2026-09-28 05:44:02,959 INFO o.a.j.t.JMeterThread: Thread finished: Estudiantes concurrentes 1-130
2026-09-28 05:44:03,152 INFO o.a.j.t.JMeterThread: Thread is done: Estudiantes concurrentes 1-137
2026-09-28 05:44:03,153 INFO o.a.j.t.JMeterThread: Thread finished: Estudiantes concurrentes 1-137
2026-09-28 05:44:03,629 INFO o.a.j.t.JMeterThread: Thread is done: Estudiantes concurrentes 1-149
2026-09-28 05:44:03,630 INFO o.a.j.t.JMeterThread: Thread finished: Estudiantes concurrentes 1-149
2026-09-28 05:44:03,782 INFO o.a.j.t.JMeterThread: Thread is done: Estudiantes concurrentes 1-159
2026-09-28 05:44:03,782 INFO o.a.j.t.JMeterThread: Thread finished: Estudiantes concurrentes 1-159
2026-09-28 05:44:03,935 INFO o.a.j.t.JMeterThread: Thread is done: Estudiantes concurrentes 1-147
2026-09-28 05:44:03,936 INFO o.a.j.t.JMeterThread: Thread finished: Estudiantes concurrentes 1-147
2026-09-28 05:44:04,029 INFO o.a.j.t.JMeterThread: Thread is done: Estudiantes concurrentes 1-151
2026-09-28 05:44:04,030 INFO o.a.j.t.JMeterThread: Thread finished: Estudiantes concurrentes 1-151
2026-09-28 05:44:04,177 INFO o.a.j.t.JMeterThread: Thread is done: Estudiantes concurrentes 1-139
2026-09-28 05:44:04,178 INFO o.a.j.t.JMeterThread: Thread finished: Estudiantes concurrentes 1-139
2026-09-28 05:44:04,263 INFO o.a.j.t.JMeterThread: Thread is done: Estudiantes concurrentes 1-150
2026-09-28 05:44:04,264 INFO o.a.j.t.JMeterThread: Thread finished: Estudiantes concurrentes 1-150
2026-09-28 05:44:04,510 INFO o.a.j.t.JMeterThread: Thread is done: Estudiantes concurrentes 1-128
2026-09-28 05:44:04,511 INFO o.a.j.t.JMeterThread: Thread finished: Estudiantes concurrentes 1-128
2026-09-28 05:44:04,607 INFO o.a.j.t.JMeterThread: Thread is done: Estudiantes concurrentes 1-132
2026-09-28 05:44:04,608 INFO o.a.j.t.JMeterThread: Thread finished: Estudiantes concurrentes 1-132
2026-09-28 05:44:04,795 INFO o.a.j.t.JMeterThread: Thread is done: Estudiantes concurrentes 1-169
2026-09-28 05:44:04,796 INFO o.a.j.t.JMeterThread: Thread finished: Estudiantes concurrentes 1-169
2026-09-28 05:44:05,069 INFO o.a.j.t.JMeterThread: Thread is done: Estudiantes concurrentes 1-167
2026-09-28 05:44:05,069 INFO o.a.j.t.JMeterThread: Thread finished: Estudiantes concurrentes 1-167
2026-09-28 05:44:05,345 INFO o.a.j.t.JMeterThread: Thread is done: Estudiantes concurrentes 1-129
2026-09-28 05:44:05,345 INFO o.a.j.t.JMeterThread: Thread finished: Estudiantes concurrentes 1-129
2026-09-28 05:44:05,575 INFO o.a.j.t.JMeterThread: Thread is done: Estudiantes concurrentes 1-177
2026-09-28 05:44:05,576 INFO o.a.j.t.JMeterThread: Thread finished: Estudiantes concurrentes 1-177
2026-09-28 05:44:05,670 INFO o.a.j.t.JMeterThread: Thread is done: Estudiantes concurrentes 1-146
2026-09-28 05:44:05,670 INFO o.a.j.t.JMeterThread: Thread finished: Estudiantes concurrentes 1-146
2026-09-28 05:44:06,370 INFO o.a.j.t.JMeterThread: Thread is done: Estudiantes concurrentes 1-156
2026-09-28 05:44:06,370 INFO o.a.j.t.JMeterThread: Thread finished: Estudiantes concurrentes 1-156
2026-09-28 05:44:06,534 INFO o.a.j.t.JMeterThread: Thread is done: Estudiantes concurrentes 1-160
2026-09-28 05:44:06,535 INFO o.a.j.t.JMeterThread: Thread finished: Estudiantes concurrentes 1-160
2026-09-28 05:44:06,837 INFO o.a.j.t.JMeterThread: Thread is done: Estudiantes concurrentes 1-140
2026-09-28 05:44:06,838 INFO o.a.j.t.JMeterThread: Thread finished: Estudiantes concurrentes 1-140
2026-09-28 05:44:08,681 INFO o.a.j.t.JMeterThread: Thread is done: Estudiantes concurrentes 1-162
2026-09-28 05:44:08,682 INFO o.a.j.t.JMeterThread: Thread finished: Estudiantes concurrentes 1-162
2026-09-28 05:44:08,747 INFO o.a.j.t.JMeterThread: Thread is done: Estudiantes concurrentes 1-189
2026-09-28 05:44:08,747 INFO o.a.j.t.JMeterThread: Thread finished: Estudiantes concurrentes 1-189
2026-09-28 05:44:08,756 INFO o.a.j.t.JMeterThread: Thread is done: Estudiantes concurrentes 1-168
2026-09-28 05:44:08,757 INFO o.a.j.t.JMeterThread: Thread finished: Estudiantes concurrentes 1-168
2026-09-28 05:44:08,769 INFO o.a.j.t.JMeterThread: Thread is done: Estudiantes concurrentes 1-164
2026-09-28 05:44:08,770 INFO o.a.j.t.JMeterThread: Thread finished: Estudiantes concurrentes 1-164
2026-09-28 05:44:09,415 INFO o.a.j.t.JMeterThread: Thread is done: Estudiantes concurrentes 1-155
2026-09-28 05:44:09,416 INFO o.a.j.t.JMeterThread: Thread finished: Estudiantes concurrentes 1-155
2026-09-28 05:44:09,566 INFO o.a.j.t.JMeterThread: Thread is done: Estudiantes concurrentes 1-144
2026-09-28 05:44:09,567 INFO o.a.j.t.JMeterThread: Thread finished: Estudiantes concurrentes 1-144
2026-09-28 05:44:09,772 INFO o.a.j.t.JMeterThread: Thread is done: Estudiantes concurrentes 1-176
2026-09-28 05:44:09,772 INFO o.a.j.t.JMeterThread: Thread finished: Estudiantes concurrentes 1-176
2026-09-28 05:44:10,327 INFO o.a.j.t.JMeterThread: Thread is done: Estudiantes concurrentes 1-163
2026-09-28 05:44:10,328 INFO o.a.j.t.JMeterThread: Thread finished: Estudiantes concurrentes 1-163
2026-09-28 05:44:10,340 INFO o.a.j.t.JMeterThread: Thread is done: Estudiantes concurrentes 1-141
2026-09-28 05:44:10,341 INFO o.a.j.t.JMeterThread: Thread finished: Estudiantes concurrentes 1-141
2026-09-28 05:44:10,373 INFO o.a.j.t.JMeterThread: Thread is done: Estudiantes concurrentes 1-161
2026-09-28 05:44:10,374 INFO o.a.j.t.JMeterThread: Thread finished: Estudiantes concurrentes 1-161
2026-09-28 05:44:10,946 INFO o.a.j.t.JMeterThread: Thread is done: Estudiantes concurrentes 1-152
2026-09-28 05:44:10,947 INFO o.a.j.t.JMeterThread: Thread finished: Estudiantes concurrentes 1-152
2026-09-28 05:44:11,107 INFO o.a.j.t.JMeterThread: Thread is done: Estudiantes concurrentes 1-172
2026-09-28 05:44:11,108 INFO o.a.j.t.JMeterThread: Thread finished: Estudiantes concurrentes 1-172
2026-09-28 05:44:11,144 INFO o.a.j.t.JMeterThread: Thread is done: Estudiantes concurrentes 1-165
2026-09-28 05:44:11,145 INFO o.a.j.t.JMeterThread: Thread finished: Estudiantes concurrentes 1-165
2026-09-28 05:44:11,495 INFO o.a.j.t.JMeterThread: Thread is done: Estudiantes concurrentes 1-171
2026-09-28 05:44:11,496 INFO o.a.j.t.JMeterThread: Thread finished: Estudiantes concurrentes 1-171
2026-09-28 05:44:12,114 INFO o.a.j.t.JMeterThread: Thread is done: Estudiantes concurrentes 1-186
2026-09-28 05:44:12,115 INFO o.a.j.t.JMeterThread: Thread finished: Estudiantes concurrentes 1-186
2026-09-28 05:44:12,429 INFO o.a.j.t.JMeterThread: Thread is done: Estudiantes concurrentes 1-157
2026-09-28 05:44:12,430 INFO o.a.j.t.JMeterThread: Thread finished: Estudiantes concurrentes 1-157
2026-09-28 05:44:12,925 INFO o.a.j.t.JMeterThread: Thread is done: Estudiantes concurrentes 1-174
2026-09-28 05:44:12,926 INFO o.a.j.t.JMeterThread: Thread finished: Estudiantes concurrentes 1-174
2026-09-28 05:44:13,078 INFO o.a.j.t.JMeterThread: Thread is done: Estudiantes concurrentes 1-183
2026-09-28 05:44:13,079 INFO o.a.j.t.JMeterThread: Thread finished: Estudiantes concurrentes 1-183
2026-09-28 05:44:13,772 INFO o.a.j.t.JMeterThread: Thread is done: Estudiantes concurrentes 1-153
2026-09-28 05:44:13,773 INFO o.a.j.t.JMeterThread: Thread finished: Estudiantes concurrentes 1-153
2026-09-28 05:44:14,291 INFO o.a.j.t.JMeterThread: Thread is done: Estudiantes concurrentes 1-184
2026-09-28 05:44:14,292 INFO o.a.j.t.JMeterThread: Thread finished: Estudiantes concurrentes 1-184
2026-09-28 05:44:14,442 INFO o.a.j.t.JMeterThread: Thread is done: Estudiantes concurrentes 1-175
2026-09-28 05:44:14,443 INFO o.a.j.t.JMeterThread: Thread finished: Estudiantes concurrentes 1-175
2026-09-28 05:44:14,821 INFO o.a.j.t.JMeterThread: Thread is done: Estudiantes concurrentes 1-158
2026-09-28 05:44:14,821 INFO o.a.j.t.JMeterThread: Thread finished: Estudiantes concurrentes 1-158
2026-09-28 05:44:14,885 INFO o.a.j.t.JMeterThread: Thread is done: Estudiantes concurrentes 1-185
2026-09-28 05:44:14,886 INFO o.a.j.t.JMeterThread: Thread finished: Estudiantes concurrentes 1-185
2026-09-28 05:44:15,133 INFO o.a.j.t.JMeterThread: Thread is done: Estudiantes concurrentes 1-173
2026-09-28 05:44:15,134 INFO o.a.j.t.JMeterThread: Thread finished: Estudiantes concurrentes 1-173
2026-09-28 05:44:15,275 INFO o.a.j.t.JMeterThread: Thread is done: Estudiantes concurrentes 1-178
2026-09-28 05:44:15,276 INFO o.a.j.t.JMeterThread: Thread finished: Estudiantes concurrentes 1-178
2026-09-28 05:44:15,528 INFO o.a.j.t.JMeterThread: Thread is done: Estudiantes concurrentes 1-182
2026-09-28 05:44:15,529 INFO o.a.j.t.JMeterThread: Thread finished: Estudiantes concurrentes 1-182
2026-09-28 05:44:15,596 INFO o.a.j.t.JMeterThread: Thread is done: Estudiantes concurrentes 1-192
2026-09-28 05:44:15,596 INFO o.a.j.t.JMeterThread: Thread finished: Estudiantes concurrentes 1-192
2026-09-28 05:44:16,034 INFO o.a.j.t.JMeterThread: Thread is done: Estudiantes concurrentes 1-166
2026-09-28 05:44:16,035 INFO o.a.j.t.JMeterThread: Thread finished: Estudiantes concurrentes 1-166
2026-09-28 05:44:16,597 INFO o.a.j.t.JMeterThread: Thread is done: Estudiantes concurrentes 1-195
2026-09-28 05:44:16,597 INFO o.a.j.t.JMeterThread: Thread finished: Estudiantes concurrentes 1-195
2026-09-28 05:44:16,622 INFO o.a.j.t.JMeterThread: Thread is done: Estudiantes concurrentes 1-198
2026-09-28 05:44:16,623 INFO o.a.j.t.JMeterThread: Thread finished: Estudiantes concurrentes 1-198
2026-09-28 05:44:16,721 INFO o.a.j.t.JMeterThread: Thread is done: Estudiantes concurrentes 1-188
2026-09-28 05:44:16,722 INFO o.a.j.t.JMeterThread: Thread finished: Estudiantes concurrentes 1-188
2026-09-28 05:44:16,814 INFO o.a.j.t.JMeterThread: Thread is done: Estudiantes concurrentes 1-194
2026-09-28 05:44:16,815 INFO o.a.j.t.JMeterThread: Thread finished: Estudiantes concurrentes 1-194
2026-09-28 05:44:16,933 INFO o.a.j.t.JMeterThread: Thread is done: Estudiantes concurrentes 1-170
2026-09-28 05:44:16,934 INFO o.a.j.t.JMeterThread: Thread finished: Estudiantes concurrentes 1-170
2026-09-28 05:44:18,033 INFO o.a.j.t.JMeterThread: Thread is done: Estudiantes concurrentes 1-199
2026-09-28 05:44:18,033 INFO o.a.j.t.JMeterThread: Thread finished: Estudiantes concurrentes 1-199
2026-09-28 05:44:18,162 INFO o.a.j.t.JMeterThread: Thread is done: Estudiantes concurrentes 1-179
2026-09-28 05:44:18,163 INFO o.a.j.t.JMeterThread: Thread finished: Estudiantes concurrentes 1-179
2026-09-28 05:44:18,657 INFO o.a.j.t.JMeterThread: Thread is done: Estudiantes concurrentes 1-200
2026-09-28 05:44:18,657 INFO o.a.j.t.JMeterThread: Thread finished: Estudiantes concurrentes 1-200
2026-09-28 05:44:18,679 INFO o.a.j.t.JMeterThread: Thread is done: Estudiantes concurrentes 1-197
2026-09-28 05:44:18,679 INFO o.a.j.t.JMeterThread: Thread finished: Estudiantes concurrentes 1-197
2026-09-28 05:44:19,045 INFO o.a.j.t.JMeterThread: Thread is done: Estudiantes concurrentes 1-191
2026-09-28 05:44:19,045 INFO o.a.j.t.JMeterThread: Thread finished: Estudiantes concurrentes 1-191
2026-09-28 05:44:19,079 INFO o.a.j.t.JMeterThread: Thread is done: Estudiantes concurrentes 1-181
2026-09-28 05:44:19,081 INFO o.a.j.t.JMeterThread: Thread finished: Estudiantes concurrentes 1-181
2026-09-28 05:44:19,212 INFO o.a.j.t.JMeterThread: Thread is done: Estudiantes concurrentes 1-196
2026-09-28 05:44:19,213 INFO o.a.j.t.JMeterThread: Thread finished: Estudiantes concurrentes 1-196
2026-09-28 05:44:19,481 INFO o.a.j.t.JMeterThread: Thread is done: Estudiantes concurrentes 1-193
2026-09-28 05:44:19,482 INFO o.a.j.t.JMeterThread: Thread finished: Estudiantes concurrentes 1-193
2026-09-28 05:44:20,174 INFO o.a.j.t.JMeterThread: Thread is done: Estudiantes concurrentes 1-190
2026-09-28 05:44:20,175 INFO o.a.j.t.JMeterThread: Thread finished: Estudiantes concurrentes 1-190
2026-09-28 05:44:20,399 INFO o.a.j.t.JMeterThread: Thread is done: Estudiantes concurrentes 1-180
2026-09-28 05:44:20,400 INFO o.a.j.t.JMeterThread: Thread finished: Estudiantes concurrentes 1-180
2026-09-28 05:44:23,316 INFO o.a.j.t.JMeterThread: Thread is done: Estudiantes concurrentes 1-187
2026-09-28 05:44:23,317 INFO o.a.j.t.JMeterThread: Thread finished: Estudiantes concurrentes 1-187
2026-09-28 05:44:23,322 INFO o.a.j.e.StandardJMeterEngine: Notifying test listeners of end of test
2026-09-28 05:44:23,326 INFO o.a.j.s.FileServer: Close: /jmeter/capacity/tokens.csv
2026-09-28 05:44:23,406 INFO o.a.j.r.Summariser: summary +    175 in 00:00:23 =    7.5/s Avg:    96 Min:    71 Max:   238 Err:     0 (0.00%) Active: 0 Started: 200 Finished: 200
2026-09-28 05:44:23,408 INFO o.a.j.r.Summariser: summary =   8400 in 00:04:39 =   30.1/s Avg:   144 Min:    64 Max:  3880 Err:     0 (0.00%)
