2026-09-28 05:25:15,028 INFO o.a.j.u.JMeterUtils: Setting Locale to en_EN
2026-09-28 05:25:15,077 INFO o.a.j.JMeter: Loading user properties from: /opt/apache-jmeter-5.5/bin/user.properties
2026-09-28 05:25:15,079 INFO o.a.j.JMeter: Loading system properties from: /opt/apache-jmeter-5.5/bin/system.properties
2026-09-28 05:25:15,080 INFO o.a.j.JMeter: Setting System property: log4j2.formatMsgNoLookups=true
2026-09-28 05:25:15,081 INFO o.a.j.JMeter: Setting JMeter property: users=50
2026-09-28 05:25:15,082 INFO o.a.j.JMeter: Setting JMeter property: ramp=30
2026-09-28 05:25:15,083 INFO o.a.j.JMeter: Setting JMeter property: sessions=3
2026-09-28 05:25:15,084 INFO o.a.j.JMeter: Setting JMeter property: think_ms=4000
2026-09-28 05:25:15,084 INFO o.a.j.JMeter: Setting JMeter property: think_range_ms=2000
2026-09-28 05:25:15,085 INFO o.a.j.JMeter: Setting JMeter property: host=34.24.52.111.sslip.io
2026-09-28 05:25:15,086 INFO o.a.j.JMeter: Setting JMeter property: port=443
2026-09-28 05:25:15,086 INFO o.a.j.JMeter: Setting JMeter property: protocol=https
2026-09-28 05:25:15,087 INFO o.a.j.JMeter: Setting JMeter property: origin=https://34.24.52.111.sslip.io
2026-09-28 05:25:15,088 INFO o.a.j.JMeter: Setting JMeter property: runId=A-nivel50_20260927_222510
2026-09-28 05:25:15,088 INFO o.a.j.JMeter: Setting JMeter property: tokens=/jmeter/capacity/tokens.csv
2026-09-28 05:25:15,104 INFO o.a.j.JMeter: Copyright (c) 1998-2022 The Apache Software Foundation
2026-09-28 05:25:15,105 INFO o.a.j.JMeter: Version 5.5
2026-09-28 05:25:15,105 INFO o.a.j.JMeter: java.version=1.8.0_275
2026-09-28 05:25:15,106 INFO o.a.j.JMeter: java.vm.name=OpenJDK 64-Bit Server VM
2026-09-28 05:25:15,107 INFO o.a.j.JMeter: os.name=Linux
2026-09-28 05:25:15,108 INFO o.a.j.JMeter: os.arch=amd64
2026-09-28 05:25:15,108 INFO o.a.j.JMeter: os.version=5.15.167.4-microsoft-standard-WSL2
2026-09-28 05:25:15,109 INFO o.a.j.JMeter: file.encoding=UTF-8
2026-09-28 05:25:15,109 INFO o.a.j.JMeter: java.awt.headless=true
2026-09-28 05:25:15,110 INFO o.a.j.JMeter: Max memory     =1811939328
2026-09-28 05:25:15,110 INFO o.a.j.JMeter: Available Processors =12
2026-09-28 05:25:15,126 INFO o.a.j.JMeter: Default Locale=English (EN)
2026-09-28 05:25:15,127 INFO o.a.j.JMeter: JMeter  Locale=English (EN)
2026-09-28 05:25:15,128 INFO o.a.j.JMeter: JMeterHome=/opt/apache-jmeter-5.5
2026-09-28 05:25:15,128 INFO o.a.j.JMeter: user.dir  =/opt/apache-jmeter-5.5
2026-09-28 05:25:15,129 INFO o.a.j.JMeter: PWD       =/opt/apache-jmeter-5.5
2026-09-28 05:25:15,131 INFO o.a.j.JMeter: IP: 172.17.0.2 Name: b27ad8b7e825 FullName: b27ad8b7e825
2026-09-28 05:25:15,184 INFO o.a.j.s.FileServer: Default base='/opt/apache-jmeter-5.5'
2026-09-28 05:25:15,187 INFO o.a.j.s.FileServer: Set new base='/jmeter'
2026-09-28 05:25:15,548 INFO o.a.j.s.SaveService: Testplan (JMX) version: 2.2. Testlog (JTL) version: 2.2
2026-09-28 05:25:15,585 INFO o.a.j.s.SaveService: Using SaveService properties file encoding UTF-8
2026-09-28 05:25:15,597 INFO o.a.j.s.SaveService: Using SaveService properties version 5.0
2026-09-28 05:25:15,622 INFO o.a.j.s.SaveService: Loading file: /jmeter/escenario1.jmx
2026-09-28 05:25:15,757 INFO o.a.j.p.h.s.HTTPSamplerBase: Parser for text/html is org.apache.jmeter.protocol.http.parser.LagartoBasedHtmlParser
2026-09-28 05:25:15,758 INFO o.a.j.p.h.s.HTTPSamplerBase: Parser for application/xhtml+xml is org.apache.jmeter.protocol.http.parser.LagartoBasedHtmlParser
2026-09-28 05:25:15,759 INFO o.a.j.p.h.s.HTTPSamplerBase: Parser for application/xml is org.apache.jmeter.protocol.http.parser.LagartoBasedHtmlParser
2026-09-28 05:25:15,759 INFO o.a.j.p.h.s.HTTPSamplerBase: Parser for text/xml is org.apache.jmeter.protocol.http.parser.LagartoBasedHtmlParser
2026-09-28 05:25:15,760 INFO o.a.j.p.h.s.HTTPSamplerBase: Parser for text/vnd.wap.wml is org.apache.jmeter.protocol.http.parser.RegexpHTMLParser
2026-09-28 05:25:15,761 INFO o.a.j.p.h.s.HTTPSamplerBase: Parser for text/css is org.apache.jmeter.protocol.http.parser.CssParser
2026-09-28 05:25:16,537 INFO o.a.j.JMeter: Creating summariser <summary>
2026-09-28 05:25:16,557 INFO o.a.j.e.StandardJMeterEngine: Running the test!
2026-09-28 05:25:16,559 INFO o.a.j.s.SampleEvent: List of sample_variables: []
2026-09-28 05:25:16,560 INFO o.a.j.s.SampleEvent: List of sample_variables: []
2026-09-28 05:25:16,574 INFO o.a.j.e.u.CompoundVariable: Note: Function class names must contain the string: '.functions.'
2026-09-28 05:25:16,574 INFO o.a.j.e.u.CompoundVariable: Note: Function class names must not contain the string: '.gui.'
2026-09-28 05:25:17,394 INFO o.a.j.JMeter: Running test (1790565917394)
2026-09-28 05:25:17,495 INFO o.a.j.e.StandardJMeterEngine: Starting ThreadGroup: 1 : Estudiantes concurrentes
2026-09-28 05:25:17,496 INFO o.a.j.e.StandardJMeterEngine: Starting 50 threads for group Estudiantes concurrentes.
2026-09-28 05:25:17,496 INFO o.a.j.e.StandardJMeterEngine: Thread will continue on error
2026-09-28 05:25:17,497 INFO o.a.j.t.ThreadGroup: Starting thread group... number=1 threads=50 ramp-up=30 delayedStart=false
2026-09-28 05:25:17,539 INFO o.a.j.t.JMeterThread: Thread started: Estudiantes concurrentes 1-1
2026-09-28 05:25:17,550 INFO o.a.j.s.FileServer: Stored: /jmeter/capacity/tokens.csv
2026-09-28 05:25:17,669 INFO o.a.j.t.ThreadGroup: Started thread group number 1
2026-09-28 05:25:17,670 INFO o.a.j.e.StandardJMeterEngine: All thread groups have been started
2026-09-28 05:25:18,128 INFO o.a.j.t.JMeterThread: Thread started: Estudiantes concurrentes 1-2
2026-09-28 05:25:18,723 INFO o.a.j.t.JMeterThread: Thread started: Estudiantes concurrentes 1-3
2026-09-28 05:25:19,318 INFO o.a.j.t.JMeterThread: Thread started: Estudiantes concurrentes 1-4
2026-09-28 05:25:19,915 INFO o.a.j.t.JMeterThread: Thread started: Estudiantes concurrentes 1-5
2026-09-28 05:25:20,517 INFO o.a.j.t.JMeterThread: Thread started: Estudiantes concurrentes 1-6
2026-09-28 05:25:21,110 INFO o.a.j.t.JMeterThread: Thread started: Estudiantes concurrentes 1-7
2026-09-28 05:25:21,702 INFO o.a.j.t.JMeterThread: Thread started: Estudiantes concurrentes 1-8
2026-09-28 05:25:22,304 INFO o.a.j.t.JMeterThread: Thread started: Estudiantes concurrentes 1-9
2026-09-28 05:25:22,904 INFO o.a.j.t.JMeterThread: Thread started: Estudiantes concurrentes 1-10
2026-09-28 05:25:23,059 INFO o.a.j.p.h.s.HTTPHCAbstractImpl: Local host = b27ad8b7e825
2026-09-28 05:25:23,069 INFO o.a.j.p.h.s.HTTPHC4Impl: HTTP request retry count = 0
2026-09-28 05:25:23,072 INFO o.a.j.s.SampleResult: Note: Sample TimeStamps are START times
2026-09-28 05:25:23,073 INFO o.a.j.s.SampleResult: sampleresult.default.encoding is set to ISO-8859-1
2026-09-28 05:25:23,073 INFO o.a.j.s.SampleResult: sampleresult.useNanoTime=true
2026-09-28 05:25:23,074 INFO o.a.j.s.SampleResult: sampleresult.nanoThreadSleep=5000
2026-09-28 05:25:23,252 INFO o.a.j.p.h.s.h.LazyLayeredConnectionSocketFactory: Setting up HTTPS TrustAll Socket Factory
2026-09-28 05:25:23,264 INFO o.a.j.u.JsseSSLManager: Using default SSL protocol: TLS
2026-09-28 05:25:23,264 INFO o.a.j.u.JsseSSLManager: SSL session context: per-thread
2026-09-28 05:25:23,434 INFO o.a.j.u.SSLManager: JmeterKeyStore Location:  type JKS
2026-09-28 05:25:23,440 INFO o.a.j.u.SSLManager: KeyStore created OK
2026-09-28 05:25:23,441 WARN o.a.j.u.SSLManager: Keystore file not found, loading empty keystore
2026-09-28 05:25:23,504 INFO o.a.j.t.JMeterThread: Thread started: Estudiantes concurrentes 1-11
2026-09-28 05:25:24,103 INFO o.a.j.t.JMeterThread: Thread started: Estudiantes concurrentes 1-12
2026-09-28 05:25:24,704 INFO o.a.j.t.JMeterThread: Thread started: Estudiantes concurrentes 1-13
2026-09-28 05:25:25,306 INFO o.a.j.t.JMeterThread: Thread started: Estudiantes concurrentes 1-14
2026-09-28 05:25:25,905 INFO o.a.j.t.JMeterThread: Thread started: Estudiantes concurrentes 1-15
2026-09-28 05:25:26,504 INFO o.a.j.t.JMeterThread: Thread started: Estudiantes concurrentes 1-16
2026-09-28 05:25:27,111 INFO o.a.j.t.JMeterThread: Thread started: Estudiantes concurrentes 1-17
2026-09-28 05:25:27,712 INFO o.a.j.t.JMeterThread: Thread started: Estudiantes concurrentes 1-18
2026-09-28 05:25:28,309 INFO o.a.j.t.JMeterThread: Thread started: Estudiantes concurrentes 1-19
2026-09-28 05:25:28,906 INFO o.a.j.t.JMeterThread: Thread started: Estudiantes concurrentes 1-20
2026-09-28 05:25:29,510 INFO o.a.j.t.JMeterThread: Thread started: Estudiantes concurrentes 1-21
2026-09-28 05:25:30,017 INFO o.a.j.r.Summariser: summary +     17 in 00:00:13 =    1.3/s Avg:   434 Min:    82 Max:  1331 Err:     0 (0.00%) Active: 21 Started: 21 Finished: 0
2026-09-28 05:25:30,108 INFO o.a.j.t.JMeterThread: Thread started: Estudiantes concurrentes 1-22
2026-09-28 05:25:30,703 INFO o.a.j.t.JMeterThread: Thread started: Estudiantes concurrentes 1-23
2026-09-28 05:25:31,304 INFO o.a.j.t.JMeterThread: Thread started: Estudiantes concurrentes 1-24
2026-09-28 05:25:31,903 INFO o.a.j.t.JMeterThread: Thread started: Estudiantes concurrentes 1-25
2026-09-28 05:25:32,502 INFO o.a.j.t.JMeterThread: Thread started: Estudiantes concurrentes 1-26
2026-09-28 05:25:33,101 INFO o.a.j.t.JMeterThread: Thread started: Estudiantes concurrentes 1-27
2026-09-28 05:25:33,702 INFO o.a.j.t.JMeterThread: Thread started: Estudiantes concurrentes 1-28
2026-09-28 05:25:34,303 INFO o.a.j.t.JMeterThread: Thread started: Estudiantes concurrentes 1-29
2026-09-28 05:25:34,902 INFO o.a.j.t.JMeterThread: Thread started: Estudiantes concurrentes 1-30
2026-09-28 05:25:35,502 INFO o.a.j.t.JMeterThread: Thread started: Estudiantes concurrentes 1-31
2026-09-28 05:25:36,102 INFO o.a.j.t.JMeterThread: Thread started: Estudiantes concurrentes 1-32
2026-09-28 05:25:36,702 INFO o.a.j.t.JMeterThread: Thread started: Estudiantes concurrentes 1-33
2026-09-28 05:25:37,301 INFO o.a.j.t.JMeterThread: Thread started: Estudiantes concurrentes 1-34
2026-09-28 05:25:37,900 INFO o.a.j.t.JMeterThread: Thread started: Estudiantes concurrentes 1-35
2026-09-28 05:25:38,502 INFO o.a.j.t.JMeterThread: Thread started: Estudiantes concurrentes 1-36
2026-09-28 05:25:39,101 INFO o.a.j.t.JMeterThread: Thread started: Estudiantes concurrentes 1-37
2026-09-28 05:25:39,701 INFO o.a.j.t.JMeterThread: Thread started: Estudiantes concurrentes 1-38
2026-09-28 05:25:40,303 INFO o.a.j.t.JMeterThread: Thread started: Estudiantes concurrentes 1-39
2026-09-28 05:25:40,901 INFO o.a.j.t.JMeterThread: Thread started: Estudiantes concurrentes 1-40
2026-09-28 05:25:41,502 INFO o.a.j.t.JMeterThread: Thread started: Estudiantes concurrentes 1-41
2026-09-28 05:25:42,102 INFO o.a.j.t.JMeterThread: Thread started: Estudiantes concurrentes 1-42
2026-09-28 05:25:42,702 INFO o.a.j.t.JMeterThread: Thread started: Estudiantes concurrentes 1-43
2026-09-28 05:25:43,301 INFO o.a.j.t.JMeterThread: Thread started: Estudiantes concurrentes 1-44
2026-09-28 05:25:43,902 INFO o.a.j.t.JMeterThread: Thread started: Estudiantes concurrentes 1-45
2026-09-28 05:25:44,501 INFO o.a.j.t.JMeterThread: Thread started: Estudiantes concurrentes 1-46
2026-09-28 05:25:45,101 INFO o.a.j.t.JMeterThread: Thread started: Estudiantes concurrentes 1-47
2026-09-28 05:25:45,701 INFO o.a.j.t.JMeterThread: Thread started: Estudiantes concurrentes 1-48
2026-09-28 05:25:46,301 INFO o.a.j.t.JMeterThread: Thread started: Estudiantes concurrentes 1-49
2026-09-28 05:25:46,902 INFO o.a.j.t.JMeterThread: Thread started: Estudiantes concurrentes 1-50
2026-09-28 05:26:00,109 INFO o.a.j.r.Summariser: summary +    230 in 00:00:30 =    7.6/s Avg:   128 Min:    67 Max:  1335 Err:     0 (0.00%) Active: 50 Started: 50 Finished: 0
2026-09-28 05:26:00,110 INFO o.a.j.r.Summariser: summary =    247 in 00:00:43 =    5.8/s Avg:   149 Min:    67 Max:  1335 Err:     0 (0.00%)
2026-09-28 05:26:30,138 INFO o.a.j.r.Summariser: summary +    296 in 00:00:30 =    9.9/s Avg:   101 Min:    69 Max:   442 Err:     0 (0.00%) Active: 50 Started: 50 Finished: 0
2026-09-28 05:26:30,139 INFO o.a.j.r.Summariser: summary =    543 in 00:01:13 =    7.5/s Avg:   123 Min:    67 Max:  1335 Err:     0 (0.00%)
2026-09-28 05:27:00,184 INFO o.a.j.r.Summariser: summary +    295 in 00:00:30 =    9.8/s Avg:   137 Min:    69 Max:  1379 Err:     0 (0.00%) Active: 50 Started: 50 Finished: 0
2026-09-28 05:27:00,185 INFO o.a.j.r.Summariser: summary =    838 in 00:01:43 =    8.2/s Avg:   128 Min:    67 Max:  1379 Err:     0 (0.00%)
2026-09-28 05:27:30,261 INFO o.a.j.r.Summariser: summary +    294 in 00:00:30 =    9.8/s Avg:    92 Min:    70 Max:   404 Err:     0 (0.00%) Active: 50 Started: 50 Finished: 0
2026-09-28 05:27:30,263 INFO o.a.j.r.Summariser: summary =   1132 in 00:02:13 =    8.5/s Avg:   118 Min:    67 Max:  1379 Err:     0 (0.00%)
2026-09-28 05:28:00,296 INFO o.a.j.r.Summariser: summary +    294 in 00:00:30 =    9.8/s Avg:   166 Min:    67 Max:  1391 Err:     0 (0.00%) Active: 50 Started: 50 Finished: 0
2026-09-28 05:28:00,298 INFO o.a.j.r.Summariser: summary =   1426 in 00:02:43 =    8.8/s Avg:   128 Min:    67 Max:  1391 Err:     0 (0.00%)
2026-09-28 05:28:30,241 INFO o.a.j.r.Summariser: summary +    293 in 00:00:30 =    9.8/s Avg:    92 Min:    69 Max:   411 Err:     0 (0.00%) Active: 50 Started: 50 Finished: 0
2026-09-28 05:28:30,242 INFO o.a.j.r.Summariser: summary =   1719 in 00:03:13 =    8.9/s Avg:   122 Min:    67 Max:  1391 Err:     0 (0.00%)
2026-09-28 05:28:50,091 INFO o.a.j.t.JMeterThread: Thread is done: Estudiantes concurrentes 1-4
2026-09-28 05:28:50,091 INFO o.a.j.t.JMeterThread: Thread finished: Estudiantes concurrentes 1-4
2026-09-28 05:28:50,781 INFO o.a.j.t.JMeterThread: Thread is done: Estudiantes concurrentes 1-2
2026-09-28 05:28:50,783 INFO o.a.j.t.JMeterThread: Thread finished: Estudiantes concurrentes 1-2
2026-09-28 05:28:51,084 INFO o.a.j.t.JMeterThread: Thread is done: Estudiantes concurrentes 1-5
2026-09-28 05:28:51,085 INFO o.a.j.t.JMeterThread: Thread finished: Estudiantes concurrentes 1-5
2026-09-28 05:28:51,189 INFO o.a.j.t.JMeterThread: Thread is done: Estudiantes concurrentes 1-6
2026-09-28 05:28:51,189 INFO o.a.j.t.JMeterThread: Thread finished: Estudiantes concurrentes 1-6
2026-09-28 05:28:53,867 INFO o.a.j.t.JMeterThread: Thread is done: Estudiantes concurrentes 1-7
2026-09-28 05:28:53,867 INFO o.a.j.t.JMeterThread: Thread finished: Estudiantes concurrentes 1-7
2026-09-28 05:28:54,597 INFO o.a.j.t.JMeterThread: Thread is done: Estudiantes concurrentes 1-8
2026-09-28 05:28:54,597 INFO o.a.j.t.JMeterThread: Thread finished: Estudiantes concurrentes 1-8
2026-09-28 05:28:54,934 INFO o.a.j.t.JMeterThread: Thread is done: Estudiantes concurrentes 1-3
2026-09-28 05:28:54,935 INFO o.a.j.t.JMeterThread: Thread finished: Estudiantes concurrentes 1-3
2026-09-28 05:28:55,183 INFO o.a.j.t.JMeterThread: Thread is done: Estudiantes concurrentes 1-1
2026-09-28 05:28:55,184 INFO o.a.j.t.JMeterThread: Thread finished: Estudiantes concurrentes 1-1
2026-09-28 05:28:56,593 INFO o.a.j.t.JMeterThread: Thread is done: Estudiantes concurrentes 1-13
2026-09-28 05:28:56,594 INFO o.a.j.t.JMeterThread: Thread finished: Estudiantes concurrentes 1-13
2026-09-28 05:28:56,942 INFO o.a.j.t.JMeterThread: Thread is done: Estudiantes concurrentes 1-15
2026-09-28 05:28:56,943 INFO o.a.j.t.JMeterThread: Thread finished: Estudiantes concurrentes 1-15
2026-09-28 05:28:58,687 INFO o.a.j.t.JMeterThread: Thread is done: Estudiantes concurrentes 1-21
2026-09-28 05:28:58,688 INFO o.a.j.t.JMeterThread: Thread finished: Estudiantes concurrentes 1-21
2026-09-28 05:28:59,162 INFO o.a.j.t.JMeterThread: Thread is done: Estudiantes concurrentes 1-9
2026-09-28 05:28:59,163 INFO o.a.j.t.JMeterThread: Thread finished: Estudiantes concurrentes 1-9
2026-09-28 05:28:59,624 INFO o.a.j.t.JMeterThread: Thread is done: Estudiantes concurrentes 1-10
2026-09-28 05:28:59,625 INFO o.a.j.t.JMeterThread: Thread finished: Estudiantes concurrentes 1-10
2026-09-28 05:29:00,023 INFO o.a.j.r.Summariser: summary +    285 in 00:00:30 =    9.6/s Avg:   156 Min:    73 Max:  1406 Err:     0 (0.00%) Active: 37 Started: 50 Finished: 13
2026-09-28 05:29:00,025 INFO o.a.j.r.Summariser: summary =   2004 in 00:03:43 =    9.0/s Avg:   127 Min:    67 Max:  1406 Err:     0 (0.00%)
2026-09-28 05:29:00,126 INFO o.a.j.t.JMeterThread: Thread is done: Estudiantes concurrentes 1-11
2026-09-28 05:29:00,127 INFO o.a.j.t.JMeterThread: Thread finished: Estudiantes concurrentes 1-11
2026-09-28 05:29:00,229 INFO o.a.j.t.JMeterThread: Thread is done: Estudiantes concurrentes 1-12
2026-09-28 05:29:00,229 INFO o.a.j.t.JMeterThread: Thread finished: Estudiantes concurrentes 1-12
2026-09-28 05:29:00,247 INFO o.a.j.t.JMeterThread: Thread is done: Estudiantes concurrentes 1-27
2026-09-28 05:29:00,248 INFO o.a.j.t.JMeterThread: Thread finished: Estudiantes concurrentes 1-27
2026-09-28 05:29:00,631 INFO o.a.j.t.JMeterThread: Thread is done: Estudiantes concurrentes 1-31
2026-09-28 05:29:00,632 INFO o.a.j.t.JMeterThread: Thread finished: Estudiantes concurrentes 1-31
2026-09-28 05:29:01,738 INFO o.a.j.t.JMeterThread: Thread is done: Estudiantes concurrentes 1-22
2026-09-28 05:29:01,739 INFO o.a.j.t.JMeterThread: Thread finished: Estudiantes concurrentes 1-22
2026-09-28 05:29:02,033 INFO o.a.j.t.JMeterThread: Thread is done: Estudiantes concurrentes 1-17
2026-09-28 05:29:02,034 INFO o.a.j.t.JMeterThread: Thread finished: Estudiantes concurrentes 1-17
2026-09-28 05:29:02,284 INFO o.a.j.t.JMeterThread: Thread is done: Estudiantes concurrentes 1-14
2026-09-28 05:29:02,285 INFO o.a.j.t.JMeterThread: Thread finished: Estudiantes concurrentes 1-14
2026-09-28 05:29:02,680 INFO o.a.j.t.JMeterThread: Thread is done: Estudiantes concurrentes 1-16
2026-09-28 05:29:02,681 INFO o.a.j.t.JMeterThread: Thread finished: Estudiantes concurrentes 1-16
2026-09-28 05:29:03,833 INFO o.a.j.t.JMeterThread: Thread is done: Estudiantes concurrentes 1-28
2026-09-28 05:29:03,834 INFO o.a.j.t.JMeterThread: Thread finished: Estudiantes concurrentes 1-28
2026-09-28 05:29:04,606 INFO o.a.j.t.JMeterThread: Thread is done: Estudiantes concurrentes 1-25
2026-09-28 05:29:04,607 INFO o.a.j.t.JMeterThread: Thread finished: Estudiantes concurrentes 1-25
2026-09-28 05:29:06,060 INFO o.a.j.t.JMeterThread: Thread is done: Estudiantes concurrentes 1-19
2026-09-28 05:29:06,061 INFO o.a.j.t.JMeterThread: Thread finished: Estudiantes concurrentes 1-19
2026-09-28 05:29:06,226 INFO o.a.j.t.JMeterThread: Thread is done: Estudiantes concurrentes 1-24
2026-09-28 05:29:06,227 INFO o.a.j.t.JMeterThread: Thread finished: Estudiantes concurrentes 1-24
2026-09-28 05:29:06,675 INFO o.a.j.t.JMeterThread: Thread is done: Estudiantes concurrentes 1-18
2026-09-28 05:29:06,676 INFO o.a.j.t.JMeterThread: Thread finished: Estudiantes concurrentes 1-18
2026-09-28 05:29:06,941 INFO o.a.j.t.JMeterThread: Thread is done: Estudiantes concurrentes 1-23
2026-09-28 05:29:06,942 INFO o.a.j.t.JMeterThread: Thread finished: Estudiantes concurrentes 1-23
2026-09-28 05:29:08,674 INFO o.a.j.t.JMeterThread: Thread is done: Estudiantes concurrentes 1-26
2026-09-28 05:29:08,675 INFO o.a.j.t.JMeterThread: Thread finished: Estudiantes concurrentes 1-26
2026-09-28 05:29:08,952 INFO o.a.j.t.JMeterThread: Thread is done: Estudiantes concurrentes 1-38
2026-09-28 05:29:08,953 INFO o.a.j.t.JMeterThread: Thread finished: Estudiantes concurrentes 1-38
2026-09-28 05:29:09,323 INFO o.a.j.t.JMeterThread: Thread is done: Estudiantes concurrentes 1-20
2026-09-28 05:29:09,324 INFO o.a.j.t.JMeterThread: Thread finished: Estudiantes concurrentes 1-20
2026-09-28 05:29:09,962 INFO o.a.j.t.JMeterThread: Thread is done: Estudiantes concurrentes 1-32
2026-09-28 05:29:09,962 INFO o.a.j.t.JMeterThread: Thread finished: Estudiantes concurrentes 1-32
2026-09-28 05:29:10,599 INFO o.a.j.t.JMeterThread: Thread is done: Estudiantes concurrentes 1-29
2026-09-28 05:29:10,600 INFO o.a.j.t.JMeterThread: Thread finished: Estudiantes concurrentes 1-29
2026-09-28 05:29:11,614 INFO o.a.j.t.JMeterThread: Thread is done: Estudiantes concurrentes 1-43
2026-09-28 05:29:11,615 INFO o.a.j.t.JMeterThread: Thread finished: Estudiantes concurrentes 1-43
2026-09-28 05:29:11,765 INFO o.a.j.t.JMeterThread: Thread is done: Estudiantes concurrentes 1-35
2026-09-28 05:29:11,765 INFO o.a.j.t.JMeterThread: Thread finished: Estudiantes concurrentes 1-35
2026-09-28 05:29:13,723 INFO o.a.j.t.JMeterThread: Thread is done: Estudiantes concurrentes 1-33
2026-09-28 05:29:13,724 INFO o.a.j.t.JMeterThread: Thread finished: Estudiantes concurrentes 1-33
2026-09-28 05:29:13,845 INFO o.a.j.t.JMeterThread: Thread is done: Estudiantes concurrentes 1-30
2026-09-28 05:29:13,893 INFO o.a.j.t.JMeterThread: Thread finished: Estudiantes concurrentes 1-30
2026-09-28 05:29:13,988 INFO o.a.j.t.JMeterThread: Thread is done: Estudiantes concurrentes 1-42
2026-09-28 05:29:13,989 INFO o.a.j.t.JMeterThread: Thread finished: Estudiantes concurrentes 1-42
2026-09-28 05:29:14,634 INFO o.a.j.t.JMeterThread: Thread is done: Estudiantes concurrentes 1-37
2026-09-28 05:29:14,635 INFO o.a.j.t.JMeterThread: Thread finished: Estudiantes concurrentes 1-37
2026-09-28 05:29:15,700 INFO o.a.j.t.JMeterThread: Thread is done: Estudiantes concurrentes 1-46
2026-09-28 05:29:15,701 INFO o.a.j.t.JMeterThread: Thread finished: Estudiantes concurrentes 1-46
2026-09-28 05:29:16,014 INFO o.a.j.t.JMeterThread: Thread is done: Estudiantes concurrentes 1-40
2026-09-28 05:29:16,015 INFO o.a.j.t.JMeterThread: Thread finished: Estudiantes concurrentes 1-40
2026-09-28 05:29:16,720 INFO o.a.j.t.JMeterThread: Thread is done: Estudiantes concurrentes 1-34
2026-09-28 05:29:16,721 INFO o.a.j.t.JMeterThread: Thread finished: Estudiantes concurrentes 1-34
2026-09-28 05:29:16,907 INFO o.a.j.t.JMeterThread: Thread is done: Estudiantes concurrentes 1-45
2026-09-28 05:29:16,908 INFO o.a.j.t.JMeterThread: Thread finished: Estudiantes concurrentes 1-45
2026-09-28 05:29:17,496 INFO o.a.j.t.JMeterThread: Thread is done: Estudiantes concurrentes 1-36
2026-09-28 05:29:17,498 INFO o.a.j.t.JMeterThread: Thread finished: Estudiantes concurrentes 1-36
2026-09-28 05:29:17,753 INFO o.a.j.t.JMeterThread: Thread is done: Estudiantes concurrentes 1-41
2026-09-28 05:29:17,754 INFO o.a.j.t.JMeterThread: Thread finished: Estudiantes concurrentes 1-41
2026-09-28 05:29:18,352 INFO o.a.j.t.JMeterThread: Thread is done: Estudiantes concurrentes 1-50
2026-09-28 05:29:18,353 INFO o.a.j.t.JMeterThread: Thread finished: Estudiantes concurrentes 1-50
2026-09-28 05:29:18,537 INFO o.a.j.t.JMeterThread: Thread is done: Estudiantes concurrentes 1-44
2026-09-28 05:29:18,538 INFO o.a.j.t.JMeterThread: Thread finished: Estudiantes concurrentes 1-44
2026-09-28 05:29:18,765 INFO o.a.j.t.JMeterThread: Thread is done: Estudiantes concurrentes 1-39
2026-09-28 05:29:18,765 INFO o.a.j.t.JMeterThread: Thread finished: Estudiantes concurrentes 1-39
2026-09-28 05:29:19,342 INFO o.a.j.t.JMeterThread: Thread is done: Estudiantes concurrentes 1-48
2026-09-28 05:29:19,342 INFO o.a.j.t.JMeterThread: Thread finished: Estudiantes concurrentes 1-48
2026-09-28 05:29:24,612 INFO o.a.j.t.JMeterThread: Thread is done: Estudiantes concurrentes 1-49
2026-09-28 05:29:24,613 INFO o.a.j.t.JMeterThread: Thread finished: Estudiantes concurrentes 1-49
2026-09-28 05:29:28,344 INFO o.a.j.t.JMeterThread: Thread is done: Estudiantes concurrentes 1-47
2026-09-28 05:29:28,344 INFO o.a.j.t.JMeterThread: Thread finished: Estudiantes concurrentes 1-47
2026-09-28 05:29:28,348 INFO o.a.j.e.StandardJMeterEngine: Notifying test listeners of end of test
2026-09-28 05:29:28,352 INFO o.a.j.s.FileServer: Close: /jmeter/capacity/tokens.csv
2026-09-28 05:29:28,401 INFO o.a.j.r.Summariser: summary +     96 in 00:00:28 =    3.4/s Avg:    92 Min:    71 Max:   117 Err:     0 (0.00%) Active: 0 Started: 50 Finished: 50
2026-09-28 05:29:28,402 INFO o.a.j.r.Summariser: summary =   2100 in 00:04:11 =    8.4/s Avg:   125 Min:    67 Max:  1406 Err:     0 (0.00%)
