==> login-rafaga_20260927_224652 (escenario1_login_rafaga.jmx): 20 usuarios contra https://34.24.52.111.sslip.io
Sep 28, 2026 5:47:04 AM java.util.prefs.FileSystemPreferences$1 run
INFO: Created user preferences directory.
START Running Jmeter on Mon Sep 28 05:46:54 CEST 2026
JVM_ARGS=-Xmn428m -Xms1712m -Xmx1712m
jmeter args=-n -t /jmeter/escenario1_login_rafaga.jmx -l /jmeter/resultados/login-rafaga_20260927_224652/resultados.jtl -j /jmeter/resultados/login-rafaga_20260927_224652/jmeter.log -Jusers=20 -Jramp=1 -Jsessions=3 -Jthink_ms=4000 -Jthink_range_ms=2000 -Jhost=34.24.52.111.sslip.io -Jport=443 -Jprotocol=https -Jorigin=https://34.24.52.111.sslip.io -JrunId=login-rafaga_20260927_224652 -Jtokens=/jmeter/capacity/tokens.csv -q /jmeter/capacity/login.properties
jmeter ALL ARGS=-Dlog4j2.formatMsgNoLookups=true -n -t /jmeter/escenario1_login_rafaga.jmx -l /jmeter/resultados/login-rafaga_20260927_224652/resultados.jtl -j /jmeter/resultados/login-rafaga_20260927_224652/jmeter.log -Jusers=20 -Jramp=1 -Jsessions=3 -Jthink_ms=4000 -Jthink_range_ms=2000 -Jhost=34.24.52.111.sslip.io -Jport=443 -Jprotocol=https -Jorigin=https://34.24.52.111.sslip.io -JrunId=login-rafaga_20260927_224652 -Jtokens=/jmeter/capacity/tokens.csv -q /jmeter/capacity/login.properties
Creating summariser <summary>
Created the tree successfully using /jmeter/escenario1_login_rafaga.jmx
Starting standalone test @ September 28, 2026 5:47:06 AM CEST (1790567226377)
Waiting for possible Shutdown/StopTestNow/HeapDump/ThreadDump message on port 4445
summary =     20 in 00:00:03 =    7.4/s Avg:  1667 Min:  1278 Max:  2035 Err:    10 (50.00%)
Tidying up ...    @ September 28, 2026 5:47:10 AM CEST (1790567230271)
... end of run
END Running Jmeter on Mon Sep 28 05:47:11 CEST 2026
Muestras totales: 20  | consideradas (tras omitir 0 s de calentamiento): 20
Duracion de la corrida: 2 s  | hilos maximos: 20

Resultado de las peticiones medidas:
       10   50.00%  negocio: 429 limite de tasa
       10   50.00%  ok

Fallos reales: 0 (0.00%)  | fallos de validacion funcional: 0 (0.00%)

paso                                                            n    p50    p95    p99    max  fallos
L1 POST login (rafaga)                                         20   1673   2035   2035   2035      10

Global ms: p50=1673 p95=2035 p99=2035  | rendimiento: 20.0 peticiones/s
Timeouts: 0

Mensajes de fallo mas frecuentes:
     10  Test failed: code expected to equal /

****** received  : [[[429]]]

****** comparison: [[[200]]]

/
==> Resultados originales: /c/Users/LENOVO/OneDrive/Documentos/Uniandes/Plataforma-MOOC/docs/entrega2/evidencias/H3/resultados/login-rafaga_20260927_224652/resultados.jtl
