2026-09-28 06:00:36,866 INFO o.a.j.u.JMeterUtils: Setting Locale to en_EN
2026-09-28 06:00:36,915 INFO o.a.j.JMeter: Loading user properties from: /opt/apache-jmeter-5.5/bin/user.properties
2026-09-28 06:00:36,917 INFO o.a.j.JMeter: Loading system properties from: /opt/apache-jmeter-5.5/bin/system.properties
2026-09-28 06:00:36,918 INFO o.a.j.JMeter: Setting System property: log4j2.formatMsgNoLookups=true
2026-09-28 06:00:36,918 INFO o.a.j.JMeter: Setting JMeter property: users=200
2026-09-28 06:00:36,919 INFO o.a.j.JMeter: Setting JMeter property: ramp=60
2026-09-28 06:00:36,919 INFO o.a.j.JMeter: Setting JMeter property: sessions=3
2026-09-28 06:00:36,920 INFO o.a.j.JMeter: Setting JMeter property: think_ms=4000
2026-09-28 06:00:36,920 INFO o.a.j.JMeter: Setting JMeter property: think_range_ms=2000
2026-09-28 06:00:36,921 INFO o.a.j.JMeter: Setting JMeter property: host=34.24.52.111.sslip.io
2026-09-28 06:00:36,921 INFO o.a.j.JMeter: Setting JMeter property: port=443
2026-09-28 06:00:36,921 INFO o.a.j.JMeter: Setting JMeter property: protocol=https
2026-09-28 06:00:36,922 INFO o.a.j.JMeter: Setting JMeter property: origin=https://34.24.52.111.sslip.io
2026-09-28 06:00:36,922 INFO o.a.j.JMeter: Setting JMeter property: runId=A-nivel200-rep-r2_20260927_230031
2026-09-28 06:00:36,922 INFO o.a.j.JMeter: Setting JMeter property: tokens=/jmeter/capacity/tokens.csv
2026-09-28 06:00:36,940 INFO o.a.j.JMeter: Copyright (c) 1998-2022 The Apache Software Foundation
2026-09-28 06:00:36,940 INFO o.a.j.JMeter: Version 5.5
2026-09-28 06:00:36,941 INFO o.a.j.JMeter: java.version=1.8.0_275
2026-09-28 06:00:36,942 INFO o.a.j.JMeter: java.vm.name=OpenJDK 64-Bit Server VM
2026-09-28 06:00:36,942 INFO o.a.j.JMeter: os.name=Linux
2026-09-28 06:00:36,943 INFO o.a.j.JMeter: os.arch=amd64
2026-09-28 06:00:36,943 INFO o.a.j.JMeter: os.version=5.15.167.4-microsoft-standard-WSL2
2026-09-28 06:00:36,944 INFO o.a.j.JMeter: file.encoding=UTF-8
2026-09-28 06:00:36,945 INFO o.a.j.JMeter: java.awt.headless=true
2026-09-28 06:00:36,945 INFO o.a.j.JMeter: Max memory     =1719664640
2026-09-28 06:00:36,946 INFO o.a.j.JMeter: Available Processors =12
2026-09-28 06:00:36,964 INFO o.a.j.JMeter: Default Locale=English (EN)
2026-09-28 06:00:36,965 INFO o.a.j.JMeter: JMeter  Locale=English (EN)
2026-09-28 06:00:36,966 INFO o.a.j.JMeter: JMeterHome=/opt/apache-jmeter-5.5
2026-09-28 06:00:36,966 INFO o.a.j.JMeter: user.dir  =/opt/apache-jmeter-5.5
2026-09-28 06:00:36,967 INFO o.a.j.JMeter: PWD       =/opt/apache-jmeter-5.5
2026-09-28 06:00:36,967 INFO o.a.j.JMeter: IP: 172.17.0.2 Name: 752053391d30 FullName: 752053391d30
2026-09-28 06:00:37,042 INFO o.a.j.s.FileServer: Default base='/opt/apache-jmeter-5.5'
2026-09-28 06:00:37,044 INFO o.a.j.s.FileServer: Set new base='/jmeter'
2026-09-28 06:00:37,360 INFO o.a.j.s.SaveService: Testplan (JMX) version: 2.2. Testlog (JTL) version: 2.2
2026-09-28 06:00:37,401 INFO o.a.j.s.SaveService: Using SaveService properties file encoding UTF-8
2026-09-28 06:00:37,416 INFO o.a.j.s.SaveService: Using SaveService properties version 5.0
2026-09-28 06:00:37,432 INFO o.a.j.s.SaveService: Loading file: /jmeter/escenario1.jmx
2026-09-28 06:00:37,593 INFO o.a.j.p.h.s.HTTPSamplerBase: Parser for text/html is org.apache.jmeter.protocol.http.parser.LagartoBasedHtmlParser
2026-09-28 06:00:37,594 INFO o.a.j.p.h.s.HTTPSamplerBase: Parser for application/xhtml+xml is org.apache.jmeter.protocol.http.parser.LagartoBasedHtmlParser
2026-09-28 06:00:37,595 INFO o.a.j.p.h.s.HTTPSamplerBase: Parser for application/xml is org.apache.jmeter.protocol.http.parser.LagartoBasedHtmlParser
2026-09-28 06:00:37,596 INFO o.a.j.p.h.s.HTTPSamplerBase: Parser for text/xml is org.apache.jmeter.protocol.http.parser.LagartoBasedHtmlParser
2026-09-28 06:00:37,596 INFO o.a.j.p.h.s.HTTPSamplerBase: Parser for text/vnd.wap.wml is org.apache.jmeter.protocol.http.parser.RegexpHTMLParser
2026-09-28 06:00:37,597 INFO o.a.j.p.h.s.HTTPSamplerBase: Parser for text/css is org.apache.jmeter.protocol.http.parser.CssParser
2026-09-28 06:00:38,517 INFO o.a.j.JMeter: Creating summariser <summary>
2026-09-28 06:00:38,539 INFO o.a.j.e.StandardJMeterEngine: Running the test!
2026-09-28 06:00:38,541 INFO o.a.j.s.SampleEvent: List of sample_variables: []
2026-09-28 06:00:38,542 INFO o.a.j.s.SampleEvent: List of sample_variables: []
2026-09-28 06:00:38,555 INFO o.a.j.e.u.CompoundVariable: Note: Function class names must contain the string: '.functions.'
2026-09-28 06:00:38,555 INFO o.a.j.e.u.CompoundVariable: Note: Function class names must not contain the string: '.gui.'
2026-09-28 06:00:39,746 INFO o.a.j.JMeter: Running test (1790568039746)
2026-09-28 06:00:39,869 INFO o.a.j.e.StandardJMeterEngine: Starting ThreadGroup: 1 : Estudiantes concurrentes
2026-09-28 06:00:39,870 INFO o.a.j.e.StandardJMeterEngine: Starting 200 threads for group Estudiantes concurrentes.
2026-09-28 06:00:39,871 INFO o.a.j.e.StandardJMeterEngine: Thread will continue on error
2026-09-28 06:00:39,872 INFO o.a.j.t.ThreadGroup: Starting thread group... number=1 threads=200 ramp-up=60 delayedStart=false
2026-09-28 06:00:39,924 INFO o.a.j.t.JMeterThread: Thread started: Estudiantes concurrentes 1-1
2026-09-28 06:00:39,932 INFO o.a.j.s.FileServer: Stored: /jmeter/capacity/tokens.csv
2026-09-28 06:00:40,210 INFO o.a.j.t.JMeterThread: Thread started: Estudiantes concurrentes 1-2
2026-09-28 06:00:40,506 INFO o.a.j.t.JMeterThread: Thread started: Estudiantes concurrentes 1-3
2026-09-28 06:00:40,542 INFO o.a.j.t.ThreadGroup: Started thread group number 1
2026-09-28 06:00:40,544 INFO o.a.j.e.StandardJMeterEngine: All thread groups have been started
2026-09-28 06:00:40,800 INFO o.a.j.t.JMeterThread: Thread started: Estudiantes concurrentes 1-4
2026-09-28 06:00:41,095 INFO o.a.j.t.JMeterThread: Thread started: Estudiantes concurrentes 1-5
2026-09-28 06:00:41,400 INFO o.a.j.t.JMeterThread: Thread started: Estudiantes concurrentes 1-6
2026-09-28 06:00:41,687 INFO o.a.j.t.JMeterThread: Thread started: Estudiantes concurrentes 1-7
2026-09-28 06:00:41,984 INFO o.a.j.t.JMeterThread: Thread started: Estudiantes concurrentes 1-8
2026-09-28 06:00:42,279 INFO o.a.j.t.JMeterThread: Thread started: Estudiantes concurrentes 1-9
2026-09-28 06:00:42,579 INFO o.a.j.t.JMeterThread: Thread started: Estudiantes concurrentes 1-10
2026-09-28 06:00:42,878 INFO o.a.j.t.JMeterThread: Thread started: Estudiantes concurrentes 1-11
2026-09-28 06:00:43,176 INFO o.a.j.t.JMeterThread: Thread started: Estudiantes concurrentes 1-12
2026-09-28 06:00:43,478 INFO o.a.j.t.JMeterThread: Thread started: Estudiantes concurrentes 1-13
2026-09-28 06:00:43,778 INFO o.a.j.t.JMeterThread: Thread started: Estudiantes concurrentes 1-14
2026-09-28 06:00:44,077 INFO o.a.j.t.JMeterThread: Thread started: Estudiantes concurrentes 1-15
2026-09-28 06:00:44,381 INFO o.a.j.t.JMeterThread: Thread started: Estudiantes concurrentes 1-16
2026-09-28 06:00:44,682 INFO o.a.j.t.JMeterThread: Thread started: Estudiantes concurrentes 1-17
2026-09-28 06:00:44,981 INFO o.a.j.t.JMeterThread: Thread started: Estudiantes concurrentes 1-18
2026-09-28 06:00:45,284 INFO o.a.j.t.JMeterThread: Thread started: Estudiantes concurrentes 1-19
2026-09-28 06:00:45,581 INFO o.a.j.t.JMeterThread: Thread started: Estudiantes concurrentes 1-20
2026-09-28 06:00:45,880 INFO o.a.j.t.JMeterThread: Thread started: Estudiantes concurrentes 1-21
2026-09-28 06:00:46,176 INFO o.a.j.t.JMeterThread: Thread started: Estudiantes concurrentes 1-22
2026-09-28 06:00:46,388 INFO o.a.j.p.h.s.HTTPHCAbstractImpl: Local host = 752053391d30
2026-09-28 06:00:46,402 INFO o.a.j.p.h.s.HTTPHC4Impl: HTTP request retry count = 0
2026-09-28 06:00:46,406 INFO o.a.j.s.SampleResult: Note: Sample TimeStamps are START times
2026-09-28 06:00:46,406 INFO o.a.j.s.SampleResult: sampleresult.default.encoding is set to ISO-8859-1
2026-09-28 06:00:46,407 INFO o.a.j.s.SampleResult: sampleresult.useNanoTime=true
2026-09-28 06:00:46,407 INFO o.a.j.s.SampleResult: sampleresult.nanoThreadSleep=5000
2026-09-28 06:00:46,478 INFO o.a.j.t.JMeterThread: Thread started: Estudiantes concurrentes 1-23
2026-09-28 06:00:46,776 INFO o.a.j.t.JMeterThread: Thread started: Estudiantes concurrentes 1-24
2026-09-28 06:00:47,028 INFO o.a.j.p.h.s.h.LazyLayeredConnectionSocketFactory: Setting up HTTPS TrustAll Socket Factory
2026-09-28 06:00:47,052 INFO o.a.j.u.JsseSSLManager: Using default SSL protocol: TLS
2026-09-28 06:00:47,053 INFO o.a.j.u.JsseSSLManager: SSL session context: per-thread
2026-09-28 06:00:47,082 INFO o.a.j.t.JMeterThread: Thread started: Estudiantes concurrentes 1-25
2026-09-28 06:00:47,289 INFO o.a.j.u.SSLManager: JmeterKeyStore Location:  type JKS
2026-09-28 06:00:47,297 INFO o.a.j.u.SSLManager: KeyStore created OK
2026-09-28 06:00:47,297 WARN o.a.j.u.SSLManager: Keystore file not found, loading empty keystore
2026-09-28 06:00:47,384 INFO o.a.j.t.JMeterThread: Thread started: Estudiantes concurrentes 1-26
2026-09-28 06:00:47,678 INFO o.a.j.t.JMeterThread: Thread started: Estudiantes concurrentes 1-27
2026-09-28 06:00:47,982 INFO o.a.j.t.JMeterThread: Thread started: Estudiantes concurrentes 1-28
2026-09-28 06:00:48,278 INFO o.a.j.t.JMeterThread: Thread started: Estudiantes concurrentes 1-29
2026-09-28 06:00:48,579 INFO o.a.j.t.JMeterThread: Thread started: Estudiantes concurrentes 1-30
2026-09-28 06:00:48,880 INFO o.a.j.t.JMeterThread: Thread started: Estudiantes concurrentes 1-31
2026-09-28 06:00:49,179 INFO o.a.j.t.JMeterThread: Thread started: Estudiantes concurrentes 1-32
2026-09-28 06:00:49,479 INFO o.a.j.t.JMeterThread: Thread started: Estudiantes concurrentes 1-33
2026-09-28 06:00:49,779 INFO o.a.j.t.JMeterThread: Thread started: Estudiantes concurrentes 1-34
2026-09-28 06:00:50,074 INFO o.a.j.t.JMeterThread: Thread started: Estudiantes concurrentes 1-35
2026-09-28 06:00:50,375 INFO o.a.j.t.JMeterThread: Thread started: Estudiantes concurrentes 1-36
2026-09-28 06:00:50,676 INFO o.a.j.t.JMeterThread: Thread started: Estudiantes concurrentes 1-37
2026-09-28 06:00:50,974 INFO o.a.j.t.JMeterThread: Thread started: Estudiantes concurrentes 1-38
2026-09-28 06:00:51,276 INFO o.a.j.t.JMeterThread: Thread started: Estudiantes concurrentes 1-39
2026-09-28 06:00:51,575 INFO o.a.j.t.JMeterThread: Thread started: Estudiantes concurrentes 1-40
2026-09-28 06:00:51,878 INFO o.a.j.t.JMeterThread: Thread started: Estudiantes concurrentes 1-41
2026-09-28 06:00:52,176 INFO o.a.j.t.JMeterThread: Thread started: Estudiantes concurrentes 1-42
2026-09-28 06:00:52,476 INFO o.a.j.t.JMeterThread: Thread started: Estudiantes concurrentes 1-43
2026-09-28 06:00:52,776 INFO o.a.j.t.JMeterThread: Thread started: Estudiantes concurrentes 1-44
2026-09-28 06:00:53,076 INFO o.a.j.t.JMeterThread: Thread started: Estudiantes concurrentes 1-45
2026-09-28 06:00:53,375 INFO o.a.j.t.JMeterThread: Thread started: Estudiantes concurrentes 1-46
2026-09-28 06:00:53,678 INFO o.a.j.t.JMeterThread: Thread started: Estudiantes concurrentes 1-47
2026-09-28 06:00:53,975 INFO o.a.j.t.JMeterThread: Thread started: Estudiantes concurrentes 1-48
2026-09-28 06:00:54,275 INFO o.a.j.t.JMeterThread: Thread started: Estudiantes concurrentes 1-49
2026-09-28 06:00:54,577 INFO o.a.j.t.JMeterThread: Thread started: Estudiantes concurrentes 1-50
2026-09-28 06:00:54,876 INFO o.a.j.t.JMeterThread: Thread started: Estudiantes concurrentes 1-51
2026-09-28 06:00:55,178 INFO o.a.j.t.JMeterThread: Thread started: Estudiantes concurrentes 1-52
2026-09-28 06:00:55,477 INFO o.a.j.t.JMeterThread: Thread started: Estudiantes concurrentes 1-53
2026-09-28 06:00:55,776 INFO o.a.j.t.JMeterThread: Thread started: Estudiantes concurrentes 1-54
2026-09-28 06:00:56,076 INFO o.a.j.t.JMeterThread: Thread started: Estudiantes concurrentes 1-55
2026-09-28 06:00:56,381 INFO o.a.j.t.JMeterThread: Thread started: Estudiantes concurrentes 1-56
2026-09-28 06:00:56,676 INFO o.a.j.t.JMeterThread: Thread started: Estudiantes concurrentes 1-57
2026-09-28 06:00:56,979 INFO o.a.j.t.JMeterThread: Thread started: Estudiantes concurrentes 1-58
2026-09-28 06:00:57,277 INFO o.a.j.t.JMeterThread: Thread started: Estudiantes concurrentes 1-59
2026-09-28 06:00:57,581 INFO o.a.j.t.JMeterThread: Thread started: Estudiantes concurrentes 1-60
2026-09-28 06:00:57,877 INFO o.a.j.t.JMeterThread: Thread started: Estudiantes concurrentes 1-61
2026-09-28 06:00:58,177 INFO o.a.j.t.JMeterThread: Thread started: Estudiantes concurrentes 1-62
2026-09-28 06:00:58,476 INFO o.a.j.t.JMeterThread: Thread started: Estudiantes concurrentes 1-63
2026-09-28 06:00:58,777 INFO o.a.j.t.JMeterThread: Thread started: Estudiantes concurrentes 1-64
2026-09-28 06:00:59,078 INFO o.a.j.t.JMeterThread: Thread started: Estudiantes concurrentes 1-65
2026-09-28 06:00:59,384 INFO o.a.j.t.JMeterThread: Thread started: Estudiantes concurrentes 1-66
2026-09-28 06:00:59,677 INFO o.a.j.t.JMeterThread: Thread started: Estudiantes concurrentes 1-67
2026-09-28 06:00:59,977 INFO o.a.j.t.JMeterThread: Thread started: Estudiantes concurrentes 1-68
2026-09-28 06:01:00,079 INFO o.a.j.r.Summariser: summary +     99 in 00:00:20 =    4.9/s Avg:   279 Min:    69 Max:  1559 Err:     0 (0.00%) Active: 68 Started: 68 Finished: 0
2026-09-28 06:01:00,277 INFO o.a.j.t.JMeterThread: Thread started: Estudiantes concurrentes 1-69
2026-09-28 06:01:00,577 INFO o.a.j.t.JMeterThread: Thread started: Estudiantes concurrentes 1-70
2026-09-28 06:01:00,880 INFO o.a.j.t.JMeterThread: Thread started: Estudiantes concurrentes 1-71
2026-09-28 06:01:01,177 INFO o.a.j.t.JMeterThread: Thread started: Estudiantes concurrentes 1-72
2026-09-28 06:01:01,478 INFO o.a.j.t.JMeterThread: Thread started: Estudiantes concurrentes 1-73
2026-09-28 06:01:01,779 INFO o.a.j.t.JMeterThread: Thread started: Estudiantes concurrentes 1-74
2026-09-28 06:01:02,076 INFO o.a.j.t.JMeterThread: Thread started: Estudiantes concurrentes 1-75
2026-09-28 06:01:02,379 INFO o.a.j.t.JMeterThread: Thread started: Estudiantes concurrentes 1-76
2026-09-28 06:01:02,679 INFO o.a.j.t.JMeterThread: Thread started: Estudiantes concurrentes 1-77
2026-09-28 06:01:02,979 INFO o.a.j.t.JMeterThread: Thread started: Estudiantes concurrentes 1-78
2026-09-28 06:01:03,280 INFO o.a.j.t.JMeterThread: Thread started: Estudiantes concurrentes 1-79
2026-09-28 06:01:03,578 INFO o.a.j.t.JMeterThread: Thread started: Estudiantes concurrentes 1-80
2026-09-28 06:01:03,878 INFO o.a.j.t.JMeterThread: Thread started: Estudiantes concurrentes 1-81
2026-09-28 06:01:04,179 INFO o.a.j.t.JMeterThread: Thread started: Estudiantes concurrentes 1-82
2026-09-28 06:01:04,480 INFO o.a.j.t.JMeterThread: Thread started: Estudiantes concurrentes 1-83
2026-09-28 06:01:04,780 INFO o.a.j.t.JMeterThread: Thread started: Estudiantes concurrentes 1-84
2026-09-28 06:01:05,079 INFO o.a.j.t.JMeterThread: Thread started: Estudiantes concurrentes 1-85
2026-09-28 06:01:05,455 INFO o.a.j.t.JMeterThread: Thread started: Estudiantes concurrentes 1-86
2026-09-28 06:01:05,801 INFO o.a.j.t.JMeterThread: Thread started: Estudiantes concurrentes 1-87
2026-09-28 06:01:06,005 INFO o.a.j.t.JMeterThread: Thread started: Estudiantes concurrentes 1-88
2026-09-28 06:01:06,280 INFO o.a.j.t.JMeterThread: Thread started: Estudiantes concurrentes 1-89
2026-09-28 06:01:06,577 INFO o.a.j.t.JMeterThread: Thread started: Estudiantes concurrentes 1-90
2026-09-28 06:01:06,881 INFO o.a.j.t.JMeterThread: Thread started: Estudiantes concurrentes 1-91
2026-09-28 06:01:07,181 INFO o.a.j.t.JMeterThread: Thread started: Estudiantes concurrentes 1-92
2026-09-28 06:01:07,481 INFO o.a.j.t.JMeterThread: Thread started: Estudiantes concurrentes 1-93
2026-09-28 06:01:07,782 INFO o.a.j.t.JMeterThread: Thread started: Estudiantes concurrentes 1-94
2026-09-28 06:01:08,079 INFO o.a.j.t.JMeterThread: Thread started: Estudiantes concurrentes 1-95
2026-09-28 06:01:08,652 INFO o.a.j.t.JMeterThread: Thread started: Estudiantes concurrentes 1-96
2026-09-28 06:01:08,678 INFO o.a.j.t.JMeterThread: Thread started: Estudiantes concurrentes 1-97
2026-09-28 06:01:08,978 INFO o.a.j.t.JMeterThread: Thread started: Estudiantes concurrentes 1-98
2026-09-28 06:01:09,280 INFO o.a.j.t.JMeterThread: Thread started: Estudiantes concurrentes 1-99
2026-09-28 06:01:09,579 INFO o.a.j.t.JMeterThread: Thread started: Estudiantes concurrentes 1-100
2026-09-28 06:01:09,877 INFO o.a.j.t.JMeterThread: Thread started: Estudiantes concurrentes 1-101
2026-09-28 06:01:10,183 INFO o.a.j.t.JMeterThread: Thread started: Estudiantes concurrentes 1-102
2026-09-28 06:01:10,485 INFO o.a.j.t.JMeterThread: Thread started: Estudiantes concurrentes 1-103
2026-09-28 06:01:10,777 INFO o.a.j.t.JMeterThread: Thread started: Estudiantes concurrentes 1-104
2026-09-28 06:01:11,079 INFO o.a.j.t.JMeterThread: Thread started: Estudiantes concurrentes 1-105
2026-09-28 06:01:11,379 INFO o.a.j.t.JMeterThread: Thread started: Estudiantes concurrentes 1-106
2026-09-28 06:01:11,678 INFO o.a.j.t.JMeterThread: Thread started: Estudiantes concurrentes 1-107
2026-09-28 06:01:11,976 INFO o.a.j.t.JMeterThread: Thread started: Estudiantes concurrentes 1-108
2026-09-28 06:01:12,279 INFO o.a.j.t.JMeterThread: Thread started: Estudiantes concurrentes 1-109
2026-09-28 06:01:12,578 INFO o.a.j.t.JMeterThread: Thread started: Estudiantes concurrentes 1-110
2026-09-28 06:01:12,878 INFO o.a.j.t.JMeterThread: Thread started: Estudiantes concurrentes 1-111
2026-09-28 06:01:13,178 INFO o.a.j.t.JMeterThread: Thread started: Estudiantes concurrentes 1-112
2026-09-28 06:01:13,478 INFO o.a.j.t.JMeterThread: Thread started: Estudiantes concurrentes 1-113
2026-09-28 06:01:13,778 INFO o.a.j.t.JMeterThread: Thread started: Estudiantes concurrentes 1-114
2026-09-28 06:01:14,077 INFO o.a.j.t.JMeterThread: Thread started: Estudiantes concurrentes 1-115
2026-09-28 06:01:14,376 INFO o.a.j.t.JMeterThread: Thread started: Estudiantes concurrentes 1-116
2026-09-28 06:01:14,679 INFO o.a.j.t.JMeterThread: Thread started: Estudiantes concurrentes 1-117
2026-09-28 06:01:15,021 INFO o.a.j.t.JMeterThread: Thread started: Estudiantes concurrentes 1-118
2026-09-28 06:01:15,416 INFO o.a.j.t.JMeterThread: Thread started: Estudiantes concurrentes 1-119
2026-09-28 06:01:15,649 INFO o.a.j.t.JMeterThread: Thread started: Estudiantes concurrentes 1-120
2026-09-28 06:01:15,878 INFO o.a.j.t.JMeterThread: Thread started: Estudiantes concurrentes 1-121
2026-09-28 06:01:16,181 INFO o.a.j.t.JMeterThread: Thread started: Estudiantes concurrentes 1-122
2026-09-28 06:01:16,476 INFO o.a.j.t.JMeterThread: Thread started: Estudiantes concurrentes 1-123
2026-09-28 06:01:16,776 INFO o.a.j.t.JMeterThread: Thread started: Estudiantes concurrentes 1-124
2026-09-28 06:01:17,241 INFO o.a.j.t.JMeterThread: Thread started: Estudiantes concurrentes 1-125
2026-09-28 06:01:17,459 INFO o.a.j.t.JMeterThread: Thread started: Estudiantes concurrentes 1-126
2026-09-28 06:01:17,681 INFO o.a.j.t.JMeterThread: Thread started: Estudiantes concurrentes 1-127
2026-09-28 06:01:17,978 INFO o.a.j.t.JMeterThread: Thread started: Estudiantes concurrentes 1-128
2026-09-28 06:01:18,277 INFO o.a.j.t.JMeterThread: Thread started: Estudiantes concurrentes 1-129
2026-09-28 06:01:18,577 INFO o.a.j.t.JMeterThread: Thread started: Estudiantes concurrentes 1-130
2026-09-28 06:01:18,876 INFO o.a.j.t.JMeterThread: Thread started: Estudiantes concurrentes 1-131
2026-09-28 06:01:19,176 INFO o.a.j.t.JMeterThread: Thread started: Estudiantes concurrentes 1-132
2026-09-28 06:01:19,478 INFO o.a.j.t.JMeterThread: Thread started: Estudiantes concurrentes 1-133
2026-09-28 06:01:19,776 INFO o.a.j.t.JMeterThread: Thread started: Estudiantes concurrentes 1-134
2026-09-28 06:01:20,075 INFO o.a.j.t.JMeterThread: Thread started: Estudiantes concurrentes 1-135
2026-09-28 06:01:20,376 INFO o.a.j.t.JMeterThread: Thread started: Estudiantes concurrentes 1-136
2026-09-28 06:01:20,676 INFO o.a.j.t.JMeterThread: Thread started: Estudiantes concurrentes 1-137
2026-09-28 06:01:20,977 INFO o.a.j.t.JMeterThread: Thread started: Estudiantes concurrentes 1-138
2026-09-28 06:01:21,278 INFO o.a.j.t.JMeterThread: Thread started: Estudiantes concurrentes 1-139
2026-09-28 06:01:21,581 INFO o.a.j.t.JMeterThread: Thread started: Estudiantes concurrentes 1-140
2026-09-28 06:01:21,885 INFO o.a.j.t.JMeterThread: Thread started: Estudiantes concurrentes 1-141
2026-09-28 06:01:22,178 INFO o.a.j.t.JMeterThread: Thread started: Estudiantes concurrentes 1-142
2026-09-28 06:01:22,481 INFO o.a.j.t.JMeterThread: Thread started: Estudiantes concurrentes 1-143
2026-09-28 06:01:22,781 INFO o.a.j.t.JMeterThread: Thread started: Estudiantes concurrentes 1-144
2026-09-28 06:01:23,081 INFO o.a.j.t.JMeterThread: Thread started: Estudiantes concurrentes 1-145
2026-09-28 06:01:23,385 INFO o.a.j.t.JMeterThread: Thread started: Estudiantes concurrentes 1-146
2026-09-28 06:01:23,681 INFO o.a.j.t.JMeterThread: Thread started: Estudiantes concurrentes 1-147
2026-09-28 06:01:23,978 INFO o.a.j.t.JMeterThread: Thread started: Estudiantes concurrentes 1-148
2026-09-28 06:01:24,281 INFO o.a.j.t.JMeterThread: Thread started: Estudiantes concurrentes 1-149
2026-09-28 06:01:24,579 INFO o.a.j.t.JMeterThread: Thread started: Estudiantes concurrentes 1-150
2026-09-28 06:01:24,880 INFO o.a.j.t.JMeterThread: Thread started: Estudiantes concurrentes 1-151
2026-09-28 06:01:25,183 INFO o.a.j.t.JMeterThread: Thread started: Estudiantes concurrentes 1-152
2026-09-28 06:01:25,480 INFO o.a.j.t.JMeterThread: Thread started: Estudiantes concurrentes 1-153
2026-09-28 06:01:25,779 INFO o.a.j.t.JMeterThread: Thread started: Estudiantes concurrentes 1-154
2026-09-28 06:01:26,077 INFO o.a.j.t.JMeterThread: Thread started: Estudiantes concurrentes 1-155
2026-09-28 06:01:26,449 INFO o.a.j.t.JMeterThread: Thread started: Estudiantes concurrentes 1-156
2026-09-28 06:01:26,717 INFO o.a.j.t.JMeterThread: Thread started: Estudiantes concurrentes 1-157
2026-09-28 06:01:27,001 INFO o.a.j.t.JMeterThread: Thread started: Estudiantes concurrentes 1-158
2026-09-28 06:01:27,277 INFO o.a.j.t.JMeterThread: Thread started: Estudiantes concurrentes 1-159
2026-09-28 06:01:27,580 INFO o.a.j.t.JMeterThread: Thread started: Estudiantes concurrentes 1-160
2026-09-28 06:01:27,878 INFO o.a.j.t.JMeterThread: Thread started: Estudiantes concurrentes 1-161
2026-09-28 06:01:28,179 INFO o.a.j.t.JMeterThread: Thread started: Estudiantes concurrentes 1-162
2026-09-28 06:01:28,476 INFO o.a.j.t.JMeterThread: Thread started: Estudiantes concurrentes 1-163
2026-09-28 06:01:28,777 INFO o.a.j.t.JMeterThread: Thread started: Estudiantes concurrentes 1-164
2026-09-28 06:01:29,078 INFO o.a.j.t.JMeterThread: Thread started: Estudiantes concurrentes 1-165
2026-09-28 06:01:29,377 INFO o.a.j.t.JMeterThread: Thread started: Estudiantes concurrentes 1-166
2026-09-28 06:01:29,680 INFO o.a.j.t.JMeterThread: Thread started: Estudiantes concurrentes 1-167
2026-09-28 06:01:29,979 INFO o.a.j.t.JMeterThread: Thread started: Estudiantes concurrentes 1-168
2026-09-28 06:01:30,004 INFO o.a.j.r.Summariser: summary +    636 in 00:00:30 =   21.2/s Avg:   140 Min:    68 Max:   919 Err:     0 (0.00%) Active: 168 Started: 168 Finished: 0
2026-09-28 06:01:30,006 INFO o.a.j.r.Summariser: summary =    735 in 00:00:50 =   14.6/s Avg:   159 Min:    68 Max:  1559 Err:     0 (0.00%)
2026-09-28 06:01:30,279 INFO o.a.j.t.JMeterThread: Thread started: Estudiantes concurrentes 1-169
2026-09-28 06:01:30,581 INFO o.a.j.t.JMeterThread: Thread started: Estudiantes concurrentes 1-170
2026-09-28 06:01:30,880 INFO o.a.j.t.JMeterThread: Thread started: Estudiantes concurrentes 1-171
2026-09-28 06:01:31,180 INFO o.a.j.t.JMeterThread: Thread started: Estudiantes concurrentes 1-172
2026-09-28 06:01:31,481 INFO o.a.j.t.JMeterThread: Thread started: Estudiantes concurrentes 1-173
2026-09-28 06:01:31,778 INFO o.a.j.t.JMeterThread: Thread started: Estudiantes concurrentes 1-174
2026-09-28 06:01:32,145 INFO o.a.j.t.JMeterThread: Thread started: Estudiantes concurrentes 1-175
2026-09-28 06:01:32,508 INFO o.a.j.t.JMeterThread: Thread started: Estudiantes concurrentes 1-176
2026-09-28 06:01:32,760 INFO o.a.j.t.JMeterThread: Thread started: Estudiantes concurrentes 1-177
2026-09-28 06:01:32,981 INFO o.a.j.t.JMeterThread: Thread started: Estudiantes concurrentes 1-178
2026-09-28 06:01:33,278 INFO o.a.j.t.JMeterThread: Thread started: Estudiantes concurrentes 1-179
2026-09-28 06:01:33,578 INFO o.a.j.t.JMeterThread: Thread started: Estudiantes concurrentes 1-180
2026-09-28 06:01:33,878 INFO o.a.j.t.JMeterThread: Thread started: Estudiantes concurrentes 1-181
2026-09-28 06:01:34,178 INFO o.a.j.t.JMeterThread: Thread started: Estudiantes concurrentes 1-182
2026-09-28 06:01:34,480 INFO o.a.j.t.JMeterThread: Thread started: Estudiantes concurrentes 1-183
2026-09-28 06:01:34,779 INFO o.a.j.t.JMeterThread: Thread started: Estudiantes concurrentes 1-184
2026-09-28 06:01:35,079 INFO o.a.j.t.JMeterThread: Thread started: Estudiantes concurrentes 1-185
2026-09-28 06:01:35,378 INFO o.a.j.t.JMeterThread: Thread started: Estudiantes concurrentes 1-186
2026-09-28 06:01:35,678 INFO o.a.j.t.JMeterThread: Thread started: Estudiantes concurrentes 1-187
2026-09-28 06:01:35,979 INFO o.a.j.t.JMeterThread: Thread started: Estudiantes concurrentes 1-188
2026-09-28 06:01:36,278 INFO o.a.j.t.JMeterThread: Thread started: Estudiantes concurrentes 1-189
2026-09-28 06:01:36,578 INFO o.a.j.t.JMeterThread: Thread started: Estudiantes concurrentes 1-190
2026-09-28 06:01:36,877 INFO o.a.j.t.JMeterThread: Thread started: Estudiantes concurrentes 1-191
2026-09-28 06:01:37,176 INFO o.a.j.t.JMeterThread: Thread started: Estudiantes concurrentes 1-192
2026-09-28 06:01:37,477 INFO o.a.j.t.JMeterThread: Thread started: Estudiantes concurrentes 1-193
2026-09-28 06:01:37,777 INFO o.a.j.t.JMeterThread: Thread started: Estudiantes concurrentes 1-194
2026-09-28 06:01:38,078 INFO o.a.j.t.JMeterThread: Thread started: Estudiantes concurrentes 1-195
2026-09-28 06:01:38,380 INFO o.a.j.t.JMeterThread: Thread started: Estudiantes concurrentes 1-196
2026-09-28 06:01:38,682 INFO o.a.j.t.JMeterThread: Thread started: Estudiantes concurrentes 1-197
2026-09-28 06:01:38,977 INFO o.a.j.t.JMeterThread: Thread started: Estudiantes concurrentes 1-198
2026-09-28 06:01:39,277 INFO o.a.j.t.JMeterThread: Thread started: Estudiantes concurrentes 1-199
2026-09-28 06:01:39,576 INFO o.a.j.t.JMeterThread: Thread started: Estudiantes concurrentes 1-200
2026-09-28 06:02:00,009 INFO o.a.j.r.Summariser: summary +   1119 in 00:00:30 =   37.3/s Avg:   120 Min:    66 Max:  1130 Err:     0 (0.00%) Active: 200 Started: 200 Finished: 0
2026-09-28 06:02:00,010 INFO o.a.j.r.Summariser: summary =   1854 in 00:01:20 =   23.1/s Avg:   135 Min:    66 Max:  1559 Err:     0 (0.00%)
2026-09-28 06:02:30,021 INFO o.a.j.r.Summariser: summary +   1171 in 00:00:30 =   39.0/s Avg:   136 Min:    67 Max:  1584 Err:     0 (0.00%) Active: 200 Started: 200 Finished: 0
2026-09-28 06:02:30,022 INFO o.a.j.r.Summariser: summary =   3025 in 00:01:50 =   27.4/s Avg:   135 Min:    66 Max:  1584 Err:     0 (0.00%)
2026-09-28 06:03:00,003 INFO o.a.j.r.Summariser: summary +   1162 in 00:00:30 =   38.8/s Avg:   140 Min:    67 Max:  1418 Err:     0 (0.00%) Active: 200 Started: 200 Finished: 0
2026-09-28 06:03:00,004 INFO o.a.j.r.Summariser: summary =   4187 in 00:02:20 =   29.9/s Avg:   137 Min:    66 Max:  1584 Err:     0 (0.00%)
2026-09-28 06:03:30,007 INFO o.a.j.r.Summariser: summary +   1162 in 00:00:30 =   38.7/s Avg:   141 Min:    67 Max:  1880 Err:     0 (0.00%) Active: 200 Started: 200 Finished: 0
2026-09-28 06:03:30,009 INFO o.a.j.r.Summariser: summary =   5349 in 00:02:50 =   31.4/s Avg:   137 Min:    66 Max:  1880 Err:     0 (0.00%)
2026-09-28 06:04:00,009 INFO o.a.j.r.Summariser: summary +   1160 in 00:00:30 =   38.7/s Avg:   136 Min:    66 Max:  1407 Err:     0 (0.00%) Active: 200 Started: 200 Finished: 0
2026-09-28 06:04:00,011 INFO o.a.j.r.Summariser: summary =   6509 in 00:03:20 =   32.5/s Avg:   137 Min:    66 Max:  1880 Err:     0 (0.00%)
2026-09-28 06:04:11,970 INFO o.a.j.t.JMeterThread: Thread is done: Estudiantes concurrentes 1-3
2026-09-28 06:04:11,971 INFO o.a.j.t.JMeterThread: Thread finished: Estudiantes concurrentes 1-3
2026-09-28 06:04:12,405 INFO o.a.j.t.JMeterThread: Thread is done: Estudiantes concurrentes 1-20
2026-09-28 06:04:12,406 INFO o.a.j.t.JMeterThread: Thread finished: Estudiantes concurrentes 1-20
2026-09-28 06:04:14,134 INFO o.a.j.t.JMeterThread: Thread is done: Estudiantes concurrentes 1-21
2026-09-28 06:04:14,135 INFO o.a.j.t.JMeterThread: Thread finished: Estudiantes concurrentes 1-21
2026-09-28 06:04:14,431 INFO o.a.j.t.JMeterThread: Thread is done: Estudiantes concurrentes 1-13
2026-09-28 06:04:14,433 INFO o.a.j.t.JMeterThread: Thread finished: Estudiantes concurrentes 1-13
2026-09-28 06:04:15,604 INFO o.a.j.t.JMeterThread: Thread is done: Estudiantes concurrentes 1-8
2026-09-28 06:04:15,605 INFO o.a.j.t.JMeterThread: Thread finished: Estudiantes concurrentes 1-8
2026-09-28 06:04:15,822 INFO o.a.j.t.JMeterThread: Thread is done: Estudiantes concurrentes 1-19
2026-09-28 06:04:15,823 INFO o.a.j.t.JMeterThread: Thread finished: Estudiantes concurrentes 1-19
2026-09-28 06:04:16,087 INFO o.a.j.t.JMeterThread: Thread is done: Estudiantes concurrentes 1-4
2026-09-28 06:04:16,088 INFO o.a.j.t.JMeterThread: Thread finished: Estudiantes concurrentes 1-4
2026-09-28 06:04:17,227 INFO o.a.j.t.JMeterThread: Thread is done: Estudiantes concurrentes 1-7
2026-09-28 06:04:17,228 INFO o.a.j.t.JMeterThread: Thread finished: Estudiantes concurrentes 1-7
2026-09-28 06:04:17,312 INFO o.a.j.t.JMeterThread: Thread is done: Estudiantes concurrentes 1-15
2026-09-28 06:04:17,313 INFO o.a.j.t.JMeterThread: Thread finished: Estudiantes concurrentes 1-15
2026-09-28 06:04:18,254 INFO o.a.j.t.JMeterThread: Thread is done: Estudiantes concurrentes 1-14
2026-09-28 06:04:18,255 INFO o.a.j.t.JMeterThread: Thread finished: Estudiantes concurrentes 1-14
2026-09-28 06:04:19,338 INFO o.a.j.t.JMeterThread: Thread is done: Estudiantes concurrentes 1-22
2026-09-28 06:04:19,339 INFO o.a.j.t.JMeterThread: Thread finished: Estudiantes concurrentes 1-22
2026-09-28 06:04:19,622 INFO o.a.j.t.JMeterThread: Thread is done: Estudiantes concurrentes 1-6
2026-09-28 06:04:19,623 INFO o.a.j.t.JMeterThread: Thread finished: Estudiantes concurrentes 1-6
2026-09-28 06:04:19,670 INFO o.a.j.t.JMeterThread: Thread is done: Estudiantes concurrentes 1-36
2026-09-28 06:04:19,671 INFO o.a.j.t.JMeterThread: Thread finished: Estudiantes concurrentes 1-36
2026-09-28 06:04:20,246 INFO o.a.j.t.JMeterThread: Thread is done: Estudiantes concurrentes 1-16
2026-09-28 06:04:20,247 INFO o.a.j.t.JMeterThread: Thread finished: Estudiantes concurrentes 1-16
2026-09-28 06:04:20,706 INFO o.a.j.t.JMeterThread: Thread is done: Estudiantes concurrentes 1-18
2026-09-28 06:04:20,707 INFO o.a.j.t.JMeterThread: Thread finished: Estudiantes concurrentes 1-18
2026-09-28 06:04:20,763 INFO o.a.j.t.JMeterThread: Thread is done: Estudiantes concurrentes 1-25
2026-09-28 06:04:20,764 INFO o.a.j.t.JMeterThread: Thread finished: Estudiantes concurrentes 1-25
2026-09-28 06:04:22,041 INFO o.a.j.t.JMeterThread: Thread is done: Estudiantes concurrentes 1-5
2026-09-28 06:04:22,042 INFO o.a.j.t.JMeterThread: Thread finished: Estudiantes concurrentes 1-5
2026-09-28 06:04:22,109 INFO o.a.j.t.JMeterThread: Thread is done: Estudiantes concurrentes 1-2
2026-09-28 06:04:22,110 INFO o.a.j.t.JMeterThread: Thread finished: Estudiantes concurrentes 1-2
2026-09-28 06:04:22,190 INFO o.a.j.t.JMeterThread: Thread is done: Estudiantes concurrentes 1-23
2026-09-28 06:04:22,190 INFO o.a.j.t.JMeterThread: Thread finished: Estudiantes concurrentes 1-23
2026-09-28 06:04:23,132 INFO o.a.j.t.JMeterThread: Thread is done: Estudiantes concurrentes 1-26
2026-09-28 06:04:23,133 INFO o.a.j.t.JMeterThread: Thread finished: Estudiantes concurrentes 1-26
2026-09-28 06:04:23,151 INFO o.a.j.t.JMeterThread: Thread is done: Estudiantes concurrentes 1-28
2026-09-28 06:04:23,151 INFO o.a.j.t.JMeterThread: Thread finished: Estudiantes concurrentes 1-28
2026-09-28 06:04:23,366 INFO o.a.j.t.JMeterThread: Thread is done: Estudiantes concurrentes 1-10
2026-09-28 06:04:23,367 INFO o.a.j.t.JMeterThread: Thread finished: Estudiantes concurrentes 1-10
2026-09-28 06:04:23,434 INFO o.a.j.t.JMeterThread: Thread is done: Estudiantes concurrentes 1-40
2026-09-28 06:04:23,435 INFO o.a.j.t.JMeterThread: Thread finished: Estudiantes concurrentes 1-40
2026-09-28 06:04:23,610 INFO o.a.j.t.JMeterThread: Thread is done: Estudiantes concurrentes 1-30
2026-09-28 06:04:23,611 INFO o.a.j.t.JMeterThread: Thread finished: Estudiantes concurrentes 1-30
2026-09-28 06:04:24,000 INFO o.a.j.t.JMeterThread: Thread is done: Estudiantes concurrentes 1-9
2026-09-28 06:04:24,002 INFO o.a.j.t.JMeterThread: Thread finished: Estudiantes concurrentes 1-9
2026-09-28 06:04:24,014 INFO o.a.j.t.JMeterThread: Thread is done: Estudiantes concurrentes 1-11
2026-09-28 06:04:24,016 INFO o.a.j.t.JMeterThread: Thread finished: Estudiantes concurrentes 1-11
2026-09-28 06:04:24,026 INFO o.a.j.t.JMeterThread: Thread is done: Estudiantes concurrentes 1-24
2026-09-28 06:04:24,027 INFO o.a.j.t.JMeterThread: Thread finished: Estudiantes concurrentes 1-24
2026-09-28 06:04:24,099 INFO o.a.j.t.JMeterThread: Thread is done: Estudiantes concurrentes 1-17
2026-09-28 06:04:24,100 INFO o.a.j.t.JMeterThread: Thread finished: Estudiantes concurrentes 1-17
2026-09-28 06:04:24,188 INFO o.a.j.t.JMeterThread: Thread is done: Estudiantes concurrentes 1-29
2026-09-28 06:04:24,189 INFO o.a.j.t.JMeterThread: Thread finished: Estudiantes concurrentes 1-29
2026-09-28 06:04:24,286 INFO o.a.j.t.JMeterThread: Thread is done: Estudiantes concurrentes 1-12
2026-09-28 06:04:24,288 INFO o.a.j.t.JMeterThread: Thread finished: Estudiantes concurrentes 1-12
2026-09-28 06:04:24,301 INFO o.a.j.t.JMeterThread: Thread is done: Estudiantes concurrentes 1-37
2026-09-28 06:04:24,301 INFO o.a.j.t.JMeterThread: Thread finished: Estudiantes concurrentes 1-37
2026-09-28 06:04:25,575 INFO o.a.j.t.JMeterThread: Thread is done: Estudiantes concurrentes 1-27
2026-09-28 06:04:25,576 INFO o.a.j.t.JMeterThread: Thread finished: Estudiantes concurrentes 1-27
2026-09-28 06:04:25,875 INFO o.a.j.t.JMeterThread: Thread is done: Estudiantes concurrentes 1-51
2026-09-28 06:04:25,876 INFO o.a.j.t.JMeterThread: Thread finished: Estudiantes concurrentes 1-51
2026-09-28 06:04:26,091 INFO o.a.j.t.JMeterThread: Thread is done: Estudiantes concurrentes 1-1
2026-09-28 06:04:26,091 INFO o.a.j.t.JMeterThread: Thread finished: Estudiantes concurrentes 1-1
2026-09-28 06:04:26,188 INFO o.a.j.t.JMeterThread: Thread is done: Estudiantes concurrentes 1-35
2026-09-28 06:04:26,189 INFO o.a.j.t.JMeterThread: Thread finished: Estudiantes concurrentes 1-35
2026-09-28 06:04:26,541 INFO o.a.j.t.JMeterThread: Thread is done: Estudiantes concurrentes 1-55
2026-09-28 06:04:26,542 INFO o.a.j.t.JMeterThread: Thread finished: Estudiantes concurrentes 1-55
2026-09-28 06:04:27,891 INFO o.a.j.t.JMeterThread: Thread is done: Estudiantes concurrentes 1-33
2026-09-28 06:04:27,892 INFO o.a.j.t.JMeterThread: Thread finished: Estudiantes concurrentes 1-33
2026-09-28 06:04:28,507 INFO o.a.j.t.JMeterThread: Thread is done: Estudiantes concurrentes 1-39
2026-09-28 06:04:28,509 INFO o.a.j.t.JMeterThread: Thread finished: Estudiantes concurrentes 1-39
2026-09-28 06:04:28,585 INFO o.a.j.t.JMeterThread: Thread is done: Estudiantes concurrentes 1-31
2026-09-28 06:04:28,586 INFO o.a.j.t.JMeterThread: Thread finished: Estudiantes concurrentes 1-31
2026-09-28 06:04:28,939 INFO o.a.j.t.JMeterThread: Thread is done: Estudiantes concurrentes 1-50
2026-09-28 06:04:28,939 INFO o.a.j.t.JMeterThread: Thread finished: Estudiantes concurrentes 1-50
2026-09-28 06:04:29,303 INFO o.a.j.t.JMeterThread: Thread is done: Estudiantes concurrentes 1-52
2026-09-28 06:04:29,304 INFO o.a.j.t.JMeterThread: Thread finished: Estudiantes concurrentes 1-52
2026-09-28 06:04:29,340 INFO o.a.j.t.JMeterThread: Thread is done: Estudiantes concurrentes 1-44
2026-09-28 06:04:29,341 INFO o.a.j.t.JMeterThread: Thread finished: Estudiantes concurrentes 1-44
2026-09-28 06:04:29,685 INFO o.a.j.t.JMeterThread: Thread is done: Estudiantes concurrentes 1-47
2026-09-28 06:04:29,686 INFO o.a.j.t.JMeterThread: Thread finished: Estudiantes concurrentes 1-47
2026-09-28 06:04:29,828 INFO o.a.j.t.JMeterThread: Thread is done: Estudiantes concurrentes 1-45
2026-09-28 06:04:29,829 INFO o.a.j.t.JMeterThread: Thread finished: Estudiantes concurrentes 1-45
2026-09-28 06:04:29,911 INFO o.a.j.t.JMeterThread: Thread is done: Estudiantes concurrentes 1-41
2026-09-28 06:04:29,911 INFO o.a.j.t.JMeterThread: Thread finished: Estudiantes concurrentes 1-41
2026-09-28 06:04:30,010 INFO o.a.j.r.Summariser: summary +   1109 in 00:00:30 =   37.0/s Avg:   159 Min:    67 Max:  4937 Err:     0 (0.00%) Active: 155 Started: 200 Finished: 45
2026-09-28 06:04:30,012 INFO o.a.j.r.Summariser: summary =   7618 in 00:03:50 =   33.1/s Avg:   140 Min:    66 Max:  4937 Err:     0 (0.00%)
2026-09-28 06:04:30,209 INFO o.a.j.t.JMeterThread: Thread is done: Estudiantes concurrentes 1-49
2026-09-28 06:04:30,209 INFO o.a.j.t.JMeterThread: Thread finished: Estudiantes concurrentes 1-49
2026-09-28 06:04:31,045 INFO o.a.j.t.JMeterThread: Thread is done: Estudiantes concurrentes 1-32
2026-09-28 06:04:31,047 INFO o.a.j.t.JMeterThread: Thread finished: Estudiantes concurrentes 1-32
2026-09-28 06:04:31,420 INFO o.a.j.t.JMeterThread: Thread is done: Estudiantes concurrentes 1-57
2026-09-28 06:04:31,421 INFO o.a.j.t.JMeterThread: Thread finished: Estudiantes concurrentes 1-57
2026-09-28 06:04:31,672 INFO o.a.j.t.JMeterThread: Thread is done: Estudiantes concurrentes 1-56
2026-09-28 06:04:31,672 INFO o.a.j.t.JMeterThread: Thread finished: Estudiantes concurrentes 1-56
2026-09-28 06:04:31,963 INFO o.a.j.t.JMeterThread: Thread is done: Estudiantes concurrentes 1-54
2026-09-28 06:04:31,964 INFO o.a.j.t.JMeterThread: Thread finished: Estudiantes concurrentes 1-54
2026-09-28 06:04:32,054 INFO o.a.j.t.JMeterThread: Thread is done: Estudiantes concurrentes 1-42
2026-09-28 06:04:32,055 INFO o.a.j.t.JMeterThread: Thread finished: Estudiantes concurrentes 1-42
2026-09-28 06:04:32,173 INFO o.a.j.t.JMeterThread: Thread is done: Estudiantes concurrentes 1-69
2026-09-28 06:04:32,174 INFO o.a.j.t.JMeterThread: Thread finished: Estudiantes concurrentes 1-69
2026-09-28 06:04:33,039 INFO o.a.j.t.JMeterThread: Thread is done: Estudiantes concurrentes 1-53
2026-09-28 06:04:33,039 INFO o.a.j.t.JMeterThread: Thread finished: Estudiantes concurrentes 1-53
2026-09-28 06:04:33,262 INFO o.a.j.t.JMeterThread: Thread is done: Estudiantes concurrentes 1-75
2026-09-28 06:04:33,263 INFO o.a.j.t.JMeterThread: Thread finished: Estudiantes concurrentes 1-75
2026-09-28 06:04:33,327 INFO o.a.j.t.JMeterThread: Thread is done: Estudiantes concurrentes 1-38
2026-09-28 06:04:33,328 INFO o.a.j.t.JMeterThread: Thread finished: Estudiantes concurrentes 1-38
2026-09-28 06:04:33,402 INFO o.a.j.t.JMeterThread: Thread is done: Estudiantes concurrentes 1-73
2026-09-28 06:04:33,403 INFO o.a.j.t.JMeterThread: Thread finished: Estudiantes concurrentes 1-73
2026-09-28 06:04:33,558 INFO o.a.j.t.JMeterThread: Thread is done: Estudiantes concurrentes 1-59
2026-09-28 06:04:33,558 INFO o.a.j.t.JMeterThread: Thread finished: Estudiantes concurrentes 1-59
2026-09-28 06:04:33,626 INFO o.a.j.t.JMeterThread: Thread is done: Estudiantes concurrentes 1-58
2026-09-28 06:04:33,627 INFO o.a.j.t.JMeterThread: Thread finished: Estudiantes concurrentes 1-58
2026-09-28 06:04:34,057 INFO o.a.j.t.JMeterThread: Thread is done: Estudiantes concurrentes 1-48
2026-09-28 06:04:34,058 INFO o.a.j.t.JMeterThread: Thread finished: Estudiantes concurrentes 1-48
2026-09-28 06:04:34,225 INFO o.a.j.t.JMeterThread: Thread is done: Estudiantes concurrentes 1-63
2026-09-28 06:04:34,226 INFO o.a.j.t.JMeterThread: Thread finished: Estudiantes concurrentes 1-63
2026-09-28 06:04:34,526 INFO o.a.j.t.JMeterThread: Thread is done: Estudiantes concurrentes 1-43
2026-09-28 06:04:34,527 INFO o.a.j.t.JMeterThread: Thread finished: Estudiantes concurrentes 1-43
2026-09-28 06:04:34,690 INFO o.a.j.t.JMeterThread: Thread is done: Estudiantes concurrentes 1-46
2026-09-28 06:04:34,692 INFO o.a.j.t.JMeterThread: Thread finished: Estudiantes concurrentes 1-46
2026-09-28 06:04:35,080 INFO o.a.j.t.JMeterThread: Thread is done: Estudiantes concurrentes 1-60
2026-09-28 06:04:35,081 INFO o.a.j.t.JMeterThread: Thread finished: Estudiantes concurrentes 1-60
2026-09-28 06:04:35,153 INFO o.a.j.t.JMeterThread: Thread is done: Estudiantes concurrentes 1-68
2026-09-28 06:04:35,154 INFO o.a.j.t.JMeterThread: Thread finished: Estudiantes concurrentes 1-68
2026-09-28 06:04:36,555 INFO o.a.j.t.JMeterThread: Thread is done: Estudiantes concurrentes 1-84
2026-09-28 06:04:36,635 INFO o.a.j.t.JMeterThread: Thread finished: Estudiantes concurrentes 1-84
2026-09-28 06:04:36,924 INFO o.a.j.t.JMeterThread: Thread is done: Estudiantes concurrentes 1-67
2026-09-28 06:04:36,997 INFO o.a.j.t.JMeterThread: Thread finished: Estudiantes concurrentes 1-67
2026-09-28 06:04:37,444 INFO o.a.j.t.JMeterThread: Thread is done: Estudiantes concurrentes 1-72
2026-09-28 06:04:37,444 INFO o.a.j.t.JMeterThread: Thread finished: Estudiantes concurrentes 1-72
2026-09-28 06:04:37,983 INFO o.a.j.t.JMeterThread: Thread is done: Estudiantes concurrentes 1-34
2026-09-28 06:04:37,983 INFO o.a.j.t.JMeterThread: Thread finished: Estudiantes concurrentes 1-34
2026-09-28 06:04:38,005 INFO o.a.j.t.JMeterThread: Thread is done: Estudiantes concurrentes 1-89
2026-09-28 06:04:38,006 INFO o.a.j.t.JMeterThread: Thread finished: Estudiantes concurrentes 1-89
2026-09-28 06:04:38,079 INFO o.a.j.t.JMeterThread: Thread is done: Estudiantes concurrentes 1-62
2026-09-28 06:04:38,080 INFO o.a.j.t.JMeterThread: Thread finished: Estudiantes concurrentes 1-62
2026-09-28 06:04:38,263 INFO o.a.j.t.JMeterThread: Thread is done: Estudiantes concurrentes 1-76
2026-09-28 06:04:38,264 INFO o.a.j.t.JMeterThread: Thread finished: Estudiantes concurrentes 1-76
2026-09-28 06:04:38,503 INFO o.a.j.t.JMeterThread: Thread is done: Estudiantes concurrentes 1-71
2026-09-28 06:04:38,504 INFO o.a.j.t.JMeterThread: Thread finished: Estudiantes concurrentes 1-71
2026-09-28 06:04:39,177 INFO o.a.j.t.JMeterThread: Thread is done: Estudiantes concurrentes 1-83
2026-09-28 06:04:39,178 INFO o.a.j.t.JMeterThread: Thread finished: Estudiantes concurrentes 1-83
2026-09-28 06:04:39,284 INFO o.a.j.t.JMeterThread: Thread is done: Estudiantes concurrentes 1-80
2026-09-28 06:04:39,285 INFO o.a.j.t.JMeterThread: Thread finished: Estudiantes concurrentes 1-80
2026-09-28 06:04:39,459 INFO o.a.j.t.JMeterThread: Thread is done: Estudiantes concurrentes 1-85
2026-09-28 06:04:39,460 INFO o.a.j.t.JMeterThread: Thread finished: Estudiantes concurrentes 1-85
2026-09-28 06:04:39,504 INFO o.a.j.t.JMeterThread: Thread is done: Estudiantes concurrentes 1-81
2026-09-28 06:04:39,504 INFO o.a.j.t.JMeterThread: Thread finished: Estudiantes concurrentes 1-81
2026-09-28 06:04:39,771 INFO o.a.j.t.JMeterThread: Thread is done: Estudiantes concurrentes 1-77
2026-09-28 06:04:39,772 INFO o.a.j.t.JMeterThread: Thread finished: Estudiantes concurrentes 1-77
2026-09-28 06:04:39,956 INFO o.a.j.t.JMeterThread: Thread is done: Estudiantes concurrentes 1-64
2026-09-28 06:04:39,957 INFO o.a.j.t.JMeterThread: Thread finished: Estudiantes concurrentes 1-64
2026-09-28 06:04:39,988 INFO o.a.j.t.JMeterThread: Thread is done: Estudiantes concurrentes 1-66
2026-09-28 06:04:39,989 INFO o.a.j.t.JMeterThread: Thread finished: Estudiantes concurrentes 1-66
2026-09-28 06:04:40,356 INFO o.a.j.t.JMeterThread: Thread is done: Estudiantes concurrentes 1-74
2026-09-28 06:04:40,357 INFO o.a.j.t.JMeterThread: Thread finished: Estudiantes concurrentes 1-74
2026-09-28 06:04:40,360 INFO o.a.j.t.JMeterThread: Thread is done: Estudiantes concurrentes 1-70
2026-09-28 06:04:40,361 INFO o.a.j.t.JMeterThread: Thread finished: Estudiantes concurrentes 1-70
2026-09-28 06:04:40,513 INFO o.a.j.t.JMeterThread: Thread is done: Estudiantes concurrentes 1-103
2026-09-28 06:04:40,513 INFO o.a.j.t.JMeterThread: Thread finished: Estudiantes concurrentes 1-103
2026-09-28 06:04:40,958 INFO o.a.j.t.JMeterThread: Thread is done: Estudiantes concurrentes 1-91
2026-09-28 06:04:40,959 INFO o.a.j.t.JMeterThread: Thread finished: Estudiantes concurrentes 1-91
2026-09-28 06:04:41,082 INFO o.a.j.t.JMeterThread: Thread is done: Estudiantes concurrentes 1-82
2026-09-28 06:04:41,083 INFO o.a.j.t.JMeterThread: Thread finished: Estudiantes concurrentes 1-82
2026-09-28 06:04:41,225 INFO o.a.j.t.JMeterThread: Thread is done: Estudiantes concurrentes 1-65
2026-09-28 06:04:41,226 INFO o.a.j.t.JMeterThread: Thread finished: Estudiantes concurrentes 1-65
2026-09-28 06:04:41,588 INFO o.a.j.t.JMeterThread: Thread is done: Estudiantes concurrentes 1-102
2026-09-28 06:04:41,589 INFO o.a.j.t.JMeterThread: Thread finished: Estudiantes concurrentes 1-102
2026-09-28 06:04:41,600 INFO o.a.j.t.JMeterThread: Thread is done: Estudiantes concurrentes 1-88
2026-09-28 06:04:41,601 INFO o.a.j.t.JMeterThread: Thread finished: Estudiantes concurrentes 1-88
2026-09-28 06:04:41,688 INFO o.a.j.t.JMeterThread: Thread is done: Estudiantes concurrentes 1-61
2026-09-28 06:04:41,689 INFO o.a.j.t.JMeterThread: Thread finished: Estudiantes concurrentes 1-61
2026-09-28 06:04:42,654 INFO o.a.j.t.JMeterThread: Thread is done: Estudiantes concurrentes 1-79
2026-09-28 06:04:42,654 INFO o.a.j.t.JMeterThread: Thread finished: Estudiantes concurrentes 1-79
2026-09-28 06:04:43,304 INFO o.a.j.t.JMeterThread: Thread is done: Estudiantes concurrentes 1-107
2026-09-28 06:04:43,304 INFO o.a.j.t.JMeterThread: Thread finished: Estudiantes concurrentes 1-107
2026-09-28 06:04:43,492 INFO o.a.j.t.JMeterThread: Thread is done: Estudiantes concurrentes 1-78
2026-09-28 06:04:43,493 INFO o.a.j.t.JMeterThread: Thread finished: Estudiantes concurrentes 1-78
2026-09-28 06:04:43,677 INFO o.a.j.t.JMeterThread: Thread is done: Estudiantes concurrentes 1-90
2026-09-28 06:04:43,678 INFO o.a.j.t.JMeterThread: Thread finished: Estudiantes concurrentes 1-90
2026-09-28 06:04:43,773 INFO o.a.j.t.JMeterThread: Thread is done: Estudiantes concurrentes 1-99
2026-09-28 06:04:43,774 INFO o.a.j.t.JMeterThread: Thread finished: Estudiantes concurrentes 1-99
2026-09-28 06:04:43,996 INFO o.a.j.t.JMeterThread: Thread is done: Estudiantes concurrentes 1-111
2026-09-28 06:04:43,998 INFO o.a.j.t.JMeterThread: Thread finished: Estudiantes concurrentes 1-111
2026-09-28 06:04:44,204 INFO o.a.j.t.JMeterThread: Thread is done: Estudiantes concurrentes 1-121
2026-09-28 06:04:44,204 INFO o.a.j.t.JMeterThread: Thread finished: Estudiantes concurrentes 1-121
2026-09-28 06:04:44,642 INFO o.a.j.t.JMeterThread: Thread is done: Estudiantes concurrentes 1-87
2026-09-28 06:04:44,643 INFO o.a.j.t.JMeterThread: Thread finished: Estudiantes concurrentes 1-87
2026-09-28 06:04:44,916 INFO o.a.j.t.JMeterThread: Thread is done: Estudiantes concurrentes 1-93
2026-09-28 06:04:44,917 INFO o.a.j.t.JMeterThread: Thread finished: Estudiantes concurrentes 1-93
2026-09-28 06:04:45,120 INFO o.a.j.t.JMeterThread: Thread is done: Estudiantes concurrentes 1-109
2026-09-28 06:04:45,120 INFO o.a.j.t.JMeterThread: Thread finished: Estudiantes concurrentes 1-109
2026-09-28 06:04:45,532 INFO o.a.j.t.JMeterThread: Thread is done: Estudiantes concurrentes 1-114
2026-09-28 06:04:45,532 INFO o.a.j.t.JMeterThread: Thread finished: Estudiantes concurrentes 1-114
2026-09-28 06:04:45,768 INFO o.a.j.t.JMeterThread: Thread is done: Estudiantes concurrentes 1-100
2026-09-28 06:04:45,768 INFO o.a.j.t.JMeterThread: Thread finished: Estudiantes concurrentes 1-100
2026-09-28 06:04:45,814 INFO o.a.j.t.JMeterThread: Thread is done: Estudiantes concurrentes 1-92
2026-09-28 06:04:45,814 INFO o.a.j.t.JMeterThread: Thread finished: Estudiantes concurrentes 1-92
2026-09-28 06:04:45,917 INFO o.a.j.t.JMeterThread: Thread is done: Estudiantes concurrentes 1-94
2026-09-28 06:04:45,918 INFO o.a.j.t.JMeterThread: Thread finished: Estudiantes concurrentes 1-94
2026-09-28 06:04:46,101 INFO o.a.j.t.JMeterThread: Thread is done: Estudiantes concurrentes 1-123
2026-09-28 06:04:46,102 INFO o.a.j.t.JMeterThread: Thread finished: Estudiantes concurrentes 1-123
2026-09-28 06:04:46,180 INFO o.a.j.t.JMeterThread: Thread is done: Estudiantes concurrentes 1-113
2026-09-28 06:04:46,180 INFO o.a.j.t.JMeterThread: Thread finished: Estudiantes concurrentes 1-113
2026-09-28 06:04:46,729 INFO o.a.j.t.JMeterThread: Thread is done: Estudiantes concurrentes 1-119
2026-09-28 06:04:46,729 INFO o.a.j.t.JMeterThread: Thread finished: Estudiantes concurrentes 1-119
2026-09-28 06:04:46,833 INFO o.a.j.t.JMeterThread: Thread is done: Estudiantes concurrentes 1-134
2026-09-28 06:04:46,834 INFO o.a.j.t.JMeterThread: Thread finished: Estudiantes concurrentes 1-134
2026-09-28 06:04:47,782 INFO o.a.j.t.JMeterThread: Thread is done: Estudiantes concurrentes 1-104
2026-09-28 06:04:47,783 INFO o.a.j.t.JMeterThread: Thread finished: Estudiantes concurrentes 1-104
2026-09-28 06:04:48,486 INFO o.a.j.t.JMeterThread: Thread is done: Estudiantes concurrentes 1-97
2026-09-28 06:04:48,486 INFO o.a.j.t.JMeterThread: Thread finished: Estudiantes concurrentes 1-97
2026-09-28 06:04:48,558 INFO o.a.j.t.JMeterThread: Thread is done: Estudiantes concurrentes 1-105
2026-09-28 06:04:48,559 INFO o.a.j.t.JMeterThread: Thread finished: Estudiantes concurrentes 1-105
2026-09-28 06:04:48,671 INFO o.a.j.t.JMeterThread: Thread is done: Estudiantes concurrentes 1-117
2026-09-28 06:04:48,672 INFO o.a.j.t.JMeterThread: Thread finished: Estudiantes concurrentes 1-117
2026-09-28 06:04:48,763 INFO o.a.j.t.JMeterThread: Thread is done: Estudiantes concurrentes 1-98
2026-09-28 06:04:48,763 INFO o.a.j.t.JMeterThread: Thread finished: Estudiantes concurrentes 1-98
2026-09-28 06:04:48,931 INFO o.a.j.t.JMeterThread: Thread is done: Estudiantes concurrentes 1-96
2026-09-28 06:04:48,932 INFO o.a.j.t.JMeterThread: Thread finished: Estudiantes concurrentes 1-96
2026-09-28 06:04:49,474 INFO o.a.j.t.JMeterThread: Thread is done: Estudiantes concurrentes 1-101
2026-09-28 06:04:49,475 INFO o.a.j.t.JMeterThread: Thread finished: Estudiantes concurrentes 1-101
2026-09-28 06:04:49,505 INFO o.a.j.t.JMeterThread: Thread is done: Estudiantes concurrentes 1-106
2026-09-28 06:04:49,506 INFO o.a.j.t.JMeterThread: Thread finished: Estudiantes concurrentes 1-106
2026-09-28 06:04:50,527 INFO o.a.j.t.JMeterThread: Thread is done: Estudiantes concurrentes 1-112
2026-09-28 06:04:50,528 INFO o.a.j.t.JMeterThread: Thread finished: Estudiantes concurrentes 1-112
2026-09-28 06:04:50,833 INFO o.a.j.t.JMeterThread: Thread is done: Estudiantes concurrentes 1-140
2026-09-28 06:04:50,834 INFO o.a.j.t.JMeterThread: Thread finished: Estudiantes concurrentes 1-140
2026-09-28 06:04:51,028 INFO o.a.j.t.JMeterThread: Thread is done: Estudiantes concurrentes 1-95
2026-09-28 06:04:51,029 INFO o.a.j.t.JMeterThread: Thread finished: Estudiantes concurrentes 1-95
2026-09-28 06:04:51,369 INFO o.a.j.t.JMeterThread: Thread is done: Estudiantes concurrentes 1-122
2026-09-28 06:04:51,370 INFO o.a.j.t.JMeterThread: Thread finished: Estudiantes concurrentes 1-122
2026-09-28 06:04:51,518 INFO o.a.j.t.JMeterThread: Thread is done: Estudiantes concurrentes 1-120
2026-09-28 06:04:51,519 INFO o.a.j.t.JMeterThread: Thread finished: Estudiantes concurrentes 1-120
2026-09-28 06:04:51,630 INFO o.a.j.t.JMeterThread: Thread is done: Estudiantes concurrentes 1-115
2026-09-28 06:04:51,630 INFO o.a.j.t.JMeterThread: Thread finished: Estudiantes concurrentes 1-115
2026-09-28 06:04:51,967 INFO o.a.j.t.JMeterThread: Thread is done: Estudiantes concurrentes 1-116
2026-09-28 06:04:51,968 INFO o.a.j.t.JMeterThread: Thread finished: Estudiantes concurrentes 1-116
2026-09-28 06:04:52,287 INFO o.a.j.t.JMeterThread: Thread is done: Estudiantes concurrentes 1-124
2026-09-28 06:04:52,287 INFO o.a.j.t.JMeterThread: Thread finished: Estudiantes concurrentes 1-124
2026-09-28 06:04:52,331 INFO o.a.j.t.JMeterThread: Thread is done: Estudiantes concurrentes 1-132
2026-09-28 06:04:52,406 INFO o.a.j.t.JMeterThread: Thread finished: Estudiantes concurrentes 1-132
2026-09-28 06:04:52,918 INFO o.a.j.t.JMeterThread: Thread is done: Estudiantes concurrentes 1-145
2026-09-28 06:04:52,919 INFO o.a.j.t.JMeterThread: Thread finished: Estudiantes concurrentes 1-145
2026-09-28 06:04:53,549 INFO o.a.j.t.JMeterThread: Thread is done: Estudiantes concurrentes 1-86
2026-09-28 06:04:53,550 INFO o.a.j.t.JMeterThread: Thread finished: Estudiantes concurrentes 1-86
2026-09-28 06:04:53,875 INFO o.a.j.t.JMeterThread: Thread is done: Estudiantes concurrentes 1-110
2026-09-28 06:04:53,875 INFO o.a.j.t.JMeterThread: Thread is done: Estudiantes concurrentes 1-118
2026-09-28 06:04:53,876 INFO o.a.j.t.JMeterThread: Thread finished: Estudiantes concurrentes 1-110
2026-09-28 06:04:53,877 INFO o.a.j.t.JMeterThread: Thread finished: Estudiantes concurrentes 1-118
2026-09-28 06:04:54,171 INFO o.a.j.t.JMeterThread: Thread is done: Estudiantes concurrentes 1-133
2026-09-28 06:04:54,171 INFO o.a.j.t.JMeterThread: Thread is done: Estudiantes concurrentes 1-130
2026-09-28 06:04:54,172 INFO o.a.j.t.JMeterThread: Thread finished: Estudiantes concurrentes 1-133
2026-09-28 06:04:54,172 INFO o.a.j.t.JMeterThread: Thread finished: Estudiantes concurrentes 1-130
2026-09-28 06:04:54,824 INFO o.a.j.t.JMeterThread: Thread is done: Estudiantes concurrentes 1-108
2026-09-28 06:04:54,824 INFO o.a.j.t.JMeterThread: Thread finished: Estudiantes concurrentes 1-108
2026-09-28 06:04:55,148 INFO o.a.j.t.JMeterThread: Thread is done: Estudiantes concurrentes 1-136
2026-09-28 06:04:55,149 INFO o.a.j.t.JMeterThread: Thread finished: Estudiantes concurrentes 1-136
2026-09-28 06:04:55,629 INFO o.a.j.t.JMeterThread: Thread is done: Estudiantes concurrentes 1-164
2026-09-28 06:04:55,631 INFO o.a.j.t.JMeterThread: Thread finished: Estudiantes concurrentes 1-164
2026-09-28 06:04:55,965 INFO o.a.j.t.JMeterThread: Thread is done: Estudiantes concurrentes 1-143
2026-09-28 06:04:55,965 INFO o.a.j.t.JMeterThread: Thread finished: Estudiantes concurrentes 1-143
2026-09-28 06:04:56,467 INFO o.a.j.t.JMeterThread: Thread is done: Estudiantes concurrentes 1-129
2026-09-28 06:04:56,468 INFO o.a.j.t.JMeterThread: Thread finished: Estudiantes concurrentes 1-129
2026-09-28 06:04:57,403 INFO o.a.j.t.JMeterThread: Thread is done: Estudiantes concurrentes 1-146
2026-09-28 06:04:57,404 INFO o.a.j.t.JMeterThread: Thread finished: Estudiantes concurrentes 1-146
2026-09-28 06:04:57,438 INFO o.a.j.t.JMeterThread: Thread is done: Estudiantes concurrentes 1-128
2026-09-28 06:04:57,438 INFO o.a.j.t.JMeterThread: Thread finished: Estudiantes concurrentes 1-128
2026-09-28 06:04:57,454 INFO o.a.j.t.JMeterThread: Thread is done: Estudiantes concurrentes 1-135
2026-09-28 06:04:57,454 INFO o.a.j.t.JMeterThread: Thread finished: Estudiantes concurrentes 1-135
2026-09-28 06:04:57,991 INFO o.a.j.t.JMeterThread: Thread is done: Estudiantes concurrentes 1-127
2026-09-28 06:04:57,992 INFO o.a.j.t.JMeterThread: Thread finished: Estudiantes concurrentes 1-127
2026-09-28 06:04:58,069 INFO o.a.j.t.JMeterThread: Thread is done: Estudiantes concurrentes 1-144
2026-09-28 06:04:58,069 INFO o.a.j.t.JMeterThread: Thread finished: Estudiantes concurrentes 1-144
2026-09-28 06:04:58,373 INFO o.a.j.t.JMeterThread: Thread is done: Estudiantes concurrentes 1-147
2026-09-28 06:04:58,374 INFO o.a.j.t.JMeterThread: Thread finished: Estudiantes concurrentes 1-147
2026-09-28 06:04:58,630 INFO o.a.j.t.JMeterThread: Thread is done: Estudiantes concurrentes 1-142
2026-09-28 06:04:58,630 INFO o.a.j.t.JMeterThread: Thread finished: Estudiantes concurrentes 1-142
2026-09-28 06:04:59,028 INFO o.a.j.t.JMeterThread: Thread is done: Estudiantes concurrentes 1-149
2026-09-28 06:04:59,028 INFO o.a.j.t.JMeterThread: Thread finished: Estudiantes concurrentes 1-149
2026-09-28 06:04:59,320 INFO o.a.j.t.JMeterThread: Thread is done: Estudiantes concurrentes 1-139
2026-09-28 06:04:59,321 INFO o.a.j.t.JMeterThread: Thread finished: Estudiantes concurrentes 1-139
2026-09-28 06:04:59,603 INFO o.a.j.t.JMeterThread: Thread is done: Estudiantes concurrentes 1-125
2026-09-28 06:04:59,604 INFO o.a.j.t.JMeterThread: Thread finished: Estudiantes concurrentes 1-125
2026-09-28 06:05:00,030 INFO o.a.j.r.Summariser: summary +    658 in 00:00:30 =   21.9/s Avg:   210 Min:    69 Max:  2485 Err:     0 (0.00%) Active: 56 Started: 200 Finished: 144
2026-09-28 06:05:00,031 INFO o.a.j.r.Summariser: summary =   8276 in 00:04:20 =   31.8/s Avg:   146 Min:    66 Max:  4937 Err:     0 (0.00%)
2026-09-28 06:05:00,031 INFO o.a.j.t.JMeterThread: Thread is done: Estudiantes concurrentes 1-138
2026-09-28 06:05:00,032 INFO o.a.j.t.JMeterThread: Thread finished: Estudiantes concurrentes 1-138
2026-09-28 06:05:00,453 INFO o.a.j.t.JMeterThread: Thread is done: Estudiantes concurrentes 1-151
2026-09-28 06:05:00,454 INFO o.a.j.t.JMeterThread: Thread finished: Estudiantes concurrentes 1-151
2026-09-28 06:05:00,538 INFO o.a.j.t.JMeterThread: Thread is done: Estudiantes concurrentes 1-148
2026-09-28 06:05:00,539 INFO o.a.j.t.JMeterThread: Thread finished: Estudiantes concurrentes 1-148
2026-09-28 06:05:00,706 INFO o.a.j.t.JMeterThread: Thread is done: Estudiantes concurrentes 1-150
2026-09-28 06:05:00,706 INFO o.a.j.t.JMeterThread: Thread finished: Estudiantes concurrentes 1-150
2026-09-28 06:05:00,765 INFO o.a.j.t.JMeterThread: Thread is done: Estudiantes concurrentes 1-126
2026-09-28 06:05:00,766 INFO o.a.j.t.JMeterThread: Thread finished: Estudiantes concurrentes 1-126
2026-09-28 06:05:01,117 INFO o.a.j.t.JMeterThread: Thread is done: Estudiantes concurrentes 1-159
2026-09-28 06:05:01,118 INFO o.a.j.t.JMeterThread: Thread finished: Estudiantes concurrentes 1-159
2026-09-28 06:05:01,611 INFO o.a.j.t.JMeterThread: Thread is done: Estudiantes concurrentes 1-168
2026-09-28 06:05:01,612 INFO o.a.j.t.JMeterThread: Thread finished: Estudiantes concurrentes 1-168
2026-09-28 06:05:02,213 INFO o.a.j.t.JMeterThread: Thread is done: Estudiantes concurrentes 1-161
2026-09-28 06:05:02,214 INFO o.a.j.t.JMeterThread: Thread finished: Estudiantes concurrentes 1-161
2026-09-28 06:05:02,316 INFO o.a.j.t.JMeterThread: Thread is done: Estudiantes concurrentes 1-131
2026-09-28 06:05:02,316 INFO o.a.j.t.JMeterThread: Thread finished: Estudiantes concurrentes 1-131
2026-09-28 06:05:02,419 INFO o.a.j.t.JMeterThread: Thread is done: Estudiantes concurrentes 1-137
2026-09-28 06:05:02,420 INFO o.a.j.t.JMeterThread: Thread finished: Estudiantes concurrentes 1-137
2026-09-28 06:05:02,778 INFO o.a.j.t.JMeterThread: Thread is done: Estudiantes concurrentes 1-156
2026-09-28 06:05:02,779 INFO o.a.j.t.JMeterThread: Thread finished: Estudiantes concurrentes 1-156
2026-09-28 06:05:03,353 INFO o.a.j.t.JMeterThread: Thread is done: Estudiantes concurrentes 1-153
2026-09-28 06:05:03,354 INFO o.a.j.t.JMeterThread: Thread finished: Estudiantes concurrentes 1-153
2026-09-28 06:05:04,049 INFO o.a.j.t.JMeterThread: Thread is done: Estudiantes concurrentes 1-180
2026-09-28 06:05:04,050 INFO o.a.j.t.JMeterThread: Thread finished: Estudiantes concurrentes 1-180
2026-09-28 06:05:04,326 INFO o.a.j.t.JMeterThread: Thread is done: Estudiantes concurrentes 1-158
2026-09-28 06:05:04,326 INFO o.a.j.t.JMeterThread: Thread finished: Estudiantes concurrentes 1-158
2026-09-28 06:05:04,626 INFO o.a.j.t.JMeterThread: Thread is done: Estudiantes concurrentes 1-157
2026-09-28 06:05:04,627 INFO o.a.j.t.JMeterThread: Thread finished: Estudiantes concurrentes 1-157
2026-09-28 06:05:04,762 INFO o.a.j.t.JMeterThread: Thread is done: Estudiantes concurrentes 1-152
2026-09-28 06:05:04,763 INFO o.a.j.t.JMeterThread: Thread finished: Estudiantes concurrentes 1-152
2026-09-28 06:05:05,264 INFO o.a.j.t.JMeterThread: Thread is done: Estudiantes concurrentes 1-169
2026-09-28 06:05:05,264 INFO o.a.j.t.JMeterThread: Thread finished: Estudiantes concurrentes 1-169
2026-09-28 06:05:05,412 INFO o.a.j.t.JMeterThread: Thread is done: Estudiantes concurrentes 1-176
2026-09-28 06:05:05,413 INFO o.a.j.t.JMeterThread: Thread finished: Estudiantes concurrentes 1-176
2026-09-28 06:05:05,570 INFO o.a.j.t.JMeterThread: Thread is done: Estudiantes concurrentes 1-141
2026-09-28 06:05:05,571 INFO o.a.j.t.JMeterThread: Thread finished: Estudiantes concurrentes 1-141
2026-09-28 06:05:05,603 INFO o.a.j.t.JMeterThread: Thread is done: Estudiantes concurrentes 1-162
2026-09-28 06:05:05,603 INFO o.a.j.t.JMeterThread: Thread finished: Estudiantes concurrentes 1-162
2026-09-28 06:05:05,813 INFO o.a.j.t.JMeterThread: Thread is done: Estudiantes concurrentes 1-172
2026-09-28 06:05:05,815 INFO o.a.j.t.JMeterThread: Thread finished: Estudiantes concurrentes 1-172
2026-09-28 06:05:06,032 INFO o.a.j.t.JMeterThread: Thread is done: Estudiantes concurrentes 1-171
2026-09-28 06:05:06,033 INFO o.a.j.t.JMeterThread: Thread finished: Estudiantes concurrentes 1-171
2026-09-28 06:05:06,423 INFO o.a.j.t.JMeterThread: Thread is done: Estudiantes concurrentes 1-175
2026-09-28 06:05:06,424 INFO o.a.j.t.JMeterThread: Thread finished: Estudiantes concurrentes 1-175
2026-09-28 06:05:06,540 INFO o.a.j.t.JMeterThread: Thread is done: Estudiantes concurrentes 1-165
2026-09-28 06:05:06,540 INFO o.a.j.t.JMeterThread: Thread finished: Estudiantes concurrentes 1-165
2026-09-28 06:05:06,560 INFO o.a.j.t.JMeterThread: Thread is done: Estudiantes concurrentes 1-154
2026-09-28 06:05:06,561 INFO o.a.j.t.JMeterThread: Thread finished: Estudiantes concurrentes 1-154
2026-09-28 06:05:07,105 INFO o.a.j.t.JMeterThread: Thread is done: Estudiantes concurrentes 1-181
2026-09-28 06:05:07,105 INFO o.a.j.t.JMeterThread: Thread finished: Estudiantes concurrentes 1-181
2026-09-28 06:05:08,289 INFO o.a.j.t.JMeterThread: Thread is done: Estudiantes concurrentes 1-179
2026-09-28 06:05:08,290 INFO o.a.j.t.JMeterThread: Thread finished: Estudiantes concurrentes 1-179
2026-09-28 06:05:09,067 INFO o.a.j.t.JMeterThread: Thread is done: Estudiantes concurrentes 1-170
2026-09-28 06:05:09,068 INFO o.a.j.t.JMeterThread: Thread finished: Estudiantes concurrentes 1-170
2026-09-28 06:05:09,096 INFO o.a.j.t.JMeterThread: Thread is done: Estudiantes concurrentes 1-185
2026-09-28 06:05:09,097 INFO o.a.j.t.JMeterThread: Thread finished: Estudiantes concurrentes 1-185
2026-09-28 06:05:09,299 INFO o.a.j.t.JMeterThread: Thread is done: Estudiantes concurrentes 1-182
2026-09-28 06:05:09,300 INFO o.a.j.t.JMeterThread: Thread finished: Estudiantes concurrentes 1-182
2026-09-28 06:05:09,677 INFO o.a.j.t.JMeterThread: Thread is done: Estudiantes concurrentes 1-163
2026-09-28 06:05:09,678 INFO o.a.j.t.JMeterThread: Thread finished: Estudiantes concurrentes 1-163
2026-09-28 06:05:09,689 INFO o.a.j.t.JMeterThread: Thread is done: Estudiantes concurrentes 1-177
2026-09-28 06:05:09,689 INFO o.a.j.t.JMeterThread: Thread finished: Estudiantes concurrentes 1-177
2026-09-28 06:05:09,990 INFO o.a.j.t.JMeterThread: Thread is done: Estudiantes concurrentes 1-173
2026-09-28 06:05:09,991 INFO o.a.j.t.JMeterThread: Thread finished: Estudiantes concurrentes 1-173
2026-09-28 06:05:10,719 INFO o.a.j.t.JMeterThread: Thread is done: Estudiantes concurrentes 1-183
2026-09-28 06:05:10,719 INFO o.a.j.t.JMeterThread: Thread finished: Estudiantes concurrentes 1-183
2026-09-28 06:05:11,058 INFO o.a.j.t.JMeterThread: Thread is done: Estudiantes concurrentes 1-192
2026-09-28 06:05:11,059 INFO o.a.j.t.JMeterThread: Thread finished: Estudiantes concurrentes 1-192
2026-09-28 06:05:11,315 INFO o.a.j.t.JMeterThread: Thread is done: Estudiantes concurrentes 1-194
2026-09-28 06:05:11,315 INFO o.a.j.t.JMeterThread: Thread finished: Estudiantes concurrentes 1-194
2026-09-28 06:05:11,392 INFO o.a.j.t.JMeterThread: Thread is done: Estudiantes concurrentes 1-166
2026-09-28 06:05:11,393 INFO o.a.j.t.JMeterThread: Thread finished: Estudiantes concurrentes 1-166
2026-09-28 06:05:11,520 INFO o.a.j.t.JMeterThread: Thread is done: Estudiantes concurrentes 1-160
2026-09-28 06:05:11,521 INFO o.a.j.t.JMeterThread: Thread finished: Estudiantes concurrentes 1-160
2026-09-28 06:05:12,282 INFO o.a.j.t.JMeterThread: Thread is done: Estudiantes concurrentes 1-188
2026-09-28 06:05:12,282 INFO o.a.j.t.JMeterThread: Thread finished: Estudiantes concurrentes 1-188
2026-09-28 06:05:12,529 INFO o.a.j.t.JMeterThread: Thread is done: Estudiantes concurrentes 1-186
2026-09-28 06:05:12,530 INFO o.a.j.t.JMeterThread: Thread finished: Estudiantes concurrentes 1-186
2026-09-28 06:05:12,712 INFO o.a.j.t.JMeterThread: Thread is done: Estudiantes concurrentes 1-174
2026-09-28 06:05:12,713 INFO o.a.j.t.JMeterThread: Thread finished: Estudiantes concurrentes 1-174
2026-09-28 06:05:13,604 INFO o.a.j.t.JMeterThread: Thread is done: Estudiantes concurrentes 1-178
2026-09-28 06:05:13,604 INFO o.a.j.t.JMeterThread: Thread finished: Estudiantes concurrentes 1-178
2026-09-28 06:05:13,995 INFO o.a.j.t.JMeterThread: Thread is done: Estudiantes concurrentes 1-198
2026-09-28 06:05:13,996 INFO o.a.j.t.JMeterThread: Thread finished: Estudiantes concurrentes 1-198
2026-09-28 06:05:14,853 INFO o.a.j.t.JMeterThread: Thread is done: Estudiantes concurrentes 1-155
2026-09-28 06:05:14,853 INFO o.a.j.t.JMeterThread: Thread finished: Estudiantes concurrentes 1-155
2026-09-28 06:05:14,863 INFO o.a.j.t.JMeterThread: Thread is done: Estudiantes concurrentes 1-187
2026-09-28 06:05:14,864 INFO o.a.j.t.JMeterThread: Thread finished: Estudiantes concurrentes 1-187
2026-09-28 06:05:15,130 INFO o.a.j.t.JMeterThread: Thread is done: Estudiantes concurrentes 1-190
2026-09-28 06:05:15,130 INFO o.a.j.t.JMeterThread: Thread finished: Estudiantes concurrentes 1-190
2026-09-28 06:05:15,254 INFO o.a.j.t.JMeterThread: Thread is done: Estudiantes concurrentes 1-199
2026-09-28 06:05:15,255 INFO o.a.j.t.JMeterThread: Thread finished: Estudiantes concurrentes 1-199
2026-09-28 06:05:15,291 INFO o.a.j.t.JMeterThread: Thread is done: Estudiantes concurrentes 1-197
2026-09-28 06:05:15,292 INFO o.a.j.t.JMeterThread: Thread finished: Estudiantes concurrentes 1-197
2026-09-28 06:05:15,418 INFO o.a.j.t.JMeterThread: Thread is done: Estudiantes concurrentes 1-167
2026-09-28 06:05:15,418 INFO o.a.j.t.JMeterThread: Thread finished: Estudiantes concurrentes 1-167
2026-09-28 06:05:15,785 INFO o.a.j.t.JMeterThread: Thread is done: Estudiantes concurrentes 1-191
2026-09-28 06:05:15,786 INFO o.a.j.t.JMeterThread: Thread finished: Estudiantes concurrentes 1-191
2026-09-28 06:05:16,798 INFO o.a.j.t.JMeterThread: Thread is done: Estudiantes concurrentes 1-196
2026-09-28 06:05:16,798 INFO o.a.j.t.JMeterThread: Thread finished: Estudiantes concurrentes 1-196
2026-09-28 06:05:17,566 INFO o.a.j.t.JMeterThread: Thread is done: Estudiantes concurrentes 1-189
2026-09-28 06:05:17,567 INFO o.a.j.t.JMeterThread: Thread finished: Estudiantes concurrentes 1-189
2026-09-28 06:05:17,910 INFO o.a.j.t.JMeterThread: Thread is done: Estudiantes concurrentes 1-193
2026-09-28 06:05:17,911 INFO o.a.j.t.JMeterThread: Thread finished: Estudiantes concurrentes 1-193
2026-09-28 06:05:18,343 INFO o.a.j.t.JMeterThread: Thread is done: Estudiantes concurrentes 1-184
2026-09-28 06:05:18,344 INFO o.a.j.t.JMeterThread: Thread finished: Estudiantes concurrentes 1-184
2026-09-28 06:05:18,568 INFO o.a.j.t.JMeterThread: Thread is done: Estudiantes concurrentes 1-200
2026-09-28 06:05:18,568 INFO o.a.j.t.JMeterThread: Thread finished: Estudiantes concurrentes 1-200
2026-09-28 06:05:22,218 INFO o.a.j.t.JMeterThread: Thread is done: Estudiantes concurrentes 1-195
2026-09-28 06:05:22,219 INFO o.a.j.t.JMeterThread: Thread finished: Estudiantes concurrentes 1-195
2026-09-28 06:05:22,225 INFO o.a.j.e.StandardJMeterEngine: Notifying test listeners of end of test
2026-09-28 06:05:22,231 INFO o.a.j.s.FileServer: Close: /jmeter/capacity/tokens.csv
2026-09-28 06:05:22,337 INFO o.a.j.r.Summariser: summary +    124 in 00:00:22 =    5.6/s Avg:    92 Min:    70 Max:   120 Err:     0 (0.00%) Active: 0 Started: 200 Finished: 200
2026-09-28 06:05:22,339 INFO o.a.j.r.Summariser: summary =   8400 in 00:04:43 =   29.7/s Avg:   145 Min:    66 Max:  4937 Err:     0 (0.00%)
