2026-09-28 04:13:46,482 INFO o.a.j.u.JMeterUtils: Setting Locale to en_EN
2026-09-28 04:13:46,554 INFO o.a.j.JMeter: Loading user properties from: /opt/apache-jmeter-5.5/bin/user.properties
2026-09-28 04:13:46,557 INFO o.a.j.JMeter: Loading system properties from: /opt/apache-jmeter-5.5/bin/system.properties
2026-09-28 04:13:46,559 INFO o.a.j.JMeter: Setting System property: log4j2.formatMsgNoLookups=true
2026-09-28 04:13:46,560 INFO o.a.j.JMeter: Setting JMeter property: users=3
2026-09-28 04:13:46,561 INFO o.a.j.JMeter: Setting JMeter property: ramp=3
2026-09-28 04:13:46,562 INFO o.a.j.JMeter: Setting JMeter property: sessions=3
2026-09-28 04:13:46,563 INFO o.a.j.JMeter: Setting JMeter property: think_ms=800
2026-09-28 04:13:46,563 INFO o.a.j.JMeter: Setting JMeter property: think_range_ms=800
2026-09-28 04:13:46,564 INFO o.a.j.JMeter: Setting JMeter property: host=34.24.52.111.sslip.io
2026-09-28 04:13:46,565 INFO o.a.j.JMeter: Setting JMeter property: port=443
2026-09-28 04:13:46,566 INFO o.a.j.JMeter: Setting JMeter property: protocol=https
2026-09-28 04:13:46,567 INFO o.a.j.JMeter: Setting JMeter property: origin=https://34.24.52.111.sslip.io
2026-09-28 04:13:46,568 INFO o.a.j.JMeter: Setting JMeter property: runId=nube-piloto_20260927_211339
2026-09-28 04:13:46,569 INFO o.a.j.JMeter: Setting JMeter property: tokens=/jmeter/capacity/tokens.csv
2026-09-28 04:13:46,594 INFO o.a.j.JMeter: Copyright (c) 1998-2022 The Apache Software Foundation
2026-09-28 04:13:46,595 INFO o.a.j.JMeter: Version 5.5
2026-09-28 04:13:46,596 INFO o.a.j.JMeter: java.version=1.8.0_275
2026-09-28 04:13:46,596 INFO o.a.j.JMeter: java.vm.name=OpenJDK 64-Bit Server VM
2026-09-28 04:13:46,598 INFO o.a.j.JMeter: os.name=Linux
2026-09-28 04:13:46,599 INFO o.a.j.JMeter: os.arch=amd64
2026-09-28 04:13:46,600 INFO o.a.j.JMeter: os.version=5.15.167.4-microsoft-standard-WSL2
2026-09-28 04:13:46,601 INFO o.a.j.JMeter: file.encoding=UTF-8
2026-09-28 04:13:46,601 INFO o.a.j.JMeter: java.awt.headless=true
2026-09-28 04:13:46,602 INFO o.a.j.JMeter: Max memory     =1736441856
2026-09-28 04:13:46,603 INFO o.a.j.JMeter: Available Processors =12
2026-09-28 04:13:46,620 INFO o.a.j.JMeter: Default Locale=English (EN)
2026-09-28 04:13:46,622 INFO o.a.j.JMeter: JMeter  Locale=English (EN)
2026-09-28 04:13:46,623 INFO o.a.j.JMeter: JMeterHome=/opt/apache-jmeter-5.5
2026-09-28 04:13:46,623 INFO o.a.j.JMeter: user.dir  =/opt/apache-jmeter-5.5
2026-09-28 04:13:46,624 INFO o.a.j.JMeter: PWD       =/opt/apache-jmeter-5.5
2026-09-28 04:13:46,625 INFO o.a.j.JMeter: IP: 172.17.0.2 Name: d9e855294ee6 FullName: d9e855294ee6
2026-09-28 04:13:46,688 INFO o.a.j.s.FileServer: Default base='/opt/apache-jmeter-5.5'
2026-09-28 04:13:46,691 INFO o.a.j.s.FileServer: Set new base='/jmeter'
2026-09-28 04:13:47,005 INFO o.a.j.s.SaveService: Testplan (JMX) version: 2.2. Testlog (JTL) version: 2.2
2026-09-28 04:13:47,045 INFO o.a.j.s.SaveService: Using SaveService properties file encoding UTF-8
2026-09-28 04:13:47,058 INFO o.a.j.s.SaveService: Using SaveService properties version 5.0
2026-09-28 04:13:47,077 INFO o.a.j.s.SaveService: Loading file: /jmeter/escenario1.jmx
2026-09-28 04:13:47,210 INFO o.a.j.p.h.s.HTTPSamplerBase: Parser for text/html is org.apache.jmeter.protocol.http.parser.LagartoBasedHtmlParser
2026-09-28 04:13:47,210 INFO o.a.j.p.h.s.HTTPSamplerBase: Parser for application/xhtml+xml is org.apache.jmeter.protocol.http.parser.LagartoBasedHtmlParser
2026-09-28 04:13:47,211 INFO o.a.j.p.h.s.HTTPSamplerBase: Parser for application/xml is org.apache.jmeter.protocol.http.parser.LagartoBasedHtmlParser
2026-09-28 04:13:47,212 INFO o.a.j.p.h.s.HTTPSamplerBase: Parser for text/xml is org.apache.jmeter.protocol.http.parser.LagartoBasedHtmlParser
2026-09-28 04:13:47,212 INFO o.a.j.p.h.s.HTTPSamplerBase: Parser for text/vnd.wap.wml is org.apache.jmeter.protocol.http.parser.RegexpHTMLParser
2026-09-28 04:13:47,213 INFO o.a.j.p.h.s.HTTPSamplerBase: Parser for text/css is org.apache.jmeter.protocol.http.parser.CssParser
2026-09-28 04:13:48,040 INFO o.a.j.JMeter: Creating summariser <summary>
2026-09-28 04:13:48,061 INFO o.a.j.e.StandardJMeterEngine: Running the test!
2026-09-28 04:13:48,064 INFO o.a.j.s.SampleEvent: List of sample_variables: []
2026-09-28 04:13:48,065 INFO o.a.j.s.SampleEvent: List of sample_variables: []
2026-09-28 04:13:48,077 INFO o.a.j.e.u.CompoundVariable: Note: Function class names must contain the string: '.functions.'
2026-09-28 04:13:48,078 INFO o.a.j.e.u.CompoundVariable: Note: Function class names must not contain the string: '.gui.'
2026-09-28 04:13:49,106 INFO o.a.j.JMeter: Running test (1790561629105)
2026-09-28 04:13:49,232 INFO o.a.j.e.StandardJMeterEngine: Starting ThreadGroup: 1 : Estudiantes concurrentes
2026-09-28 04:13:49,234 INFO o.a.j.e.StandardJMeterEngine: Starting 3 threads for group Estudiantes concurrentes.
2026-09-28 04:13:49,235 INFO o.a.j.e.StandardJMeterEngine: Thread will continue on error
2026-09-28 04:13:49,236 INFO o.a.j.t.ThreadGroup: Starting thread group... number=1 threads=3 ramp-up=3 delayedStart=false
2026-09-28 04:13:49,264 INFO o.a.j.t.ThreadGroup: Started thread group number 1
2026-09-28 04:13:49,265 INFO o.a.j.e.StandardJMeterEngine: All thread groups have been started
2026-09-28 04:13:49,283 INFO o.a.j.t.JMeterThread: Thread started: Estudiantes concurrentes 1-1
2026-09-28 04:13:49,288 INFO o.a.j.s.FileServer: Stored: /jmeter/capacity/tokens.csv
2026-09-28 04:13:50,270 INFO o.a.j.t.JMeterThread: Thread started: Estudiantes concurrentes 1-2
2026-09-28 04:13:51,262 INFO o.a.j.t.JMeterThread: Thread started: Estudiantes concurrentes 1-3
2026-09-28 04:13:51,892 INFO o.a.j.p.h.s.HTTPHCAbstractImpl: Local host = d9e855294ee6
2026-09-28 04:13:51,904 INFO o.a.j.p.h.s.HTTPHC4Impl: HTTP request retry count = 0
2026-09-28 04:13:51,907 INFO o.a.j.s.SampleResult: Note: Sample TimeStamps are START times
2026-09-28 04:13:51,908 INFO o.a.j.s.SampleResult: sampleresult.default.encoding is set to ISO-8859-1
2026-09-28 04:13:51,908 INFO o.a.j.s.SampleResult: sampleresult.useNanoTime=true
2026-09-28 04:13:51,909 INFO o.a.j.s.SampleResult: sampleresult.nanoThreadSleep=5000
2026-09-28 04:13:52,478 INFO o.a.j.p.h.s.h.LazyLayeredConnectionSocketFactory: Setting up HTTPS TrustAll Socket Factory
2026-09-28 04:13:52,493 INFO o.a.j.u.JsseSSLManager: Using default SSL protocol: TLS
2026-09-28 04:13:52,494 INFO o.a.j.u.JsseSSLManager: SSL session context: per-thread
2026-09-28 04:13:52,671 INFO o.a.j.u.SSLManager: JmeterKeyStore Location:  type JKS
2026-09-28 04:13:52,680 INFO o.a.j.u.SSLManager: KeyStore created OK
2026-09-28 04:13:52,681 WARN o.a.j.u.SSLManager: Keystore file not found, loading empty keystore
2026-09-28 04:14:00,595 INFO o.a.j.r.Summariser: summary +     16 in 00:00:11 =    1.4/s Avg:   528 Min:    75 Max:  2909 Err:     0 (0.00%) Active: 3 Started: 3 Finished: 0
2026-09-28 04:14:30,567 INFO o.a.j.r.Summariser: summary +     67 in 00:00:30 =    2.2/s Avg:   131 Min:    76 Max:   222 Err:     0 (0.00%) Active: 3 Started: 3 Finished: 0
2026-09-28 04:14:30,568 INFO o.a.j.r.Summariser: summary =     83 in 00:00:41 =    2.0/s Avg:   207 Min:    75 Max:  2909 Err:     0 (0.00%)
2026-09-28 04:14:47,667 INFO o.a.j.t.JMeterThread: Thread is done: Estudiantes concurrentes 1-3
2026-09-28 04:14:47,668 INFO o.a.j.t.JMeterThread: Thread finished: Estudiantes concurrentes 1-3
2026-09-28 04:14:50,019 INFO o.a.j.t.JMeterThread: Thread is done: Estudiantes concurrentes 1-1
2026-09-28 04:14:50,020 INFO o.a.j.t.JMeterThread: Thread finished: Estudiantes concurrentes 1-1
2026-09-28 04:14:50,121 INFO o.a.j.t.JMeterThread: Thread is done: Estudiantes concurrentes 1-2
2026-09-28 04:14:50,122 INFO o.a.j.t.JMeterThread: Thread finished: Estudiantes concurrentes 1-2
2026-09-28 04:14:50,124 INFO o.a.j.e.StandardJMeterEngine: Notifying test listeners of end of test
2026-09-28 04:14:50,126 INFO o.a.j.s.FileServer: Close: /jmeter/capacity/tokens.csv
2026-09-28 04:14:50,136 INFO o.a.j.r.Summariser: summary +     43 in 00:00:20 =    2.2/s Avg:   145 Min:    78 Max:   208 Err:     0 (0.00%) Active: 0 Started: 3 Finished: 3
2026-09-28 04:14:50,137 INFO o.a.j.r.Summariser: summary =    126 in 00:01:01 =    2.1/s Avg:   186 Min:    75 Max:  2909 Err:     0 (0.00%)
