2026-09-28 04:10:28,757 INFO o.a.j.u.JMeterUtils: Setting Locale to en_EN
2026-09-28 04:10:28,808 INFO o.a.j.JMeter: Loading user properties from: /opt/apache-jmeter-5.5/bin/user.properties
2026-09-28 04:10:28,810 INFO o.a.j.JMeter: Loading system properties from: /opt/apache-jmeter-5.5/bin/system.properties
2026-09-28 04:10:28,811 INFO o.a.j.JMeter: Setting System property: log4j2.formatMsgNoLookups=true
2026-09-28 04:10:28,812 INFO o.a.j.JMeter: Setting JMeter property: users=3
2026-09-28 04:10:28,813 INFO o.a.j.JMeter: Setting JMeter property: ramp=3
2026-09-28 04:10:28,813 INFO o.a.j.JMeter: Setting JMeter property: sessions=3
2026-09-28 04:10:28,814 INFO o.a.j.JMeter: Setting JMeter property: think_ms=800
2026-09-28 04:10:28,814 INFO o.a.j.JMeter: Setting JMeter property: think_range_ms=800
2026-09-28 04:10:28,815 INFO o.a.j.JMeter: Setting JMeter property: host=34.24.52.111.sslip.io
2026-09-28 04:10:28,815 INFO o.a.j.JMeter: Setting JMeter property: port=443
2026-09-28 04:10:28,816 INFO o.a.j.JMeter: Setting JMeter property: protocol=https
2026-09-28 04:10:28,816 INFO o.a.j.JMeter: Setting JMeter property: origin=https://34.24.52.111.sslip.io
2026-09-28 04:10:28,817 INFO o.a.j.JMeter: Setting JMeter property: runId=nube-piloto_20260927_211006
2026-09-28 04:10:28,817 INFO o.a.j.JMeter: Setting JMeter property: tokens=/jmeter/capacity/tokens.csv
2026-09-28 04:10:28,830 INFO o.a.j.JMeter: Copyright (c) 1998-2022 The Apache Software Foundation
2026-09-28 04:10:28,831 INFO o.a.j.JMeter: Version 5.5
2026-09-28 04:10:28,832 INFO o.a.j.JMeter: java.version=1.8.0_275
2026-09-28 04:10:28,832 INFO o.a.j.JMeter: java.vm.name=OpenJDK 64-Bit Server VM
2026-09-28 04:10:28,833 INFO o.a.j.JMeter: os.name=Linux
2026-09-28 04:10:28,833 INFO o.a.j.JMeter: os.arch=amd64
2026-09-28 04:10:28,834 INFO o.a.j.JMeter: os.version=5.15.167.4-microsoft-standard-WSL2
2026-09-28 04:10:28,834 INFO o.a.j.JMeter: file.encoding=UTF-8
2026-09-28 04:10:28,835 INFO o.a.j.JMeter: java.awt.headless=true
2026-09-28 04:10:28,836 INFO o.a.j.JMeter: Max memory     =1769996288
2026-09-28 04:10:28,837 INFO o.a.j.JMeter: Available Processors =12
2026-09-28 04:10:28,851 INFO o.a.j.JMeter: Default Locale=English (EN)
2026-09-28 04:10:28,852 INFO o.a.j.JMeter: JMeter  Locale=English (EN)
2026-09-28 04:10:28,853 INFO o.a.j.JMeter: JMeterHome=/opt/apache-jmeter-5.5
2026-09-28 04:10:28,854 INFO o.a.j.JMeter: user.dir  =/opt/apache-jmeter-5.5
2026-09-28 04:10:28,855 INFO o.a.j.JMeter: PWD       =/opt/apache-jmeter-5.5
2026-09-28 04:10:28,855 INFO o.a.j.JMeter: IP: 172.17.0.2 Name: bf28263fa357 FullName: bf28263fa357
2026-09-28 04:10:28,909 INFO o.a.j.s.FileServer: Default base='/opt/apache-jmeter-5.5'
2026-09-28 04:10:28,911 INFO o.a.j.s.FileServer: Set new base='/jmeter'
2026-09-28 04:10:29,194 INFO o.a.j.s.SaveService: Testplan (JMX) version: 2.2. Testlog (JTL) version: 2.2
2026-09-28 04:10:29,233 INFO o.a.j.s.SaveService: Using SaveService properties file encoding UTF-8
2026-09-28 04:10:29,245 INFO o.a.j.s.SaveService: Using SaveService properties version 5.0
2026-09-28 04:10:29,259 INFO o.a.j.s.SaveService: Loading file: /jmeter/escenario1.jmx
2026-09-28 04:10:29,364 INFO o.a.j.p.h.s.HTTPSamplerBase: Parser for text/html is org.apache.jmeter.protocol.http.parser.LagartoBasedHtmlParser
2026-09-28 04:10:29,365 INFO o.a.j.p.h.s.HTTPSamplerBase: Parser for application/xhtml+xml is org.apache.jmeter.protocol.http.parser.LagartoBasedHtmlParser
2026-09-28 04:10:29,366 INFO o.a.j.p.h.s.HTTPSamplerBase: Parser for application/xml is org.apache.jmeter.protocol.http.parser.LagartoBasedHtmlParser
2026-09-28 04:10:29,366 INFO o.a.j.p.h.s.HTTPSamplerBase: Parser for text/xml is org.apache.jmeter.protocol.http.parser.LagartoBasedHtmlParser
2026-09-28 04:10:29,367 INFO o.a.j.p.h.s.HTTPSamplerBase: Parser for text/vnd.wap.wml is org.apache.jmeter.protocol.http.parser.RegexpHTMLParser
2026-09-28 04:10:29,367 INFO o.a.j.p.h.s.HTTPSamplerBase: Parser for text/css is org.apache.jmeter.protocol.http.parser.CssParser
2026-09-28 04:10:30,093 INFO o.a.j.JMeter: Creating summariser <summary>
2026-09-28 04:10:30,110 INFO o.a.j.e.StandardJMeterEngine: Running the test!
2026-09-28 04:10:30,112 INFO o.a.j.s.SampleEvent: List of sample_variables: []
2026-09-28 04:10:30,113 INFO o.a.j.s.SampleEvent: List of sample_variables: []
2026-09-28 04:10:30,124 INFO o.a.j.e.u.CompoundVariable: Note: Function class names must contain the string: '.functions.'
2026-09-28 04:10:30,124 INFO o.a.j.e.u.CompoundVariable: Note: Function class names must not contain the string: '.gui.'
2026-09-28 04:10:31,018 INFO o.a.j.JMeter: Running test (1790561431018)
2026-09-28 04:10:31,124 INFO o.a.j.e.StandardJMeterEngine: Starting ThreadGroup: 1 : Estudiantes concurrentes
2026-09-28 04:10:31,125 INFO o.a.j.e.StandardJMeterEngine: Starting 3 threads for group Estudiantes concurrentes.
2026-09-28 04:10:31,126 INFO o.a.j.e.StandardJMeterEngine: Thread will continue on error
2026-09-28 04:10:31,126 INFO o.a.j.t.ThreadGroup: Starting thread group... number=1 threads=3 ramp-up=3 delayedStart=false
2026-09-28 04:10:31,150 INFO o.a.j.t.ThreadGroup: Started thread group number 1
2026-09-28 04:10:31,152 INFO o.a.j.e.StandardJMeterEngine: All thread groups have been started
2026-09-28 04:10:31,166 INFO o.a.j.t.JMeterThread: Thread started: Estudiantes concurrentes 1-1
2026-09-28 04:10:31,170 INFO o.a.j.s.FileServer: Stored: /jmeter/capacity/tokens.csv
2026-09-28 04:10:32,153 INFO o.a.j.t.JMeterThread: Thread started: Estudiantes concurrentes 1-2
2026-09-28 04:10:33,151 INFO o.a.j.t.JMeterThread: Thread started: Estudiantes concurrentes 1-3
2026-09-28 04:10:33,774 INFO o.a.j.p.h.s.HTTPHCAbstractImpl: Local host = bf28263fa357
2026-09-28 04:10:33,791 INFO o.a.j.p.h.s.HTTPHC4Impl: HTTP request retry count = 0
2026-09-28 04:10:33,799 INFO o.a.j.s.SampleResult: Note: Sample TimeStamps are START times
2026-09-28 04:10:33,800 INFO o.a.j.s.SampleResult: sampleresult.default.encoding is set to ISO-8859-1
2026-09-28 04:10:33,800 INFO o.a.j.s.SampleResult: sampleresult.useNanoTime=true
2026-09-28 04:10:33,801 INFO o.a.j.s.SampleResult: sampleresult.nanoThreadSleep=5000
2026-09-28 04:10:34,228 INFO o.a.j.p.h.s.h.LazyLayeredConnectionSocketFactory: Setting up HTTPS TrustAll Socket Factory
2026-09-28 04:10:34,243 INFO o.a.j.u.JsseSSLManager: Using default SSL protocol: TLS
2026-09-28 04:10:34,244 INFO o.a.j.u.JsseSSLManager: SSL session context: per-thread
2026-09-28 04:10:34,558 INFO o.a.j.u.SSLManager: JmeterKeyStore Location:  type JKS
2026-09-28 04:10:34,569 INFO o.a.j.u.SSLManager: KeyStore created OK
2026-09-28 04:10:34,570 WARN o.a.j.u.SSLManager: Keystore file not found, loading empty keystore
2026-09-28 04:10:35,437 INFO o.a.j.r.Summariser: summary +      1 in 00:00:04 =    0.2/s Avg:  1416 Min:  1416 Max:  1416 Err:     1 (100.00%) Active: 3 Started: 3 Finished: 0
2026-09-28 04:11:00,330 INFO o.a.j.r.Summariser: summary +     56 in 00:00:25 =    2.2/s Avg:   204 Min:    82 Max:  1416 Err:     5 (8.93%) Active: 3 Started: 3 Finished: 0
2026-09-28 04:11:00,332 INFO o.a.j.r.Summariser: summary =     57 in 00:00:29 =    1.9/s Avg:   226 Min:    82 Max:  1416 Err:     6 (10.53%)
2026-09-28 04:11:30,130 INFO o.a.j.r.Summariser: summary +     66 in 00:00:30 =    2.2/s Avg:   143 Min:    76 Max:   711 Err:     3 (4.55%) Active: 3 Started: 3 Finished: 0
2026-09-28 04:11:30,132 INFO o.a.j.r.Summariser: summary =    123 in 00:00:59 =    2.1/s Avg:   181 Min:    76 Max:  1416 Err:     9 (7.32%)
2026-09-28 04:11:30,134 INFO o.a.j.t.JMeterThread: Thread is done: Estudiantes concurrentes 1-2
2026-09-28 04:11:30,135 INFO o.a.j.t.JMeterThread: Thread finished: Estudiantes concurrentes 1-2
2026-09-28 04:11:31,050 INFO o.a.j.t.JMeterThread: Thread is done: Estudiantes concurrentes 1-1
2026-09-28 04:11:31,051 INFO o.a.j.t.JMeterThread: Thread finished: Estudiantes concurrentes 1-1
2026-09-28 04:11:31,562 INFO o.a.j.t.JMeterThread: Thread is done: Estudiantes concurrentes 1-3
2026-09-28 04:11:31,563 INFO o.a.j.t.JMeterThread: Thread finished: Estudiantes concurrentes 1-3
2026-09-28 04:11:31,565 INFO o.a.j.e.StandardJMeterEngine: Notifying test listeners of end of test
2026-09-28 04:11:31,567 INFO o.a.j.s.FileServer: Close: /jmeter/capacity/tokens.csv
2026-09-28 04:11:31,576 INFO o.a.j.r.Summariser: summary +      3 in 00:00:01 =    2.1/s Avg:   128 Min:    83 Max:   185 Err:     0 (0.00%) Active: 0 Started: 3 Finished: 3
2026-09-28 04:11:31,579 INFO o.a.j.r.Summariser: summary =    126 in 00:01:01 =    2.1/s Avg:   180 Min:    76 Max:  1416 Err:     9 (7.14%)
