2026-09-28 03:22:43,567 INFO o.a.j.u.JMeterUtils: Setting Locale to en_EN
2026-09-28 03:22:43,605 INFO o.a.j.JMeter: Loading user properties from: /opt/apache-jmeter-5.5/bin/user.properties
2026-09-28 03:22:43,606 INFO o.a.j.JMeter: Loading system properties from: /opt/apache-jmeter-5.5/bin/system.properties
2026-09-28 03:22:43,607 INFO o.a.j.JMeter: Setting System property: log4j2.formatMsgNoLookups=true
2026-09-28 03:22:43,608 INFO o.a.j.JMeter: Setting JMeter property: users=3
2026-09-28 03:22:43,609 INFO o.a.j.JMeter: Setting JMeter property: ramp=3
2026-09-28 03:22:43,609 INFO o.a.j.JMeter: Setting JMeter property: sessions=3
2026-09-28 03:22:43,610 INFO o.a.j.JMeter: Setting JMeter property: think_ms=100
2026-09-28 03:22:43,611 INFO o.a.j.JMeter: Setting JMeter property: think_range_ms=100
2026-09-28 03:22:43,611 INFO o.a.j.JMeter: Setting JMeter property: host=host.docker.internal
2026-09-28 03:22:43,612 INFO o.a.j.JMeter: Setting JMeter property: port=8080
2026-09-28 03:22:43,613 INFO o.a.j.JMeter: Setting JMeter property: protocol=http
2026-09-28 03:22:43,613 INFO o.a.j.JMeter: Setting JMeter property: origin=http://host.docker.internal:8080
2026-09-28 03:22:43,614 INFO o.a.j.JMeter: Setting JMeter property: runId=local-sin-reinicio_20260927_202240
2026-09-28 03:22:43,614 INFO o.a.j.JMeter: Setting JMeter property: tokens=/jmeter/capacity/tokens.csv
2026-09-28 03:22:43,627 INFO o.a.j.JMeter: Copyright (c) 1998-2022 The Apache Software Foundation
2026-09-28 03:22:43,628 INFO o.a.j.JMeter: Version 5.5
2026-09-28 03:22:43,629 INFO o.a.j.JMeter: java.version=1.8.0_275
2026-09-28 03:22:43,629 INFO o.a.j.JMeter: java.vm.name=OpenJDK 64-Bit Server VM
2026-09-28 03:22:43,630 INFO o.a.j.JMeter: os.name=Linux
2026-09-28 03:22:43,631 INFO o.a.j.JMeter: os.arch=amd64
2026-09-28 03:22:43,632 INFO o.a.j.JMeter: os.version=5.15.167.4-microsoft-standard-WSL2
2026-09-28 03:22:43,633 INFO o.a.j.JMeter: file.encoding=UTF-8
2026-09-28 03:22:43,633 INFO o.a.j.JMeter: java.awt.headless=true
2026-09-28 03:22:43,633 INFO o.a.j.JMeter: Max memory     =1627389952
2026-09-28 03:22:43,634 INFO o.a.j.JMeter: Available Processors =12
2026-09-28 03:22:43,643 INFO o.a.j.JMeter: Default Locale=English (EN)
2026-09-28 03:22:43,645 INFO o.a.j.JMeter: JMeter  Locale=English (EN)
2026-09-28 03:22:43,646 INFO o.a.j.JMeter: JMeterHome=/opt/apache-jmeter-5.5
2026-09-28 03:22:43,647 INFO o.a.j.JMeter: user.dir  =/opt/apache-jmeter-5.5
2026-09-28 03:22:43,648 INFO o.a.j.JMeter: PWD       =/opt/apache-jmeter-5.5
2026-09-28 03:22:43,649 INFO o.a.j.JMeter: IP: 172.17.0.2 Name: 3bffcbe984ae FullName: 3bffcbe984ae
2026-09-28 03:22:43,690 INFO o.a.j.s.FileServer: Default base='/opt/apache-jmeter-5.5'
2026-09-28 03:22:43,693 INFO o.a.j.s.FileServer: Set new base='/jmeter'
2026-09-28 03:22:43,933 INFO o.a.j.s.SaveService: Testplan (JMX) version: 2.2. Testlog (JTL) version: 2.2
2026-09-28 03:22:43,961 INFO o.a.j.s.SaveService: Using SaveService properties file encoding UTF-8
2026-09-28 03:22:43,969 INFO o.a.j.s.SaveService: Using SaveService properties version 5.0
2026-09-28 03:22:43,988 INFO o.a.j.s.SaveService: Loading file: /jmeter/escenario1.jmx
2026-09-28 03:22:44,097 INFO o.a.j.p.h.s.HTTPSamplerBase: Parser for text/html is org.apache.jmeter.protocol.http.parser.LagartoBasedHtmlParser
2026-09-28 03:22:44,098 INFO o.a.j.p.h.s.HTTPSamplerBase: Parser for application/xhtml+xml is org.apache.jmeter.protocol.http.parser.LagartoBasedHtmlParser
2026-09-28 03:22:44,099 INFO o.a.j.p.h.s.HTTPSamplerBase: Parser for application/xml is org.apache.jmeter.protocol.http.parser.LagartoBasedHtmlParser
2026-09-28 03:22:44,099 INFO o.a.j.p.h.s.HTTPSamplerBase: Parser for text/xml is org.apache.jmeter.protocol.http.parser.LagartoBasedHtmlParser
2026-09-28 03:22:44,100 INFO o.a.j.p.h.s.HTTPSamplerBase: Parser for text/vnd.wap.wml is org.apache.jmeter.protocol.http.parser.RegexpHTMLParser
2026-09-28 03:22:44,100 INFO o.a.j.p.h.s.HTTPSamplerBase: Parser for text/css is org.apache.jmeter.protocol.http.parser.CssParser
2026-09-28 03:22:44,826 INFO o.a.j.JMeter: Creating summariser <summary>
2026-09-28 03:22:44,841 INFO o.a.j.e.StandardJMeterEngine: Running the test!
2026-09-28 03:22:44,843 INFO o.a.j.s.SampleEvent: List of sample_variables: []
2026-09-28 03:22:44,844 INFO o.a.j.s.SampleEvent: List of sample_variables: []
2026-09-28 03:22:44,853 INFO o.a.j.e.u.CompoundVariable: Note: Function class names must contain the string: '.functions.'
2026-09-28 03:22:44,854 INFO o.a.j.e.u.CompoundVariable: Note: Function class names must not contain the string: '.gui.'
2026-09-28 03:22:45,670 INFO o.a.j.JMeter: Running test (1790558565670)
2026-09-28 03:22:45,808 INFO o.a.j.e.StandardJMeterEngine: Starting ThreadGroup: 1 : Estudiantes concurrentes
2026-09-28 03:22:45,809 INFO o.a.j.e.StandardJMeterEngine: Starting 3 threads for group Estudiantes concurrentes.
2026-09-28 03:22:45,810 INFO o.a.j.e.StandardJMeterEngine: Thread will continue on error
2026-09-28 03:22:45,811 INFO o.a.j.t.ThreadGroup: Starting thread group... number=1 threads=3 ramp-up=3 delayedStart=false
2026-09-28 03:22:45,824 INFO o.a.j.t.ThreadGroup: Started thread group number 1
2026-09-28 03:22:45,825 INFO o.a.j.e.StandardJMeterEngine: All thread groups have been started
2026-09-28 03:22:45,835 INFO o.a.j.t.JMeterThread: Thread started: Estudiantes concurrentes 1-1
2026-09-28 03:22:45,838 INFO o.a.j.s.FileServer: Stored: /jmeter/capacity/tokens.csv
2026-09-28 03:22:46,827 INFO o.a.j.t.JMeterThread: Thread started: Estudiantes concurrentes 1-2
2026-09-28 03:22:47,500 INFO o.a.j.p.h.s.HTTPHCAbstractImpl: Local host = 3bffcbe984ae
2026-09-28 03:22:47,507 INFO o.a.j.p.h.s.HTTPHC4Impl: HTTP request retry count = 0
2026-09-28 03:22:47,511 INFO o.a.j.s.SampleResult: Note: Sample TimeStamps are START times
2026-09-28 03:22:47,512 INFO o.a.j.s.SampleResult: sampleresult.default.encoding is set to ISO-8859-1
2026-09-28 03:22:47,512 INFO o.a.j.s.SampleResult: sampleresult.useNanoTime=true
2026-09-28 03:22:47,513 INFO o.a.j.s.SampleResult: sampleresult.nanoThreadSleep=5000
2026-09-28 03:22:47,825 INFO o.a.j.t.JMeterThread: Thread started: Estudiantes concurrentes 1-3
2026-09-28 03:22:54,688 INFO o.a.j.t.JMeterThread: Thread is done: Estudiantes concurrentes 1-2
2026-09-28 03:22:54,688 INFO o.a.j.t.JMeterThread: Thread finished: Estudiantes concurrentes 1-2
2026-09-28 03:22:54,940 INFO o.a.j.t.JMeterThread: Thread is done: Estudiantes concurrentes 1-1
2026-09-28 03:22:54,941 INFO o.a.j.t.JMeterThread: Thread finished: Estudiantes concurrentes 1-1
2026-09-28 03:22:54,947 INFO o.a.j.t.JMeterThread: Thread is done: Estudiantes concurrentes 1-3
2026-09-28 03:22:54,948 INFO o.a.j.t.JMeterThread: Thread finished: Estudiantes concurrentes 1-3
2026-09-28 03:22:54,949 INFO o.a.j.e.StandardJMeterEngine: Notifying test listeners of end of test
2026-09-28 03:22:54,949 INFO o.a.j.s.FileServer: Close: /jmeter/capacity/tokens.csv
2026-09-28 03:22:54,955 INFO o.a.j.r.Summariser: summary =    126 in 00:00:09 =   13.6/s Avg:    16 Min:     4 Max:   138 Err:    27 (21.43%)
