2026-09-28 05:18:10,633 INFO o.a.j.u.JMeterUtils: Setting Locale to en_EN
2026-09-28 05:18:10,687 INFO o.a.j.JMeter: Loading user properties from: /opt/apache-jmeter-5.5/bin/user.properties
2026-09-28 05:18:10,689 INFO o.a.j.JMeter: Loading system properties from: /opt/apache-jmeter-5.5/bin/system.properties
2026-09-28 05:18:10,691 INFO o.a.j.JMeter: Setting System property: log4j2.formatMsgNoLookups=true
2026-09-28 05:18:10,692 INFO o.a.j.JMeter: Setting JMeter property: users=25
2026-09-28 05:18:10,693 INFO o.a.j.JMeter: Setting JMeter property: ramp=30
2026-09-28 05:18:10,693 INFO o.a.j.JMeter: Setting JMeter property: sessions=3
2026-09-28 05:18:10,695 INFO o.a.j.JMeter: Setting JMeter property: think_ms=4000
2026-09-28 05:18:10,695 INFO o.a.j.JMeter: Setting JMeter property: think_range_ms=2000
2026-09-28 05:18:10,696 INFO o.a.j.JMeter: Setting JMeter property: host=34.24.52.111.sslip.io
2026-09-28 05:18:10,696 INFO o.a.j.JMeter: Setting JMeter property: port=443
2026-09-28 05:18:10,697 INFO o.a.j.JMeter: Setting JMeter property: protocol=https
2026-09-28 05:18:10,697 INFO o.a.j.JMeter: Setting JMeter property: origin=https://34.24.52.111.sslip.io
2026-09-28 05:18:10,697 INFO o.a.j.JMeter: Setting JMeter property: runId=A-nivel25_20260927_221803
2026-09-28 05:18:10,698 INFO o.a.j.JMeter: Setting JMeter property: tokens=/jmeter/capacity/tokens.csv
2026-09-28 05:18:10,715 INFO o.a.j.JMeter: Copyright (c) 1998-2022 The Apache Software Foundation
2026-09-28 05:18:10,715 INFO o.a.j.JMeter: Version 5.5
2026-09-28 05:18:10,716 INFO o.a.j.JMeter: java.version=1.8.0_275
2026-09-28 05:18:10,717 INFO o.a.j.JMeter: java.vm.name=OpenJDK 64-Bit Server VM
2026-09-28 05:18:10,717 INFO o.a.j.JMeter: os.name=Linux
2026-09-28 05:18:10,718 INFO o.a.j.JMeter: os.arch=amd64
2026-09-28 05:18:10,718 INFO o.a.j.JMeter: os.version=5.15.167.4-microsoft-standard-WSL2
2026-09-28 05:18:10,719 INFO o.a.j.JMeter: file.encoding=UTF-8
2026-09-28 05:18:10,719 INFO o.a.j.JMeter: java.awt.headless=true
2026-09-28 05:18:10,720 INFO o.a.j.JMeter: Max memory     =1820327936
2026-09-28 05:18:10,720 INFO o.a.j.JMeter: Available Processors =12
2026-09-28 05:18:10,739 INFO o.a.j.JMeter: Default Locale=English (EN)
2026-09-28 05:18:10,740 INFO o.a.j.JMeter: JMeter  Locale=English (EN)
2026-09-28 05:18:10,741 INFO o.a.j.JMeter: JMeterHome=/opt/apache-jmeter-5.5
2026-09-28 05:18:10,741 INFO o.a.j.JMeter: user.dir  =/opt/apache-jmeter-5.5
2026-09-28 05:18:10,741 INFO o.a.j.JMeter: PWD       =/opt/apache-jmeter-5.5
2026-09-28 05:18:10,742 INFO o.a.j.JMeter: IP: 172.17.0.2 Name: bb4875941479 FullName: bb4875941479
2026-09-28 05:18:10,829 INFO o.a.j.s.FileServer: Default base='/opt/apache-jmeter-5.5'
2026-09-28 05:18:10,831 INFO o.a.j.s.FileServer: Set new base='/jmeter'
2026-09-28 05:18:11,137 INFO o.a.j.s.SaveService: Testplan (JMX) version: 2.2. Testlog (JTL) version: 2.2
2026-09-28 05:18:11,183 INFO o.a.j.s.SaveService: Using SaveService properties file encoding UTF-8
2026-09-28 05:18:11,197 INFO o.a.j.s.SaveService: Using SaveService properties version 5.0
2026-09-28 05:18:11,209 INFO o.a.j.s.SaveService: Loading file: /jmeter/escenario1.jmx
2026-09-28 05:18:11,337 INFO o.a.j.p.h.s.HTTPSamplerBase: Parser for text/html is org.apache.jmeter.protocol.http.parser.LagartoBasedHtmlParser
2026-09-28 05:18:11,337 INFO o.a.j.p.h.s.HTTPSamplerBase: Parser for application/xhtml+xml is org.apache.jmeter.protocol.http.parser.LagartoBasedHtmlParser
2026-09-28 05:18:11,338 INFO o.a.j.p.h.s.HTTPSamplerBase: Parser for application/xml is org.apache.jmeter.protocol.http.parser.LagartoBasedHtmlParser
2026-09-28 05:18:11,339 INFO o.a.j.p.h.s.HTTPSamplerBase: Parser for text/xml is org.apache.jmeter.protocol.http.parser.LagartoBasedHtmlParser
2026-09-28 05:18:11,339 INFO o.a.j.p.h.s.HTTPSamplerBase: Parser for text/vnd.wap.wml is org.apache.jmeter.protocol.http.parser.RegexpHTMLParser
2026-09-28 05:18:11,340 INFO o.a.j.p.h.s.HTTPSamplerBase: Parser for text/css is org.apache.jmeter.protocol.http.parser.CssParser
2026-09-28 05:18:12,076 INFO o.a.j.JMeter: Creating summariser <summary>
2026-09-28 05:18:12,117 INFO o.a.j.e.StandardJMeterEngine: Running the test!
2026-09-28 05:18:12,119 INFO o.a.j.s.SampleEvent: List of sample_variables: []
2026-09-28 05:18:12,120 INFO o.a.j.s.SampleEvent: List of sample_variables: []
2026-09-28 05:18:12,130 INFO o.a.j.e.u.CompoundVariable: Note: Function class names must contain the string: '.functions.'
2026-09-28 05:18:12,131 INFO o.a.j.e.u.CompoundVariable: Note: Function class names must not contain the string: '.gui.'
2026-09-28 05:18:13,058 INFO o.a.j.JMeter: Running test (1790565493058)
2026-09-28 05:18:13,174 INFO o.a.j.e.StandardJMeterEngine: Starting ThreadGroup: 1 : Estudiantes concurrentes
2026-09-28 05:18:13,175 INFO o.a.j.e.StandardJMeterEngine: Starting 25 threads for group Estudiantes concurrentes.
2026-09-28 05:18:13,176 INFO o.a.j.e.StandardJMeterEngine: Thread will continue on error
2026-09-28 05:18:13,177 INFO o.a.j.t.ThreadGroup: Starting thread group... number=1 threads=25 ramp-up=30 delayedStart=false
2026-09-28 05:18:13,254 INFO o.a.j.t.JMeterThread: Thread started: Estudiantes concurrentes 1-1
2026-09-28 05:18:13,269 INFO o.a.j.s.FileServer: Stored: /jmeter/capacity/tokens.csv
2026-09-28 05:18:13,321 INFO o.a.j.t.ThreadGroup: Started thread group number 1
2026-09-28 05:18:13,322 INFO o.a.j.e.StandardJMeterEngine: All thread groups have been started
2026-09-28 05:18:14,484 INFO o.a.j.t.JMeterThread: Thread started: Estudiantes concurrentes 1-2
2026-09-28 05:18:15,629 INFO o.a.j.t.JMeterThread: Thread started: Estudiantes concurrentes 1-3
2026-09-28 05:18:16,823 INFO o.a.j.t.JMeterThread: Thread started: Estudiantes concurrentes 1-4
2026-09-28 05:18:18,018 INFO o.a.j.t.JMeterThread: Thread started: Estudiantes concurrentes 1-5
2026-09-28 05:18:19,215 INFO o.a.j.t.JMeterThread: Thread started: Estudiantes concurrentes 1-6
2026-09-28 05:18:19,686 INFO o.a.j.p.h.s.HTTPHCAbstractImpl: Local host = bb4875941479
2026-09-28 05:18:19,700 INFO o.a.j.p.h.s.HTTPHC4Impl: HTTP request retry count = 0
2026-09-28 05:18:19,705 INFO o.a.j.s.SampleResult: Note: Sample TimeStamps are START times
2026-09-28 05:18:19,705 INFO o.a.j.s.SampleResult: sampleresult.default.encoding is set to ISO-8859-1
2026-09-28 05:18:19,706 INFO o.a.j.s.SampleResult: sampleresult.useNanoTime=true
2026-09-28 05:18:19,707 INFO o.a.j.s.SampleResult: sampleresult.nanoThreadSleep=5000
2026-09-28 05:18:19,920 INFO o.a.j.p.h.s.h.LazyLayeredConnectionSocketFactory: Setting up HTTPS TrustAll Socket Factory
2026-09-28 05:18:19,930 INFO o.a.j.u.JsseSSLManager: Using default SSL protocol: TLS
2026-09-28 05:18:19,931 INFO o.a.j.u.JsseSSLManager: SSL session context: per-thread
2026-09-28 05:18:20,139 INFO o.a.j.u.SSLManager: JmeterKeyStore Location:  type JKS
2026-09-28 05:18:20,148 INFO o.a.j.u.SSLManager: KeyStore created OK
2026-09-28 05:18:20,149 WARN o.a.j.u.SSLManager: Keystore file not found, loading empty keystore
2026-09-28 05:18:20,407 INFO o.a.j.t.JMeterThread: Thread started: Estudiantes concurrentes 1-7
2026-09-28 05:18:21,591 INFO o.a.j.t.JMeterThread: Thread started: Estudiantes concurrentes 1-8
2026-09-28 05:18:22,783 INFO o.a.j.t.JMeterThread: Thread started: Estudiantes concurrentes 1-9
2026-09-28 05:18:23,982 INFO o.a.j.t.JMeterThread: Thread started: Estudiantes concurrentes 1-10
2026-09-28 05:18:25,184 INFO o.a.j.t.JMeterThread: Thread started: Estudiantes concurrentes 1-11
2026-09-28 05:18:26,383 INFO o.a.j.t.JMeterThread: Thread started: Estudiantes concurrentes 1-12
2026-09-28 05:18:27,583 INFO o.a.j.t.JMeterThread: Thread started: Estudiantes concurrentes 1-13
2026-09-28 05:18:28,850 INFO o.a.j.t.JMeterThread: Thread started: Estudiantes concurrentes 1-14
2026-09-28 05:18:29,983 INFO o.a.j.t.JMeterThread: Thread started: Estudiantes concurrentes 1-15
2026-09-28 05:18:30,447 INFO o.a.j.r.Summariser: summary +     17 in 00:00:17 =    1.0/s Avg:   405 Min:    72 Max:  1067 Err:     0 (0.00%) Active: 15 Started: 15 Finished: 0
2026-09-28 05:18:31,183 INFO o.a.j.t.JMeterThread: Thread started: Estudiantes concurrentes 1-16
2026-09-28 05:18:32,385 INFO o.a.j.t.JMeterThread: Thread started: Estudiantes concurrentes 1-17
2026-09-28 05:18:33,584 INFO o.a.j.t.JMeterThread: Thread started: Estudiantes concurrentes 1-18
2026-09-28 05:18:34,784 INFO o.a.j.t.JMeterThread: Thread started: Estudiantes concurrentes 1-19
2026-09-28 05:18:35,982 INFO o.a.j.t.JMeterThread: Thread started: Estudiantes concurrentes 1-20
2026-09-28 05:18:37,183 INFO o.a.j.t.JMeterThread: Thread started: Estudiantes concurrentes 1-21
2026-09-28 05:18:38,381 INFO o.a.j.t.JMeterThread: Thread started: Estudiantes concurrentes 1-22
2026-09-28 05:18:39,582 INFO o.a.j.t.JMeterThread: Thread started: Estudiantes concurrentes 1-23
2026-09-28 05:18:40,832 INFO o.a.j.t.JMeterThread: Thread started: Estudiantes concurrentes 1-24
2026-09-28 05:18:41,985 INFO o.a.j.t.JMeterThread: Thread started: Estudiantes concurrentes 1-25
2026-09-28 05:19:00,114 INFO o.a.j.r.Summariser: summary +    127 in 00:00:30 =    4.3/s Avg:   140 Min:    70 Max:  1816 Err:     0 (0.00%) Active: 25 Started: 25 Finished: 0
2026-09-28 05:19:00,115 INFO o.a.j.r.Summariser: summary =    144 in 00:00:47 =    3.1/s Avg:   171 Min:    70 Max:  1816 Err:     0 (0.00%)
2026-09-28 05:19:30,089 INFO o.a.j.r.Summariser: summary +    147 in 00:00:30 =    4.9/s Avg:   123 Min:    73 Max:  1387 Err:     0 (0.00%) Active: 25 Started: 25 Finished: 0
2026-09-28 05:19:30,090 INFO o.a.j.r.Summariser: summary =    291 in 00:01:17 =    3.8/s Avg:   147 Min:    70 Max:  1816 Err:     0 (0.00%)
2026-09-28 05:20:00,153 INFO o.a.j.r.Summariser: summary +    144 in 00:00:30 =    4.8/s Avg:   142 Min:    69 Max:  1350 Err:     0 (0.00%) Active: 25 Started: 25 Finished: 0
2026-09-28 05:20:00,154 INFO o.a.j.r.Summariser: summary =    435 in 00:01:47 =    4.1/s Avg:   145 Min:    69 Max:  1816 Err:     0 (0.00%)
2026-09-28 05:20:30,340 INFO o.a.j.r.Summariser: summary +    149 in 00:00:30 =    4.9/s Avg:   112 Min:    70 Max:  1276 Err:     0 (0.00%) Active: 25 Started: 25 Finished: 0
2026-09-28 05:20:30,341 INFO o.a.j.r.Summariser: summary =    584 in 00:02:17 =    4.3/s Avg:   137 Min:    69 Max:  1816 Err:     0 (0.00%)
2026-09-28 05:21:00,048 INFO o.a.j.r.Summariser: summary +    143 in 00:00:30 =    4.8/s Avg:   180 Min:    66 Max:  1402 Err:     0 (0.00%) Active: 25 Started: 25 Finished: 0
2026-09-28 05:21:00,049 INFO o.a.j.r.Summariser: summary =    727 in 00:02:47 =    4.4/s Avg:   145 Min:    66 Max:  1816 Err:     0 (0.00%)
2026-09-28 05:21:30,017 INFO o.a.j.r.Summariser: summary +    144 in 00:00:30 =    4.8/s Avg:   141 Min:    67 Max:  2684 Err:     0 (0.00%) Active: 25 Started: 25 Finished: 0
2026-09-28 05:21:30,018 INFO o.a.j.r.Summariser: summary =    871 in 00:03:17 =    4.4/s Avg:   144 Min:    66 Max:  2684 Err:     0 (0.00%)
2026-09-28 05:21:43,103 INFO o.a.j.t.JMeterThread: Thread is done: Estudiantes concurrentes 1-2
2026-09-28 05:21:43,105 INFO o.a.j.t.JMeterThread: Thread finished: Estudiantes concurrentes 1-2
2026-09-28 05:21:49,044 INFO o.a.j.t.JMeterThread: Thread is done: Estudiantes concurrentes 1-1
2026-09-28 05:21:49,045 INFO o.a.j.t.JMeterThread: Thread finished: Estudiantes concurrentes 1-1
2026-09-28 05:21:55,501 INFO o.a.j.t.JMeterThread: Thread is done: Estudiantes concurrentes 1-10
2026-09-28 05:21:55,502 INFO o.a.j.t.JMeterThread: Thread finished: Estudiantes concurrentes 1-10
2026-09-28 05:21:55,835 INFO o.a.j.t.JMeterThread: Thread is done: Estudiantes concurrentes 1-4
2026-09-28 05:21:55,836 INFO o.a.j.t.JMeterThread: Thread finished: Estudiantes concurrentes 1-4
2026-09-28 05:21:56,024 INFO o.a.j.t.JMeterThread: Thread is done: Estudiantes concurrentes 1-6
2026-09-28 05:21:56,025 INFO o.a.j.t.JMeterThread: Thread finished: Estudiantes concurrentes 1-6
2026-09-28 05:21:57,878 INFO o.a.j.t.JMeterThread: Thread is done: Estudiantes concurrentes 1-3
2026-09-28 05:21:57,879 INFO o.a.j.t.JMeterThread: Thread finished: Estudiantes concurrentes 1-3
2026-09-28 05:21:57,932 INFO o.a.j.t.JMeterThread: Thread is done: Estudiantes concurrentes 1-5
2026-09-28 05:21:57,933 INFO o.a.j.t.JMeterThread: Thread finished: Estudiantes concurrentes 1-5
2026-09-28 05:21:58,661 INFO o.a.j.t.JMeterThread: Thread is done: Estudiantes concurrentes 1-15
2026-09-28 05:21:58,662 INFO o.a.j.t.JMeterThread: Thread finished: Estudiantes concurrentes 1-15
2026-09-28 05:21:59,153 INFO o.a.j.t.JMeterThread: Thread is done: Estudiantes concurrentes 1-11
2026-09-28 05:21:59,154 INFO o.a.j.t.JMeterThread: Thread finished: Estudiantes concurrentes 1-11
2026-09-28 05:21:59,727 INFO o.a.j.t.JMeterThread: Thread is done: Estudiantes concurrentes 1-14
2026-09-28 05:21:59,728 INFO o.a.j.t.JMeterThread: Thread finished: Estudiantes concurrentes 1-14
2026-09-28 05:21:59,745 INFO o.a.j.t.JMeterThread: Thread is done: Estudiantes concurrentes 1-8
2026-09-28 05:21:59,747 INFO o.a.j.t.JMeterThread: Thread finished: Estudiantes concurrentes 1-8
2026-09-28 05:22:00,059 INFO o.a.j.r.Summariser: summary +    142 in 00:00:30 =    4.7/s Avg:   209 Min:    73 Max:  1513 Err:     0 (0.00%) Active: 14 Started: 25 Finished: 11
2026-09-28 05:22:00,060 INFO o.a.j.r.Summariser: summary =   1013 in 00:03:47 =    4.5/s Avg:   154 Min:    66 Max:  2684 Err:     0 (0.00%)
2026-09-28 05:22:01,615 INFO o.a.j.t.JMeterThread: Thread is done: Estudiantes concurrentes 1-7
2026-09-28 05:22:01,616 INFO o.a.j.t.JMeterThread: Thread finished: Estudiantes concurrentes 1-7
2026-09-28 05:22:03,178 INFO o.a.j.t.JMeterThread: Thread is done: Estudiantes concurrentes 1-13
2026-09-28 05:22:03,179 INFO o.a.j.t.JMeterThread: Thread finished: Estudiantes concurrentes 1-13
2026-09-28 05:22:03,573 INFO o.a.j.t.JMeterThread: Thread is done: Estudiantes concurrentes 1-9
2026-09-28 05:22:03,575 INFO o.a.j.t.JMeterThread: Thread finished: Estudiantes concurrentes 1-9
2026-09-28 05:22:07,706 INFO o.a.j.t.JMeterThread: Thread is done: Estudiantes concurrentes 1-19
2026-09-28 05:22:07,707 INFO o.a.j.t.JMeterThread: Thread finished: Estudiantes concurrentes 1-19
2026-09-28 05:22:07,919 INFO o.a.j.t.JMeterThread: Thread is done: Estudiantes concurrentes 1-17
2026-09-28 05:22:07,920 INFO o.a.j.t.JMeterThread: Thread finished: Estudiantes concurrentes 1-17
2026-09-28 05:22:08,430 INFO o.a.j.t.JMeterThread: Thread is done: Estudiantes concurrentes 1-22
2026-09-28 05:22:08,432 INFO o.a.j.t.JMeterThread: Thread finished: Estudiantes concurrentes 1-22
2026-09-28 05:22:08,806 INFO o.a.j.t.JMeterThread: Thread is done: Estudiantes concurrentes 1-16
2026-09-28 05:22:08,806 INFO o.a.j.t.JMeterThread: Thread finished: Estudiantes concurrentes 1-16
2026-09-28 05:22:10,006 INFO o.a.j.t.JMeterThread: Thread is done: Estudiantes concurrentes 1-23
2026-09-28 05:22:10,007 INFO o.a.j.t.JMeterThread: Thread finished: Estudiantes concurrentes 1-23
2026-09-28 05:22:12,730 INFO o.a.j.t.JMeterThread: Thread is done: Estudiantes concurrentes 1-12
2026-09-28 05:22:12,804 INFO o.a.j.t.JMeterThread: Thread finished: Estudiantes concurrentes 1-12
2026-09-28 05:22:15,996 INFO o.a.j.t.JMeterThread: Thread is done: Estudiantes concurrentes 1-18
2026-09-28 05:22:15,996 INFO o.a.j.t.JMeterThread: Thread finished: Estudiantes concurrentes 1-18
2026-09-28 05:22:17,375 INFO o.a.j.t.JMeterThread: Thread is done: Estudiantes concurrentes 1-25
2026-09-28 05:22:17,375 INFO o.a.j.t.JMeterThread: Thread finished: Estudiantes concurrentes 1-25
2026-09-28 05:22:20,513 INFO o.a.j.t.JMeterThread: Thread is done: Estudiantes concurrentes 1-20
2026-09-28 05:22:20,718 INFO o.a.j.t.JMeterThread: Thread finished: Estudiantes concurrentes 1-20
2026-09-28 05:22:21,397 INFO o.a.j.t.JMeterThread: Thread is done: Estudiantes concurrentes 1-24
2026-09-28 05:22:21,398 INFO o.a.j.t.JMeterThread: Thread finished: Estudiantes concurrentes 1-24
2026-09-28 05:22:22,005 INFO o.a.j.t.JMeterThread: Thread is done: Estudiantes concurrentes 1-21
2026-09-28 05:22:22,005 INFO o.a.j.t.JMeterThread: Thread finished: Estudiantes concurrentes 1-21
2026-09-28 05:22:22,007 INFO o.a.j.e.StandardJMeterEngine: Notifying test listeners of end of test
2026-09-28 05:22:22,009 INFO o.a.j.s.FileServer: Close: /jmeter/capacity/tokens.csv
2026-09-28 05:22:22,030 INFO o.a.j.r.Summariser: summary +     37 in 00:00:22 =    1.7/s Avg:   110 Min:    69 Max:   308 Err:     0 (0.00%) Active: 0 Started: 25 Finished: 25
2026-09-28 05:22:22,031 INFO o.a.j.r.Summariser: summary =   1050 in 00:04:09 =    4.2/s Avg:   152 Min:    66 Max:  2684 Err:     0 (0.00%)
