2026-09-28 03:26:51,055 INFO o.a.j.u.JMeterUtils: Setting Locale to en_EN
2026-09-28 03:26:51,097 INFO o.a.j.JMeter: Loading user properties from: /opt/apache-jmeter-5.5/bin/user.properties
2026-09-28 03:26:51,099 INFO o.a.j.JMeter: Loading system properties from: /opt/apache-jmeter-5.5/bin/system.properties
2026-09-28 03:26:51,100 INFO o.a.j.JMeter: Setting System property: log4j2.formatMsgNoLookups=true
2026-09-28 03:26:51,100 INFO o.a.j.JMeter: Setting JMeter property: users=10
2026-09-28 03:26:51,101 INFO o.a.j.JMeter: Setting JMeter property: ramp=5
2026-09-28 03:26:51,102 INFO o.a.j.JMeter: Setting JMeter property: sessions=3
2026-09-28 03:26:51,102 INFO o.a.j.JMeter: Setting JMeter property: think_ms=800
2026-09-28 03:26:51,103 INFO o.a.j.JMeter: Setting JMeter property: think_range_ms=800
2026-09-28 03:26:51,104 INFO o.a.j.JMeter: Setting JMeter property: host=host.docker.internal
2026-09-28 03:26:51,104 INFO o.a.j.JMeter: Setting JMeter property: port=8080
2026-09-28 03:26:51,105 INFO o.a.j.JMeter: Setting JMeter property: protocol=http
2026-09-28 03:26:51,105 INFO o.a.j.JMeter: Setting JMeter property: origin=http://host.docker.internal:8080
2026-09-28 03:26:51,106 INFO o.a.j.JMeter: Setting JMeter property: runId=local-piloto-10-usuarios_20260927_202648
2026-09-28 03:26:51,106 INFO o.a.j.JMeter: Setting JMeter property: tokens=/jmeter/capacity/tokens.csv
2026-09-28 03:26:51,123 INFO o.a.j.JMeter: Copyright (c) 1998-2022 The Apache Software Foundation
2026-09-28 03:26:51,123 INFO o.a.j.JMeter: Version 5.5
2026-09-28 03:26:51,124 INFO o.a.j.JMeter: java.version=1.8.0_275
2026-09-28 03:26:51,125 INFO o.a.j.JMeter: java.vm.name=OpenJDK 64-Bit Server VM
2026-09-28 03:26:51,126 INFO o.a.j.JMeter: os.name=Linux
2026-09-28 03:26:51,127 INFO o.a.j.JMeter: os.arch=amd64
2026-09-28 03:26:51,127 INFO o.a.j.JMeter: os.version=5.15.167.4-microsoft-standard-WSL2
2026-09-28 03:26:51,128 INFO o.a.j.JMeter: file.encoding=UTF-8
2026-09-28 03:26:51,129 INFO o.a.j.JMeter: java.awt.headless=true
2026-09-28 03:26:51,130 INFO o.a.j.JMeter: Max memory     =1619001344
2026-09-28 03:26:51,131 INFO o.a.j.JMeter: Available Processors =12
2026-09-28 03:26:51,142 INFO o.a.j.JMeter: Default Locale=English (EN)
2026-09-28 03:26:51,143 INFO o.a.j.JMeter: JMeter  Locale=English (EN)
2026-09-28 03:26:51,144 INFO o.a.j.JMeter: JMeterHome=/opt/apache-jmeter-5.5
2026-09-28 03:26:51,145 INFO o.a.j.JMeter: user.dir  =/opt/apache-jmeter-5.5
2026-09-28 03:26:51,146 INFO o.a.j.JMeter: PWD       =/opt/apache-jmeter-5.5
2026-09-28 03:26:51,147 INFO o.a.j.JMeter: IP: 172.17.0.2 Name: d357e7f489d0 FullName: d357e7f489d0
2026-09-28 03:26:51,200 INFO o.a.j.s.FileServer: Default base='/opt/apache-jmeter-5.5'
2026-09-28 03:26:51,203 INFO o.a.j.s.FileServer: Set new base='/jmeter'
2026-09-28 03:26:51,544 INFO o.a.j.s.SaveService: Testplan (JMX) version: 2.2. Testlog (JTL) version: 2.2
2026-09-28 03:26:51,576 INFO o.a.j.s.SaveService: Using SaveService properties file encoding UTF-8
2026-09-28 03:26:51,585 INFO o.a.j.s.SaveService: Using SaveService properties version 5.0
2026-09-28 03:26:51,601 INFO o.a.j.s.SaveService: Loading file: /jmeter/escenario1.jmx
2026-09-28 03:26:51,734 INFO o.a.j.p.h.s.HTTPSamplerBase: Parser for text/html is org.apache.jmeter.protocol.http.parser.LagartoBasedHtmlParser
2026-09-28 03:26:51,734 INFO o.a.j.p.h.s.HTTPSamplerBase: Parser for application/xhtml+xml is org.apache.jmeter.protocol.http.parser.LagartoBasedHtmlParser
2026-09-28 03:26:51,735 INFO o.a.j.p.h.s.HTTPSamplerBase: Parser for application/xml is org.apache.jmeter.protocol.http.parser.LagartoBasedHtmlParser
2026-09-28 03:26:51,736 INFO o.a.j.p.h.s.HTTPSamplerBase: Parser for text/xml is org.apache.jmeter.protocol.http.parser.LagartoBasedHtmlParser
2026-09-28 03:26:51,736 INFO o.a.j.p.h.s.HTTPSamplerBase: Parser for text/vnd.wap.wml is org.apache.jmeter.protocol.http.parser.RegexpHTMLParser
2026-09-28 03:26:51,737 INFO o.a.j.p.h.s.HTTPSamplerBase: Parser for text/css is org.apache.jmeter.protocol.http.parser.CssParser
2026-09-28 03:26:52,456 INFO o.a.j.JMeter: Creating summariser <summary>
2026-09-28 03:26:52,474 INFO o.a.j.e.StandardJMeterEngine: Running the test!
2026-09-28 03:26:52,476 INFO o.a.j.s.SampleEvent: List of sample_variables: []
2026-09-28 03:26:52,477 INFO o.a.j.s.SampleEvent: List of sample_variables: []
2026-09-28 03:26:52,489 INFO o.a.j.e.u.CompoundVariable: Note: Function class names must contain the string: '.functions.'
2026-09-28 03:26:52,490 INFO o.a.j.e.u.CompoundVariable: Note: Function class names must not contain the string: '.gui.'
2026-09-28 03:26:53,426 INFO o.a.j.JMeter: Running test (1790558813426)
2026-09-28 03:26:53,536 INFO o.a.j.e.StandardJMeterEngine: Starting ThreadGroup: 1 : Estudiantes concurrentes
2026-09-28 03:26:53,537 INFO o.a.j.e.StandardJMeterEngine: Starting 10 threads for group Estudiantes concurrentes.
2026-09-28 03:26:53,537 INFO o.a.j.e.StandardJMeterEngine: Thread will continue on error
2026-09-28 03:26:53,538 INFO o.a.j.t.ThreadGroup: Starting thread group... number=1 threads=10 ramp-up=5 delayedStart=false
2026-09-28 03:26:53,565 INFO o.a.j.t.JMeterThread: Thread started: Estudiantes concurrentes 1-1
2026-09-28 03:26:53,570 INFO o.a.j.s.FileServer: Stored: /jmeter/capacity/tokens.csv
2026-09-28 03:26:53,576 INFO o.a.j.t.ThreadGroup: Started thread group number 1
2026-09-28 03:26:53,577 INFO o.a.j.e.StandardJMeterEngine: All thread groups have been started
2026-09-28 03:26:54,056 INFO o.a.j.t.JMeterThread: Thread started: Estudiantes concurrentes 1-2
2026-09-28 03:26:54,551 INFO o.a.j.t.JMeterThread: Thread started: Estudiantes concurrentes 1-3
2026-09-28 03:26:55,050 INFO o.a.j.t.JMeterThread: Thread started: Estudiantes concurrentes 1-4
2026-09-28 03:26:55,547 INFO o.a.j.t.JMeterThread: Thread started: Estudiantes concurrentes 1-5
2026-09-28 03:26:56,045 INFO o.a.j.t.JMeterThread: Thread started: Estudiantes concurrentes 1-6
2026-09-28 03:26:56,543 INFO o.a.j.t.JMeterThread: Thread started: Estudiantes concurrentes 1-7
2026-09-28 03:26:56,982 INFO o.a.j.p.h.s.HTTPHCAbstractImpl: Local host = d357e7f489d0
2026-09-28 03:26:56,989 INFO o.a.j.p.h.s.HTTPHC4Impl: HTTP request retry count = 0
2026-09-28 03:26:56,993 INFO o.a.j.s.SampleResult: Note: Sample TimeStamps are START times
2026-09-28 03:26:56,994 INFO o.a.j.s.SampleResult: sampleresult.default.encoding is set to ISO-8859-1
2026-09-28 03:26:56,994 INFO o.a.j.s.SampleResult: sampleresult.useNanoTime=true
2026-09-28 03:26:56,995 INFO o.a.j.s.SampleResult: sampleresult.nanoThreadSleep=5000
2026-09-28 03:26:57,044 INFO o.a.j.t.JMeterThread: Thread started: Estudiantes concurrentes 1-8
2026-09-28 03:26:57,545 INFO o.a.j.t.JMeterThread: Thread started: Estudiantes concurrentes 1-9
2026-09-28 03:26:58,055 INFO o.a.j.t.JMeterThread: Thread started: Estudiantes concurrentes 1-10
2026-09-28 03:27:00,080 INFO o.a.j.r.Summariser: summary +     19 in 00:00:07 =    2.9/s Avg:    80 Min:     4 Max:   257 Err:     0 (0.00%) Active: 10 Started: 10 Finished: 0
2026-09-28 03:27:30,019 INFO o.a.j.r.Summariser: summary +    231 in 00:00:30 =    7.7/s Avg:   110 Min:     4 Max:  1442 Err:     0 (0.00%) Active: 10 Started: 10 Finished: 0
2026-09-28 03:27:30,021 INFO o.a.j.r.Summariser: summary =    250 in 00:00:37 =    6.8/s Avg:   108 Min:     4 Max:  1442 Err:     0 (0.00%)
2026-09-28 03:27:48,927 INFO o.a.j.t.JMeterThread: Thread is done: Estudiantes concurrentes 1-1
2026-09-28 03:27:48,928 INFO o.a.j.t.JMeterThread: Thread finished: Estudiantes concurrentes 1-1
2026-09-28 03:27:49,505 INFO o.a.j.t.JMeterThread: Thread is done: Estudiantes concurrentes 1-3
2026-09-28 03:27:49,506 INFO o.a.j.t.JMeterThread: Thread finished: Estudiantes concurrentes 1-3
2026-09-28 03:27:49,890 INFO o.a.j.t.JMeterThread: Thread is done: Estudiantes concurrentes 1-10
2026-09-28 03:27:49,891 INFO o.a.j.t.JMeterThread: Thread finished: Estudiantes concurrentes 1-10
2026-09-28 03:27:50,008 INFO o.a.j.t.JMeterThread: Thread is done: Estudiantes concurrentes 1-7
2026-09-28 03:27:50,008 INFO o.a.j.t.JMeterThread: Thread finished: Estudiantes concurrentes 1-7
2026-09-28 03:27:50,113 INFO o.a.j.t.JMeterThread: Thread is done: Estudiantes concurrentes 1-8
2026-09-28 03:27:50,114 INFO o.a.j.t.JMeterThread: Thread finished: Estudiantes concurrentes 1-8
2026-09-28 03:27:50,551 INFO o.a.j.t.JMeterThread: Thread is done: Estudiantes concurrentes 1-6
2026-09-28 03:27:50,551 INFO o.a.j.t.JMeterThread: Thread finished: Estudiantes concurrentes 1-6
2026-09-28 03:27:50,688 INFO o.a.j.t.JMeterThread: Thread is done: Estudiantes concurrentes 1-4
2026-09-28 03:27:50,689 INFO o.a.j.t.JMeterThread: Thread finished: Estudiantes concurrentes 1-4
2026-09-28 03:27:50,743 INFO o.a.j.t.JMeterThread: Thread is done: Estudiantes concurrentes 1-2
2026-09-28 03:27:50,743 INFO o.a.j.t.JMeterThread: Thread finished: Estudiantes concurrentes 1-2
2026-09-28 03:27:51,413 INFO o.a.j.t.JMeterThread: Thread is done: Estudiantes concurrentes 1-9
2026-09-28 03:27:51,414 INFO o.a.j.t.JMeterThread: Thread finished: Estudiantes concurrentes 1-9
2026-09-28 03:27:51,453 INFO o.a.j.t.JMeterThread: Thread is done: Estudiantes concurrentes 1-5
2026-09-28 03:27:51,454 INFO o.a.j.t.JMeterThread: Thread finished: Estudiantes concurrentes 1-5
2026-09-28 03:27:51,455 INFO o.a.j.e.StandardJMeterEngine: Notifying test listeners of end of test
2026-09-28 03:27:51,456 INFO o.a.j.s.FileServer: Close: /jmeter/capacity/tokens.csv
2026-09-28 03:27:51,462 INFO o.a.j.r.Summariser: summary +    170 in 00:00:21 =    7.9/s Avg:    28 Min:     4 Max:   306 Err:     0 (0.00%) Active: 0 Started: 10 Finished: 10
2026-09-28 03:27:51,463 INFO o.a.j.r.Summariser: summary =    420 in 00:00:58 =    7.2/s Avg:    76 Min:     4 Max:  1442 Err:     0 (0.00%)
