2026-09-28 03:22:13,659 INFO o.a.j.u.JMeterUtils: Setting Locale to en_EN
2026-09-28 03:22:13,711 INFO o.a.j.JMeter: Loading user properties from: /opt/apache-jmeter-5.5/bin/user.properties
2026-09-28 03:22:13,713 INFO o.a.j.JMeter: Loading system properties from: /opt/apache-jmeter-5.5/bin/system.properties
2026-09-28 03:22:13,714 INFO o.a.j.JMeter: Setting System property: log4j2.formatMsgNoLookups=true
2026-09-28 03:22:13,715 INFO o.a.j.JMeter: Setting JMeter property: users=3
2026-09-28 03:22:13,716 INFO o.a.j.JMeter: Setting JMeter property: ramp=3
2026-09-28 03:22:13,716 INFO o.a.j.JMeter: Setting JMeter property: sessions=3
2026-09-28 03:22:13,717 INFO o.a.j.JMeter: Setting JMeter property: think_ms=200
2026-09-28 03:22:13,718 INFO o.a.j.JMeter: Setting JMeter property: think_range_ms=200
2026-09-28 03:22:13,719 INFO o.a.j.JMeter: Setting JMeter property: host=host.docker.internal
2026-09-28 03:22:13,719 INFO o.a.j.JMeter: Setting JMeter property: port=8080
2026-09-28 03:22:13,720 INFO o.a.j.JMeter: Setting JMeter property: protocol=http
2026-09-28 03:22:13,721 INFO o.a.j.JMeter: Setting JMeter property: origin=http://host.docker.internal:8080
2026-09-28 03:22:13,722 INFO o.a.j.JMeter: Setting JMeter property: runId=local-piloto3_20260927_202208
2026-09-28 03:22:13,722 INFO o.a.j.JMeter: Setting JMeter property: tokens=/jmeter/capacity/tokens.csv
2026-09-28 03:22:13,739 INFO o.a.j.JMeter: Copyright (c) 1998-2022 The Apache Software Foundation
2026-09-28 03:22:13,739 INFO o.a.j.JMeter: Version 5.5
2026-09-28 03:22:13,740 INFO o.a.j.JMeter: java.version=1.8.0_275
2026-09-28 03:22:13,741 INFO o.a.j.JMeter: java.vm.name=OpenJDK 64-Bit Server VM
2026-09-28 03:22:13,742 INFO o.a.j.JMeter: os.name=Linux
2026-09-28 03:22:13,742 INFO o.a.j.JMeter: os.arch=amd64
2026-09-28 03:22:13,743 INFO o.a.j.JMeter: os.version=5.15.167.4-microsoft-standard-WSL2
2026-09-28 03:22:13,744 INFO o.a.j.JMeter: file.encoding=UTF-8
2026-09-28 03:22:13,744 INFO o.a.j.JMeter: java.awt.headless=true
2026-09-28 03:22:13,745 INFO o.a.j.JMeter: Max memory     =1635778560
2026-09-28 03:22:13,746 INFO o.a.j.JMeter: Available Processors =12
2026-09-28 03:22:13,763 INFO o.a.j.JMeter: Default Locale=English (EN)
2026-09-28 03:22:13,765 INFO o.a.j.JMeter: JMeter  Locale=English (EN)
2026-09-28 03:22:13,765 INFO o.a.j.JMeter: JMeterHome=/opt/apache-jmeter-5.5
2026-09-28 03:22:13,766 INFO o.a.j.JMeter: user.dir  =/opt/apache-jmeter-5.5
2026-09-28 03:22:13,767 INFO o.a.j.JMeter: PWD       =/opt/apache-jmeter-5.5
2026-09-28 03:22:13,768 INFO o.a.j.JMeter: IP: 172.17.0.2 Name: 00754a4a5600 FullName: 00754a4a5600
2026-09-28 03:22:13,833 INFO o.a.j.s.FileServer: Default base='/opt/apache-jmeter-5.5'
2026-09-28 03:22:13,836 INFO o.a.j.s.FileServer: Set new base='/jmeter'
2026-09-28 03:22:14,982 INFO o.a.j.s.SaveService: Testplan (JMX) version: 2.2. Testlog (JTL) version: 2.2
2026-09-28 03:22:15,010 INFO o.a.j.s.SaveService: Using SaveService properties file encoding UTF-8
2026-09-28 03:22:15,017 INFO o.a.j.s.SaveService: Using SaveService properties version 5.0
2026-09-28 03:22:15,073 INFO o.a.j.s.SaveService: Loading file: /jmeter/escenario1.jmx
2026-09-28 03:22:15,657 INFO o.a.j.p.h.s.HTTPSamplerBase: Parser for text/html is org.apache.jmeter.protocol.http.parser.LagartoBasedHtmlParser
2026-09-28 03:22:15,658 INFO o.a.j.p.h.s.HTTPSamplerBase: Parser for application/xhtml+xml is org.apache.jmeter.protocol.http.parser.LagartoBasedHtmlParser
2026-09-28 03:22:15,658 INFO o.a.j.p.h.s.HTTPSamplerBase: Parser for application/xml is org.apache.jmeter.protocol.http.parser.LagartoBasedHtmlParser
2026-09-28 03:22:15,659 INFO o.a.j.p.h.s.HTTPSamplerBase: Parser for text/xml is org.apache.jmeter.protocol.http.parser.LagartoBasedHtmlParser
2026-09-28 03:22:15,660 INFO o.a.j.p.h.s.HTTPSamplerBase: Parser for text/vnd.wap.wml is org.apache.jmeter.protocol.http.parser.RegexpHTMLParser
2026-09-28 03:22:15,661 INFO o.a.j.p.h.s.HTTPSamplerBase: Parser for text/css is org.apache.jmeter.protocol.http.parser.CssParser
2026-09-28 03:22:16,887 INFO o.a.j.JMeter: Creating summariser <summary>
2026-09-28 03:22:16,907 INFO o.a.j.e.StandardJMeterEngine: Running the test!
2026-09-28 03:22:16,909 INFO o.a.j.s.SampleEvent: List of sample_variables: []
2026-09-28 03:22:16,910 INFO o.a.j.s.SampleEvent: List of sample_variables: []
2026-09-28 03:22:16,925 INFO o.a.j.e.u.CompoundVariable: Note: Function class names must contain the string: '.functions.'
2026-09-28 03:22:16,925 INFO o.a.j.e.u.CompoundVariable: Note: Function class names must not contain the string: '.gui.'
2026-09-28 03:22:17,842 INFO o.a.j.JMeter: Running test (1790558537842)
2026-09-28 03:22:17,982 INFO o.a.j.e.StandardJMeterEngine: Starting ThreadGroup: 1 : Estudiantes concurrentes
2026-09-28 03:22:17,983 INFO o.a.j.e.StandardJMeterEngine: Starting 3 threads for group Estudiantes concurrentes.
2026-09-28 03:22:17,984 INFO o.a.j.e.StandardJMeterEngine: Thread will continue on error
2026-09-28 03:22:17,985 INFO o.a.j.t.ThreadGroup: Starting thread group... number=1 threads=3 ramp-up=3 delayedStart=false
2026-09-28 03:22:18,004 INFO o.a.j.t.ThreadGroup: Started thread group number 1
2026-09-28 03:22:18,006 INFO o.a.j.e.StandardJMeterEngine: All thread groups have been started
2026-09-28 03:22:18,022 INFO o.a.j.t.JMeterThread: Thread started: Estudiantes concurrentes 1-1
2026-09-28 03:22:18,025 INFO o.a.j.s.FileServer: Stored: /jmeter/capacity/tokens.csv
2026-09-28 03:22:19,012 INFO o.a.j.t.JMeterThread: Thread started: Estudiantes concurrentes 1-2
2026-09-28 03:22:19,782 INFO o.a.j.p.h.s.HTTPHCAbstractImpl: Local host = 00754a4a5600
2026-09-28 03:22:19,797 INFO o.a.j.p.h.s.HTTPHC4Impl: HTTP request retry count = 0
2026-09-28 03:22:19,800 INFO o.a.j.s.SampleResult: Note: Sample TimeStamps are START times
2026-09-28 03:22:19,800 INFO o.a.j.s.SampleResult: sampleresult.default.encoding is set to ISO-8859-1
2026-09-28 03:22:19,801 INFO o.a.j.s.SampleResult: sampleresult.useNanoTime=true
2026-09-28 03:22:19,801 INFO o.a.j.s.SampleResult: sampleresult.nanoThreadSleep=5000
2026-09-28 03:22:20,009 INFO o.a.j.t.JMeterThread: Thread started: Estudiantes concurrentes 1-3
2026-09-28 03:22:30,125 INFO o.a.j.r.Summariser: summary +     97 in 00:00:12 =    7.9/s Avg:    14 Min:     4 Max:   110 Err:     0 (0.00%) Active: 3 Started: 3 Finished: 0
2026-09-28 03:22:32,637 INFO o.a.j.t.JMeterThread: Thread is done: Estudiantes concurrentes 1-2
2026-09-28 03:22:32,637 INFO o.a.j.t.JMeterThread: Thread finished: Estudiantes concurrentes 1-2
2026-09-28 03:22:33,106 INFO o.a.j.t.JMeterThread: Thread is done: Estudiantes concurrentes 1-3
2026-09-28 03:22:33,106 INFO o.a.j.t.JMeterThread: Thread finished: Estudiantes concurrentes 1-3
2026-09-28 03:22:33,174 INFO o.a.j.t.JMeterThread: Thread is done: Estudiantes concurrentes 1-1
2026-09-28 03:22:33,174 INFO o.a.j.t.JMeterThread: Thread finished: Estudiantes concurrentes 1-1
2026-09-28 03:22:33,175 INFO o.a.j.e.StandardJMeterEngine: Notifying test listeners of end of test
2026-09-28 03:22:33,177 INFO o.a.j.s.FileServer: Close: /jmeter/capacity/tokens.csv
2026-09-28 03:22:33,183 INFO o.a.j.r.Summariser: summary +     29 in 00:00:03 =    9.5/s Avg:    12 Min:     6 Max:    25 Err:     0 (0.00%) Active: 0 Started: 3 Finished: 3
2026-09-28 03:22:33,183 INFO o.a.j.r.Summariser: summary =    126 in 00:00:15 =    8.2/s Avg:    13 Min:     4 Max:   110 Err:     0 (0.00%)
