2026-09-28 05:52:58,885 INFO o.a.j.u.JMeterUtils: Setting Locale to en_EN
2026-09-28 05:52:58,929 INFO o.a.j.JMeter: Loading user properties from: /opt/apache-jmeter-5.5/bin/user.properties
2026-09-28 05:52:58,931 INFO o.a.j.JMeter: Loading system properties from: /opt/apache-jmeter-5.5/bin/system.properties
2026-09-28 05:52:58,932 INFO o.a.j.JMeter: Setting System property: log4j2.formatMsgNoLookups=true
2026-09-28 05:52:58,933 INFO o.a.j.JMeter: Setting JMeter property: users=200
2026-09-28 05:52:58,934 INFO o.a.j.JMeter: Setting JMeter property: ramp=60
2026-09-28 05:52:58,934 INFO o.a.j.JMeter: Setting JMeter property: sessions=3
2026-09-28 05:52:58,935 INFO o.a.j.JMeter: Setting JMeter property: think_ms=4000
2026-09-28 05:52:58,936 INFO o.a.j.JMeter: Setting JMeter property: think_range_ms=2000
2026-09-28 05:52:58,936 INFO o.a.j.JMeter: Setting JMeter property: host=34.24.52.111.sslip.io
2026-09-28 05:52:58,937 INFO o.a.j.JMeter: Setting JMeter property: port=443
2026-09-28 05:52:58,937 INFO o.a.j.JMeter: Setting JMeter property: protocol=https
2026-09-28 05:52:58,937 INFO o.a.j.JMeter: Setting JMeter property: origin=https://34.24.52.111.sslip.io
2026-09-28 05:52:58,938 INFO o.a.j.JMeter: Setting JMeter property: runId=A-nivel200-rep-r1_20260927_225235
2026-09-28 05:52:58,939 INFO o.a.j.JMeter: Setting JMeter property: tokens=/jmeter/capacity/tokens.csv
2026-09-28 05:52:58,950 INFO o.a.j.JMeter: Copyright (c) 1998-2022 The Apache Software Foundation
2026-09-28 05:52:58,950 INFO o.a.j.JMeter: Version 5.5
2026-09-28 05:52:58,951 INFO o.a.j.JMeter: java.version=1.8.0_275
2026-09-28 05:52:58,951 INFO o.a.j.JMeter: java.vm.name=OpenJDK 64-Bit Server VM
2026-09-28 05:52:58,952 INFO o.a.j.JMeter: os.name=Linux
2026-09-28 05:52:58,953 INFO o.a.j.JMeter: os.arch=amd64
2026-09-28 05:52:58,954 INFO o.a.j.JMeter: os.version=5.15.167.4-microsoft-standard-WSL2
2026-09-28 05:52:58,954 INFO o.a.j.JMeter: file.encoding=UTF-8
2026-09-28 05:52:58,955 INFO o.a.j.JMeter: java.awt.headless=true
2026-09-28 05:52:58,955 INFO o.a.j.JMeter: Max memory     =1753219072
2026-09-28 05:52:58,956 INFO o.a.j.JMeter: Available Processors =12
2026-09-28 05:52:58,969 INFO o.a.j.JMeter: Default Locale=English (EN)
2026-09-28 05:52:58,970 INFO o.a.j.JMeter: JMeter  Locale=English (EN)
2026-09-28 05:52:58,971 INFO o.a.j.JMeter: JMeterHome=/opt/apache-jmeter-5.5
2026-09-28 05:52:58,971 INFO o.a.j.JMeter: user.dir  =/opt/apache-jmeter-5.5
2026-09-28 05:52:58,972 INFO o.a.j.JMeter: PWD       =/opt/apache-jmeter-5.5
2026-09-28 05:52:58,973 INFO o.a.j.JMeter: IP: 172.17.0.2 Name: ed8deb2afefd FullName: ed8deb2afefd
2026-09-28 05:52:59,019 INFO o.a.j.s.FileServer: Default base='/opt/apache-jmeter-5.5'
2026-09-28 05:52:59,021 INFO o.a.j.s.FileServer: Set new base='/jmeter'
2026-09-28 05:52:59,292 INFO o.a.j.s.SaveService: Testplan (JMX) version: 2.2. Testlog (JTL) version: 2.2
2026-09-28 05:52:59,331 INFO o.a.j.s.SaveService: Using SaveService properties file encoding UTF-8
2026-09-28 05:52:59,344 INFO o.a.j.s.SaveService: Using SaveService properties version 5.0
2026-09-28 05:52:59,359 INFO o.a.j.s.SaveService: Loading file: /jmeter/escenario1.jmx
2026-09-28 05:52:59,460 INFO o.a.j.p.h.s.HTTPSamplerBase: Parser for text/html is org.apache.jmeter.protocol.http.parser.LagartoBasedHtmlParser
2026-09-28 05:52:59,461 INFO o.a.j.p.h.s.HTTPSamplerBase: Parser for application/xhtml+xml is org.apache.jmeter.protocol.http.parser.LagartoBasedHtmlParser
2026-09-28 05:52:59,462 INFO o.a.j.p.h.s.HTTPSamplerBase: Parser for application/xml is org.apache.jmeter.protocol.http.parser.LagartoBasedHtmlParser
2026-09-28 05:52:59,462 INFO o.a.j.p.h.s.HTTPSamplerBase: Parser for text/xml is org.apache.jmeter.protocol.http.parser.LagartoBasedHtmlParser
2026-09-28 05:52:59,463 INFO o.a.j.p.h.s.HTTPSamplerBase: Parser for text/vnd.wap.wml is org.apache.jmeter.protocol.http.parser.RegexpHTMLParser
2026-09-28 05:52:59,463 INFO o.a.j.p.h.s.HTTPSamplerBase: Parser for text/css is org.apache.jmeter.protocol.http.parser.CssParser
2026-09-28 05:53:00,141 INFO o.a.j.JMeter: Creating summariser <summary>
2026-09-28 05:53:00,161 INFO o.a.j.e.StandardJMeterEngine: Running the test!
2026-09-28 05:53:00,163 INFO o.a.j.s.SampleEvent: List of sample_variables: []
2026-09-28 05:53:00,164 INFO o.a.j.s.SampleEvent: List of sample_variables: []
2026-09-28 05:53:00,177 INFO o.a.j.e.u.CompoundVariable: Note: Function class names must contain the string: '.functions.'
2026-09-28 05:53:00,178 INFO o.a.j.e.u.CompoundVariable: Note: Function class names must not contain the string: '.gui.'
2026-09-28 05:53:01,181 INFO o.a.j.JMeter: Running test (1790567581181)
2026-09-28 05:53:01,323 INFO o.a.j.e.StandardJMeterEngine: Starting ThreadGroup: 1 : Estudiantes concurrentes
2026-09-28 05:53:01,324 INFO o.a.j.e.StandardJMeterEngine: Starting 200 threads for group Estudiantes concurrentes.
2026-09-28 05:53:01,325 INFO o.a.j.e.StandardJMeterEngine: Thread will continue on error
2026-09-28 05:53:01,326 INFO o.a.j.t.ThreadGroup: Starting thread group... number=1 threads=200 ramp-up=60 delayedStart=false
2026-09-28 05:53:01,388 INFO o.a.j.t.JMeterThread: Thread started: Estudiantes concurrentes 1-1
2026-09-28 05:53:01,400 INFO o.a.j.s.FileServer: Stored: /jmeter/capacity/tokens.csv
2026-09-28 05:53:01,675 INFO o.a.j.t.JMeterThread: Thread started: Estudiantes concurrentes 1-2
2026-09-28 05:53:01,786 INFO o.a.j.t.ThreadGroup: Started thread group number 1
2026-09-28 05:53:01,787 INFO o.a.j.e.StandardJMeterEngine: All thread groups have been started
2026-09-28 05:53:01,972 INFO o.a.j.t.JMeterThread: Thread started: Estudiantes concurrentes 1-3
2026-09-28 05:53:02,266 INFO o.a.j.t.JMeterThread: Thread started: Estudiantes concurrentes 1-4
2026-09-28 05:53:02,556 INFO o.a.j.t.JMeterThread: Thread started: Estudiantes concurrentes 1-5
2026-09-28 05:53:02,854 INFO o.a.j.t.JMeterThread: Thread started: Estudiantes concurrentes 1-6
2026-09-28 05:53:03,150 INFO o.a.j.t.JMeterThread: Thread started: Estudiantes concurrentes 1-7
2026-09-28 05:53:03,444 INFO o.a.j.t.JMeterThread: Thread started: Estudiantes concurrentes 1-8
2026-09-28 05:53:03,747 INFO o.a.j.t.JMeterThread: Thread started: Estudiantes concurrentes 1-9
2026-09-28 05:53:04,039 INFO o.a.j.t.JMeterThread: Thread started: Estudiantes concurrentes 1-10
2026-09-28 05:53:04,341 INFO o.a.j.t.JMeterThread: Thread started: Estudiantes concurrentes 1-11
2026-09-28 05:53:04,630 INFO o.a.j.t.JMeterThread: Thread started: Estudiantes concurrentes 1-12
2026-09-28 05:53:04,932 INFO o.a.j.t.JMeterThread: Thread started: Estudiantes concurrentes 1-13
2026-09-28 05:53:05,235 INFO o.a.j.t.JMeterThread: Thread started: Estudiantes concurrentes 1-14
2026-09-28 05:53:05,531 INFO o.a.j.t.JMeterThread: Thread started: Estudiantes concurrentes 1-15
2026-09-28 05:53:05,837 INFO o.a.j.t.JMeterThread: Thread started: Estudiantes concurrentes 1-16
2026-09-28 05:53:06,134 INFO o.a.j.t.JMeterThread: Thread started: Estudiantes concurrentes 1-17
2026-09-28 05:53:06,432 INFO o.a.j.t.JMeterThread: Thread started: Estudiantes concurrentes 1-18
2026-09-28 05:53:06,732 INFO o.a.j.t.JMeterThread: Thread started: Estudiantes concurrentes 1-19
2026-09-28 05:53:07,031 INFO o.a.j.t.JMeterThread: Thread started: Estudiantes concurrentes 1-20
2026-09-28 05:53:07,256 INFO o.a.j.p.h.s.HTTPHCAbstractImpl: Local host = ed8deb2afefd
2026-09-28 05:53:07,272 INFO o.a.j.p.h.s.HTTPHC4Impl: HTTP request retry count = 0
2026-09-28 05:53:07,276 INFO o.a.j.s.SampleResult: Note: Sample TimeStamps are START times
2026-09-28 05:53:07,276 INFO o.a.j.s.SampleResult: sampleresult.default.encoding is set to ISO-8859-1
2026-09-28 05:53:07,277 INFO o.a.j.s.SampleResult: sampleresult.useNanoTime=true
2026-09-28 05:53:07,277 INFO o.a.j.s.SampleResult: sampleresult.nanoThreadSleep=5000
2026-09-28 05:53:07,331 INFO o.a.j.t.JMeterThread: Thread started: Estudiantes concurrentes 1-21
2026-09-28 05:53:07,631 INFO o.a.j.t.JMeterThread: Thread started: Estudiantes concurrentes 1-22
2026-09-28 05:53:07,664 INFO o.a.j.p.h.s.h.LazyLayeredConnectionSocketFactory: Setting up HTTPS TrustAll Socket Factory
2026-09-28 05:53:07,676 INFO o.a.j.u.JsseSSLManager: Using default SSL protocol: TLS
2026-09-28 05:53:07,677 INFO o.a.j.u.JsseSSLManager: SSL session context: per-thread
2026-09-28 05:53:07,882 INFO o.a.j.u.SSLManager: JmeterKeyStore Location:  type JKS
2026-09-28 05:53:07,891 INFO o.a.j.u.SSLManager: KeyStore created OK
2026-09-28 05:53:07,891 WARN o.a.j.u.SSLManager: Keystore file not found, loading empty keystore
2026-09-28 05:53:07,931 INFO o.a.j.t.JMeterThread: Thread started: Estudiantes concurrentes 1-23
2026-09-28 05:53:08,231 INFO o.a.j.t.JMeterThread: Thread started: Estudiantes concurrentes 1-24
2026-09-28 05:53:08,530 INFO o.a.j.t.JMeterThread: Thread started: Estudiantes concurrentes 1-25
2026-09-28 05:53:08,829 INFO o.a.j.t.JMeterThread: Thread started: Estudiantes concurrentes 1-26
2026-09-28 05:53:09,130 INFO o.a.j.t.JMeterThread: Thread started: Estudiantes concurrentes 1-27
2026-09-28 05:53:09,431 INFO o.a.j.t.JMeterThread: Thread started: Estudiantes concurrentes 1-28
2026-09-28 05:53:09,733 INFO o.a.j.t.JMeterThread: Thread started: Estudiantes concurrentes 1-29
2026-09-28 05:53:10,034 INFO o.a.j.t.JMeterThread: Thread started: Estudiantes concurrentes 1-30
2026-09-28 05:53:10,332 INFO o.a.j.t.JMeterThread: Thread started: Estudiantes concurrentes 1-31
2026-09-28 05:53:10,631 INFO o.a.j.t.JMeterThread: Thread started: Estudiantes concurrentes 1-32
2026-09-28 05:53:10,929 INFO o.a.j.t.JMeterThread: Thread started: Estudiantes concurrentes 1-33
2026-09-28 05:53:11,229 INFO o.a.j.t.JMeterThread: Thread started: Estudiantes concurrentes 1-34
2026-09-28 05:53:11,531 INFO o.a.j.t.JMeterThread: Thread started: Estudiantes concurrentes 1-35
2026-09-28 05:53:11,830 INFO o.a.j.t.JMeterThread: Thread started: Estudiantes concurrentes 1-36
2026-09-28 05:53:12,131 INFO o.a.j.t.JMeterThread: Thread started: Estudiantes concurrentes 1-37
2026-09-28 05:53:12,432 INFO o.a.j.t.JMeterThread: Thread started: Estudiantes concurrentes 1-38
2026-09-28 05:53:12,730 INFO o.a.j.t.JMeterThread: Thread started: Estudiantes concurrentes 1-39
2026-09-28 05:53:13,030 INFO o.a.j.t.JMeterThread: Thread started: Estudiantes concurrentes 1-40
2026-09-28 05:53:13,329 INFO o.a.j.t.JMeterThread: Thread started: Estudiantes concurrentes 1-41
2026-09-28 05:53:13,630 INFO o.a.j.t.JMeterThread: Thread started: Estudiantes concurrentes 1-42
2026-09-28 05:53:13,932 INFO o.a.j.t.JMeterThread: Thread started: Estudiantes concurrentes 1-43
2026-09-28 05:53:14,229 INFO o.a.j.t.JMeterThread: Thread started: Estudiantes concurrentes 1-44
2026-09-28 05:53:14,529 INFO o.a.j.t.JMeterThread: Thread started: Estudiantes concurrentes 1-45
2026-09-28 05:53:14,856 INFO o.a.j.t.JMeterThread: Thread started: Estudiantes concurrentes 1-46
2026-09-28 05:53:15,132 INFO o.a.j.t.JMeterThread: Thread started: Estudiantes concurrentes 1-47
2026-09-28 05:53:15,429 INFO o.a.j.t.JMeterThread: Thread started: Estudiantes concurrentes 1-48
2026-09-28 05:53:15,731 INFO o.a.j.t.JMeterThread: Thread started: Estudiantes concurrentes 1-49
2026-09-28 05:53:16,030 INFO o.a.j.t.JMeterThread: Thread started: Estudiantes concurrentes 1-50
2026-09-28 05:53:16,332 INFO o.a.j.t.JMeterThread: Thread started: Estudiantes concurrentes 1-51
2026-09-28 05:53:16,630 INFO o.a.j.t.JMeterThread: Thread started: Estudiantes concurrentes 1-52
2026-09-28 05:53:16,932 INFO o.a.j.t.JMeterThread: Thread started: Estudiantes concurrentes 1-53
2026-09-28 05:53:17,233 INFO o.a.j.t.JMeterThread: Thread started: Estudiantes concurrentes 1-54
2026-09-28 05:53:17,531 INFO o.a.j.t.JMeterThread: Thread started: Estudiantes concurrentes 1-55
2026-09-28 05:53:17,831 INFO o.a.j.t.JMeterThread: Thread started: Estudiantes concurrentes 1-56
2026-09-28 05:53:18,129 INFO o.a.j.t.JMeterThread: Thread started: Estudiantes concurrentes 1-57
2026-09-28 05:53:18,431 INFO o.a.j.t.JMeterThread: Thread started: Estudiantes concurrentes 1-58
2026-09-28 05:53:18,733 INFO o.a.j.t.JMeterThread: Thread started: Estudiantes concurrentes 1-59
2026-09-28 05:53:19,029 INFO o.a.j.t.JMeterThread: Thread started: Estudiantes concurrentes 1-60
2026-09-28 05:53:19,330 INFO o.a.j.t.JMeterThread: Thread started: Estudiantes concurrentes 1-61
2026-09-28 05:53:19,629 INFO o.a.j.t.JMeterThread: Thread started: Estudiantes concurrentes 1-62
2026-09-28 05:53:19,930 INFO o.a.j.t.JMeterThread: Thread started: Estudiantes concurrentes 1-63
2026-09-28 05:53:20,231 INFO o.a.j.t.JMeterThread: Thread started: Estudiantes concurrentes 1-64
2026-09-28 05:53:20,532 INFO o.a.j.t.JMeterThread: Thread started: Estudiantes concurrentes 1-65
2026-09-28 05:53:20,830 INFO o.a.j.t.JMeterThread: Thread started: Estudiantes concurrentes 1-66
2026-09-28 05:53:21,131 INFO o.a.j.t.JMeterThread: Thread started: Estudiantes concurrentes 1-67
2026-09-28 05:53:21,430 INFO o.a.j.t.JMeterThread: Thread started: Estudiantes concurrentes 1-68
2026-09-28 05:53:21,730 INFO o.a.j.t.JMeterThread: Thread started: Estudiantes concurrentes 1-69
2026-09-28 05:53:22,030 INFO o.a.j.t.JMeterThread: Thread started: Estudiantes concurrentes 1-70
2026-09-28 05:53:22,332 INFO o.a.j.t.JMeterThread: Thread started: Estudiantes concurrentes 1-71
2026-09-28 05:53:22,632 INFO o.a.j.t.JMeterThread: Thread started: Estudiantes concurrentes 1-72
2026-09-28 05:53:22,931 INFO o.a.j.t.JMeterThread: Thread started: Estudiantes concurrentes 1-73
2026-09-28 05:53:23,230 INFO o.a.j.t.JMeterThread: Thread started: Estudiantes concurrentes 1-74
2026-09-28 05:53:23,530 INFO o.a.j.t.JMeterThread: Thread started: Estudiantes concurrentes 1-75
2026-09-28 05:53:23,830 INFO o.a.j.t.JMeterThread: Thread started: Estudiantes concurrentes 1-76
2026-09-28 05:53:24,132 INFO o.a.j.t.JMeterThread: Thread started: Estudiantes concurrentes 1-77
2026-09-28 05:53:24,430 INFO o.a.j.t.JMeterThread: Thread started: Estudiantes concurrentes 1-78
2026-09-28 05:53:24,730 INFO o.a.j.t.JMeterThread: Thread started: Estudiantes concurrentes 1-79
2026-09-28 05:53:25,030 INFO o.a.j.t.JMeterThread: Thread started: Estudiantes concurrentes 1-80
2026-09-28 05:53:25,330 INFO o.a.j.t.JMeterThread: Thread started: Estudiantes concurrentes 1-81
2026-09-28 05:53:25,630 INFO o.a.j.t.JMeterThread: Thread started: Estudiantes concurrentes 1-82
2026-09-28 05:53:25,930 INFO o.a.j.t.JMeterThread: Thread started: Estudiantes concurrentes 1-83
2026-09-28 05:53:26,231 INFO o.a.j.t.JMeterThread: Thread started: Estudiantes concurrentes 1-84
2026-09-28 05:53:26,530 INFO o.a.j.t.JMeterThread: Thread started: Estudiantes concurrentes 1-85
2026-09-28 05:53:26,830 INFO o.a.j.t.JMeterThread: Thread started: Estudiantes concurrentes 1-86
2026-09-28 05:53:27,132 INFO o.a.j.t.JMeterThread: Thread started: Estudiantes concurrentes 1-87
2026-09-28 05:53:27,432 INFO o.a.j.t.JMeterThread: Thread started: Estudiantes concurrentes 1-88
2026-09-28 05:53:27,730 INFO o.a.j.t.JMeterThread: Thread started: Estudiantes concurrentes 1-89
2026-09-28 05:53:28,030 INFO o.a.j.t.JMeterThread: Thread started: Estudiantes concurrentes 1-90
2026-09-28 05:53:28,336 INFO o.a.j.t.JMeterThread: Thread started: Estudiantes concurrentes 1-91
2026-09-28 05:53:28,631 INFO o.a.j.t.JMeterThread: Thread started: Estudiantes concurrentes 1-92
2026-09-28 05:53:28,932 INFO o.a.j.t.JMeterThread: Thread started: Estudiantes concurrentes 1-93
2026-09-28 05:53:29,231 INFO o.a.j.t.JMeterThread: Thread started: Estudiantes concurrentes 1-94
2026-09-28 05:53:29,532 INFO o.a.j.t.JMeterThread: Thread started: Estudiantes concurrentes 1-95
2026-09-28 05:53:29,831 INFO o.a.j.t.JMeterThread: Thread started: Estudiantes concurrentes 1-96
2026-09-28 05:53:30,088 INFO o.a.j.r.Summariser: summary +    214 in 00:00:29 =    7.4/s Avg:   219 Min:    67 Max:  1273 Err:     0 (0.00%) Active: 96 Started: 96 Finished: 0
2026-09-28 05:53:30,129 INFO o.a.j.t.JMeterThread: Thread started: Estudiantes concurrentes 1-97
2026-09-28 05:53:30,431 INFO o.a.j.t.JMeterThread: Thread started: Estudiantes concurrentes 1-98
2026-09-28 05:53:30,730 INFO o.a.j.t.JMeterThread: Thread started: Estudiantes concurrentes 1-99
2026-09-28 05:53:32,228 INFO o.a.j.t.JMeterThread: Thread started: Estudiantes concurrentes 1-103
2026-09-28 05:53:32,231 INFO o.a.j.t.JMeterThread: Thread started: Estudiantes concurrentes 1-100
2026-09-28 05:53:32,230 INFO o.a.j.t.JMeterThread: Thread started: Estudiantes concurrentes 1-101
2026-09-28 05:53:32,228 INFO o.a.j.t.JMeterThread: Thread started: Estudiantes concurrentes 1-102
2026-09-28 05:53:32,232 INFO o.a.j.t.JMeterThread: Thread started: Estudiantes concurrentes 1-104
2026-09-28 05:53:32,529 INFO o.a.j.t.JMeterThread: Thread started: Estudiantes concurrentes 1-105
2026-09-28 05:53:32,832 INFO o.a.j.t.JMeterThread: Thread started: Estudiantes concurrentes 1-106
2026-09-28 05:53:33,130 INFO o.a.j.t.JMeterThread: Thread started: Estudiantes concurrentes 1-107
2026-09-28 05:53:33,430 INFO o.a.j.t.JMeterThread: Thread started: Estudiantes concurrentes 1-108
2026-09-28 05:53:33,729 INFO o.a.j.t.JMeterThread: Thread started: Estudiantes concurrentes 1-109
2026-09-28 05:53:34,029 INFO o.a.j.t.JMeterThread: Thread started: Estudiantes concurrentes 1-110
2026-09-28 05:53:34,330 INFO o.a.j.t.JMeterThread: Thread started: Estudiantes concurrentes 1-111
2026-09-28 05:53:34,630 INFO o.a.j.t.JMeterThread: Thread started: Estudiantes concurrentes 1-112
2026-09-28 05:53:34,935 INFO o.a.j.t.JMeterThread: Thread started: Estudiantes concurrentes 1-113
2026-09-28 05:53:35,236 INFO o.a.j.t.JMeterThread: Thread started: Estudiantes concurrentes 1-114
2026-09-28 05:53:35,529 INFO o.a.j.t.JMeterThread: Thread started: Estudiantes concurrentes 1-115
2026-09-28 05:53:35,829 INFO o.a.j.t.JMeterThread: Thread started: Estudiantes concurrentes 1-116
2026-09-28 05:53:36,129 INFO o.a.j.t.JMeterThread: Thread started: Estudiantes concurrentes 1-117
2026-09-28 05:53:36,434 INFO o.a.j.t.JMeterThread: Thread started: Estudiantes concurrentes 1-118
2026-09-28 05:53:36,730 INFO o.a.j.t.JMeterThread: Thread started: Estudiantes concurrentes 1-119
2026-09-28 05:53:37,031 INFO o.a.j.t.JMeterThread: Thread started: Estudiantes concurrentes 1-120
2026-09-28 05:53:37,329 INFO o.a.j.t.JMeterThread: Thread started: Estudiantes concurrentes 1-121
2026-09-28 05:53:37,629 INFO o.a.j.t.JMeterThread: Thread started: Estudiantes concurrentes 1-122
2026-09-28 05:53:37,930 INFO o.a.j.t.JMeterThread: Thread started: Estudiantes concurrentes 1-123
2026-09-28 05:53:38,228 INFO o.a.j.t.JMeterThread: Thread started: Estudiantes concurrentes 1-124
2026-09-28 05:53:38,529 INFO o.a.j.t.JMeterThread: Thread started: Estudiantes concurrentes 1-125
2026-09-28 05:53:38,829 INFO o.a.j.t.JMeterThread: Thread started: Estudiantes concurrentes 1-126
2026-09-28 05:53:39,129 INFO o.a.j.t.JMeterThread: Thread started: Estudiantes concurrentes 1-127
2026-09-28 05:53:39,433 INFO o.a.j.t.JMeterThread: Thread started: Estudiantes concurrentes 1-128
2026-09-28 05:53:39,733 INFO o.a.j.t.JMeterThread: Thread started: Estudiantes concurrentes 1-129
2026-09-28 05:53:40,033 INFO o.a.j.t.JMeterThread: Thread started: Estudiantes concurrentes 1-130
2026-09-28 05:53:40,331 INFO o.a.j.t.JMeterThread: Thread started: Estudiantes concurrentes 1-131
2026-09-28 05:53:40,632 INFO o.a.j.t.JMeterThread: Thread started: Estudiantes concurrentes 1-132
2026-09-28 05:53:40,929 INFO o.a.j.t.JMeterThread: Thread started: Estudiantes concurrentes 1-133
2026-09-28 05:53:41,229 INFO o.a.j.t.JMeterThread: Thread started: Estudiantes concurrentes 1-134
2026-09-28 05:53:41,530 INFO o.a.j.t.JMeterThread: Thread started: Estudiantes concurrentes 1-135
2026-09-28 05:53:41,830 INFO o.a.j.t.JMeterThread: Thread started: Estudiantes concurrentes 1-136
2026-09-28 05:53:42,129 INFO o.a.j.t.JMeterThread: Thread started: Estudiantes concurrentes 1-137
2026-09-28 05:53:42,430 INFO o.a.j.t.JMeterThread: Thread started: Estudiantes concurrentes 1-138
2026-09-28 05:53:42,730 INFO o.a.j.t.JMeterThread: Thread started: Estudiantes concurrentes 1-139
2026-09-28 05:53:43,030 INFO o.a.j.t.JMeterThread: Thread started: Estudiantes concurrentes 1-140
2026-09-28 05:53:43,330 INFO o.a.j.t.JMeterThread: Thread started: Estudiantes concurrentes 1-141
2026-09-28 05:53:43,631 INFO o.a.j.t.JMeterThread: Thread started: Estudiantes concurrentes 1-142
2026-09-28 05:53:44,280 INFO o.a.j.t.JMeterThread: Thread started: Estudiantes concurrentes 1-144
2026-09-28 05:53:44,299 INFO o.a.j.t.JMeterThread: Thread started: Estudiantes concurrentes 1-143
2026-09-28 05:53:44,785 INFO o.a.j.t.JMeterThread: Thread started: Estudiantes concurrentes 1-145
2026-09-28 05:53:44,832 INFO o.a.j.t.JMeterThread: Thread started: Estudiantes concurrentes 1-146
2026-09-28 05:53:45,131 INFO o.a.j.t.JMeterThread: Thread started: Estudiantes concurrentes 1-147
2026-09-28 05:53:45,429 INFO o.a.j.t.JMeterThread: Thread started: Estudiantes concurrentes 1-148
2026-09-28 05:53:45,731 INFO o.a.j.t.JMeterThread: Thread started: Estudiantes concurrentes 1-149
2026-09-28 05:53:46,032 INFO o.a.j.t.JMeterThread: Thread started: Estudiantes concurrentes 1-150
2026-09-28 05:53:46,332 INFO o.a.j.t.JMeterThread: Thread started: Estudiantes concurrentes 1-151
2026-09-28 05:53:46,633 INFO o.a.j.t.JMeterThread: Thread started: Estudiantes concurrentes 1-152
2026-09-28 05:53:46,931 INFO o.a.j.t.JMeterThread: Thread started: Estudiantes concurrentes 1-153
2026-09-28 05:53:47,231 INFO o.a.j.t.JMeterThread: Thread started: Estudiantes concurrentes 1-154
2026-09-28 05:53:47,538 INFO o.a.j.t.JMeterThread: Thread started: Estudiantes concurrentes 1-155
2026-09-28 05:53:47,831 INFO o.a.j.t.JMeterThread: Thread started: Estudiantes concurrentes 1-156
2026-09-28 05:53:48,185 INFO o.a.j.t.JMeterThread: Thread started: Estudiantes concurrentes 1-157
2026-09-28 05:53:48,430 INFO o.a.j.t.JMeterThread: Thread started: Estudiantes concurrentes 1-158
2026-09-28 05:53:48,797 INFO o.a.j.t.JMeterThread: Thread started: Estudiantes concurrentes 1-159
2026-09-28 05:53:49,029 INFO o.a.j.t.JMeterThread: Thread started: Estudiantes concurrentes 1-160
2026-09-28 05:53:49,332 INFO o.a.j.t.JMeterThread: Thread started: Estudiantes concurrentes 1-161
2026-09-28 05:53:49,682 INFO o.a.j.t.JMeterThread: Thread started: Estudiantes concurrentes 1-162
2026-09-28 05:53:49,930 INFO o.a.j.t.JMeterThread: Thread started: Estudiantes concurrentes 1-163
2026-09-28 05:53:50,231 INFO o.a.j.t.JMeterThread: Thread started: Estudiantes concurrentes 1-164
2026-09-28 05:53:50,529 INFO o.a.j.t.JMeterThread: Thread started: Estudiantes concurrentes 1-165
2026-09-28 05:53:50,829 INFO o.a.j.t.JMeterThread: Thread started: Estudiantes concurrentes 1-166
2026-09-28 05:53:51,131 INFO o.a.j.t.JMeterThread: Thread started: Estudiantes concurrentes 1-167
2026-09-28 05:53:51,430 INFO o.a.j.t.JMeterThread: Thread started: Estudiantes concurrentes 1-168
2026-09-28 05:53:51,730 INFO o.a.j.t.JMeterThread: Thread started: Estudiantes concurrentes 1-169
2026-09-28 05:53:52,030 INFO o.a.j.t.JMeterThread: Thread started: Estudiantes concurrentes 1-170
2026-09-28 05:53:52,330 INFO o.a.j.t.JMeterThread: Thread started: Estudiantes concurrentes 1-171
2026-09-28 05:53:52,658 INFO o.a.j.t.JMeterThread: Thread started: Estudiantes concurrentes 1-172
2026-09-28 05:53:52,930 INFO o.a.j.t.JMeterThread: Thread started: Estudiantes concurrentes 1-173
2026-09-28 05:53:53,231 INFO o.a.j.t.JMeterThread: Thread started: Estudiantes concurrentes 1-174
2026-09-28 05:53:53,530 INFO o.a.j.t.JMeterThread: Thread started: Estudiantes concurrentes 1-175
2026-09-28 05:53:53,829 INFO o.a.j.t.JMeterThread: Thread started: Estudiantes concurrentes 1-176
2026-09-28 05:53:54,128 INFO o.a.j.t.JMeterThread: Thread started: Estudiantes concurrentes 1-177
2026-09-28 05:53:54,429 INFO o.a.j.t.JMeterThread: Thread started: Estudiantes concurrentes 1-178
2026-09-28 05:53:54,731 INFO o.a.j.t.JMeterThread: Thread started: Estudiantes concurrentes 1-179
2026-09-28 05:53:55,029 INFO o.a.j.t.JMeterThread: Thread started: Estudiantes concurrentes 1-180
2026-09-28 05:53:55,331 INFO o.a.j.t.JMeterThread: Thread started: Estudiantes concurrentes 1-181
2026-09-28 05:53:55,631 INFO o.a.j.t.JMeterThread: Thread started: Estudiantes concurrentes 1-182
2026-09-28 05:53:55,930 INFO o.a.j.t.JMeterThread: Thread started: Estudiantes concurrentes 1-183
2026-09-28 05:53:56,231 INFO o.a.j.t.JMeterThread: Thread started: Estudiantes concurrentes 1-184
2026-09-28 05:53:56,529 INFO o.a.j.t.JMeterThread: Thread started: Estudiantes concurrentes 1-185
2026-09-28 05:53:56,828 INFO o.a.j.t.JMeterThread: Thread started: Estudiantes concurrentes 1-186
2026-09-28 05:53:57,147 INFO o.a.j.t.JMeterThread: Thread started: Estudiantes concurrentes 1-187
2026-09-28 05:53:57,429 INFO o.a.j.t.JMeterThread: Thread started: Estudiantes concurrentes 1-188
2026-09-28 05:53:57,769 INFO o.a.j.t.JMeterThread: Thread started: Estudiantes concurrentes 1-189
2026-09-28 05:53:58,060 INFO o.a.j.t.JMeterThread: Thread started: Estudiantes concurrentes 1-190
2026-09-28 05:53:58,330 INFO o.a.j.t.JMeterThread: Thread started: Estudiantes concurrentes 1-191
2026-09-28 05:53:58,632 INFO o.a.j.t.JMeterThread: Thread started: Estudiantes concurrentes 1-192
2026-09-28 05:53:58,931 INFO o.a.j.t.JMeterThread: Thread started: Estudiantes concurrentes 1-193
2026-09-28 05:53:59,229 INFO o.a.j.t.JMeterThread: Thread started: Estudiantes concurrentes 1-194
2026-09-28 05:53:59,539 INFO o.a.j.t.JMeterThread: Thread started: Estudiantes concurrentes 1-195
2026-09-28 05:53:59,830 INFO o.a.j.t.JMeterThread: Thread started: Estudiantes concurrentes 1-196
2026-09-28 05:54:00,027 INFO o.a.j.r.Summariser: summary +    797 in 00:00:30 =   26.6/s Avg:   151 Min:    65 Max:  1552 Err:     0 (0.00%) Active: 196 Started: 196 Finished: 0
2026-09-28 05:54:00,029 INFO o.a.j.r.Summariser: summary =   1011 in 00:00:59 =   17.2/s Avg:   165 Min:    65 Max:  1552 Err:     0 (0.00%)
2026-09-28 05:54:00,130 INFO o.a.j.t.JMeterThread: Thread started: Estudiantes concurrentes 1-197
2026-09-28 05:54:00,431 INFO o.a.j.t.JMeterThread: Thread started: Estudiantes concurrentes 1-198
2026-09-28 05:54:00,731 INFO o.a.j.t.JMeterThread: Thread started: Estudiantes concurrentes 1-199
2026-09-28 05:54:01,030 INFO o.a.j.t.JMeterThread: Thread started: Estudiantes concurrentes 1-200
2026-09-28 05:54:30,010 INFO o.a.j.r.Summariser: summary +   1160 in 00:00:30 =   38.7/s Avg:   132 Min:    68 Max:  1584 Err:     0 (0.00%) Active: 200 Started: 200 Finished: 0
2026-09-28 05:54:30,012 INFO o.a.j.r.Summariser: summary =   2171 in 00:01:29 =   24.4/s Avg:   147 Min:    65 Max:  1584 Err:     0 (0.00%)
2026-09-28 05:55:00,009 INFO o.a.j.r.Summariser: summary +   1172 in 00:00:30 =   39.1/s Avg:   134 Min:    68 Max:  1408 Err:     0 (0.00%) Active: 200 Started: 200 Finished: 0
2026-09-28 05:55:00,013 INFO o.a.j.r.Summariser: summary =   3343 in 00:01:59 =   28.1/s Avg:   143 Min:    65 Max:  1584 Err:     0 (0.00%)
2026-09-28 05:55:30,005 INFO o.a.j.r.Summariser: summary +   1161 in 00:00:30 =   38.7/s Avg:   145 Min:    67 Max:  2614 Err:     0 (0.00%) Active: 200 Started: 200 Finished: 0
2026-09-28 05:55:30,006 INFO o.a.j.r.Summariser: summary =   4504 in 00:02:29 =   30.3/s Avg:   143 Min:    65 Max:  2614 Err:     0 (0.00%)
2026-09-28 05:56:00,014 INFO o.a.j.r.Summariser: summary +   1086 in 00:00:30 =   36.2/s Avg:   259 Min:    67 Max:  5386 Err:     0 (0.00%) Active: 200 Started: 200 Finished: 0
2026-09-28 05:56:00,016 INFO o.a.j.r.Summariser: summary =   5590 in 00:02:59 =   31.3/s Avg:   166 Min:    65 Max:  5386 Err:     0 (0.00%)
2026-09-28 05:56:30,011 INFO o.a.j.r.Summariser: summary +   1095 in 00:00:30 =   36.5/s Avg:   395 Min:    66 Max:  6125 Err:     0 (0.00%) Active: 200 Started: 200 Finished: 0
2026-09-28 05:56:30,012 INFO o.a.j.r.Summariser: summary =   6685 in 00:03:29 =   32.0/s Avg:   203 Min:    65 Max:  6125 Err:     0 (0.00%)
2026-09-28 05:56:37,664 INFO o.a.j.t.JMeterThread: Thread is done: Estudiantes concurrentes 1-6
2026-09-28 05:56:37,770 INFO o.a.j.t.JMeterThread: Thread finished: Estudiantes concurrentes 1-6
2026-09-28 05:56:39,039 INFO o.a.j.t.JMeterThread: Thread is done: Estudiantes concurrentes 1-4
2026-09-28 05:56:39,145 INFO o.a.j.t.JMeterThread: Thread is done: Estudiantes concurrentes 1-14
2026-09-28 05:56:39,152 INFO o.a.j.t.JMeterThread: Thread finished: Estudiantes concurrentes 1-4
2026-09-28 05:56:39,152 INFO o.a.j.t.JMeterThread: Thread finished: Estudiantes concurrentes 1-14
2026-09-28 05:56:39,234 INFO o.a.j.t.JMeterThread: Thread is done: Estudiantes concurrentes 1-1
2026-09-28 05:56:39,579 INFO o.a.j.t.JMeterThread: Thread finished: Estudiantes concurrentes 1-1
2026-09-28 05:56:41,548 INFO o.a.j.t.JMeterThread: Thread is done: Estudiantes concurrentes 1-10
2026-09-28 05:56:41,549 INFO o.a.j.t.JMeterThread: Thread finished: Estudiantes concurrentes 1-10
2026-09-28 05:56:41,859 INFO o.a.j.t.JMeterThread: Thread is done: Estudiantes concurrentes 1-2
2026-09-28 05:56:42,025 INFO o.a.j.t.JMeterThread: Thread finished: Estudiantes concurrentes 1-2
2026-09-28 05:56:42,106 INFO o.a.j.t.JMeterThread: Thread is done: Estudiantes concurrentes 1-18
2026-09-28 05:56:42,106 INFO o.a.j.t.JMeterThread: Thread finished: Estudiantes concurrentes 1-18
2026-09-28 05:56:43,112 INFO o.a.j.t.JMeterThread: Thread is done: Estudiantes concurrentes 1-11
2026-09-28 05:56:43,113 INFO o.a.j.t.JMeterThread: Thread finished: Estudiantes concurrentes 1-11
2026-09-28 05:56:43,702 INFO o.a.j.t.JMeterThread: Thread is done: Estudiantes concurrentes 1-16
2026-09-28 05:56:43,703 INFO o.a.j.t.JMeterThread: Thread finished: Estudiantes concurrentes 1-16
2026-09-28 05:56:44,215 INFO o.a.j.t.JMeterThread: Thread is done: Estudiantes concurrentes 1-17
2026-09-28 05:56:44,216 INFO o.a.j.t.JMeterThread: Thread finished: Estudiantes concurrentes 1-17
2026-09-28 05:56:44,386 INFO o.a.j.t.JMeterThread: Thread is done: Estudiantes concurrentes 1-13
2026-09-28 05:56:44,387 INFO o.a.j.t.JMeterThread: Thread finished: Estudiantes concurrentes 1-13
2026-09-28 05:56:44,832 INFO o.a.j.t.JMeterThread: Thread is done: Estudiantes concurrentes 1-22
2026-09-28 05:56:44,833 INFO o.a.j.t.JMeterThread: Thread finished: Estudiantes concurrentes 1-22
2026-09-28 05:56:44,901 INFO o.a.j.t.JMeterThread: Thread is done: Estudiantes concurrentes 1-15
2026-09-28 05:56:44,901 INFO o.a.j.t.JMeterThread: Thread finished: Estudiantes concurrentes 1-15
2026-09-28 05:56:45,041 INFO o.a.j.t.JMeterThread: Thread is done: Estudiantes concurrentes 1-3
2026-09-28 05:56:45,042 INFO o.a.j.t.JMeterThread: Thread finished: Estudiantes concurrentes 1-3
2026-09-28 05:56:45,526 INFO o.a.j.t.JMeterThread: Thread is done: Estudiantes concurrentes 1-5
2026-09-28 05:56:45,527 INFO o.a.j.t.JMeterThread: Thread finished: Estudiantes concurrentes 1-5
2026-09-28 05:56:46,235 INFO o.a.j.t.JMeterThread: Thread is done: Estudiantes concurrentes 1-7
2026-09-28 05:56:46,236 INFO o.a.j.t.JMeterThread: Thread finished: Estudiantes concurrentes 1-7
2026-09-28 05:56:46,476 INFO o.a.j.t.JMeterThread: Thread is done: Estudiantes concurrentes 1-12
2026-09-28 05:56:46,476 INFO o.a.j.t.JMeterThread: Thread finished: Estudiantes concurrentes 1-12
2026-09-28 05:56:46,714 INFO o.a.j.t.JMeterThread: Thread is done: Estudiantes concurrentes 1-40
2026-09-28 05:56:46,715 INFO o.a.j.t.JMeterThread: Thread finished: Estudiantes concurrentes 1-40
2026-09-28 05:56:46,763 INFO o.a.j.t.JMeterThread: Thread is done: Estudiantes concurrentes 1-29
2026-09-28 05:56:46,764 INFO o.a.j.t.JMeterThread: Thread finished: Estudiantes concurrentes 1-29
2026-09-28 05:56:47,128 INFO o.a.j.t.JMeterThread: Thread is done: Estudiantes concurrentes 1-8
2026-09-28 05:56:47,128 INFO o.a.j.t.JMeterThread: Thread finished: Estudiantes concurrentes 1-8
2026-09-28 05:56:47,264 INFO o.a.j.t.JMeterThread: Thread is done: Estudiantes concurrentes 1-32
2026-09-28 05:56:47,265 INFO o.a.j.t.JMeterThread: Thread finished: Estudiantes concurrentes 1-32
2026-09-28 05:56:47,922 INFO o.a.j.t.JMeterThread: Thread is done: Estudiantes concurrentes 1-9
2026-09-28 05:56:47,922 INFO o.a.j.t.JMeterThread: Thread finished: Estudiantes concurrentes 1-9
2026-09-28 05:56:47,965 INFO o.a.j.t.JMeterThread: Thread is done: Estudiantes concurrentes 1-26
2026-09-28 05:56:47,966 INFO o.a.j.t.JMeterThread: Thread finished: Estudiantes concurrentes 1-26
2026-09-28 05:56:48,074 INFO o.a.j.t.JMeterThread: Thread is done: Estudiantes concurrentes 1-36
2026-09-28 05:56:48,075 INFO o.a.j.t.JMeterThread: Thread finished: Estudiantes concurrentes 1-36
2026-09-28 05:56:48,403 INFO o.a.j.t.JMeterThread: Thread is done: Estudiantes concurrentes 1-27
2026-09-28 05:56:48,404 INFO o.a.j.t.JMeterThread: Thread finished: Estudiantes concurrentes 1-27
2026-09-28 05:56:48,685 INFO o.a.j.t.JMeterThread: Thread is done: Estudiantes concurrentes 1-23
2026-09-28 05:56:48,686 INFO o.a.j.t.JMeterThread: Thread finished: Estudiantes concurrentes 1-23
2026-09-28 05:56:50,130 INFO o.a.j.t.JMeterThread: Thread is done: Estudiantes concurrentes 1-19
2026-09-28 05:56:50,131 INFO o.a.j.t.JMeterThread: Thread finished: Estudiantes concurrentes 1-19
2026-09-28 05:56:50,371 INFO o.a.j.t.JMeterThread: Thread is done: Estudiantes concurrentes 1-37
2026-09-28 05:56:50,372 INFO o.a.j.t.JMeterThread: Thread finished: Estudiantes concurrentes 1-37
2026-09-28 05:56:51,076 INFO o.a.j.t.JMeterThread: Thread is done: Estudiantes concurrentes 1-21
2026-09-28 05:56:51,077 INFO o.a.j.t.JMeterThread: Thread finished: Estudiantes concurrentes 1-21
2026-09-28 05:56:52,092 INFO o.a.j.t.JMeterThread: Thread is done: Estudiantes concurrentes 1-35
2026-09-28 05:56:52,093 INFO o.a.j.t.JMeterThread: Thread finished: Estudiantes concurrentes 1-35
2026-09-28 05:56:52,129 INFO o.a.j.t.JMeterThread: Thread is done: Estudiantes concurrentes 1-25
2026-09-28 05:56:52,130 INFO o.a.j.t.JMeterThread: Thread finished: Estudiantes concurrentes 1-25
2026-09-28 05:56:52,254 INFO o.a.j.t.JMeterThread: Thread is done: Estudiantes concurrentes 1-20
2026-09-28 05:56:52,255 INFO o.a.j.t.JMeterThread: Thread finished: Estudiantes concurrentes 1-20
2026-09-28 05:56:52,344 INFO o.a.j.t.JMeterThread: Thread is done: Estudiantes concurrentes 1-33
2026-09-28 05:56:52,345 INFO o.a.j.t.JMeterThread: Thread finished: Estudiantes concurrentes 1-33
2026-09-28 05:56:52,486 INFO o.a.j.t.JMeterThread: Thread is done: Estudiantes concurrentes 1-52
2026-09-28 05:56:52,486 INFO o.a.j.t.JMeterThread: Thread finished: Estudiantes concurrentes 1-52
2026-09-28 05:56:52,563 INFO o.a.j.t.JMeterThread: Thread is done: Estudiantes concurrentes 1-24
2026-09-28 05:56:52,563 INFO o.a.j.t.JMeterThread: Thread finished: Estudiantes concurrentes 1-24
2026-09-28 05:56:52,666 INFO o.a.j.t.JMeterThread: Thread is done: Estudiantes concurrentes 1-49
2026-09-28 05:56:52,667 INFO o.a.j.t.JMeterThread: Thread finished: Estudiantes concurrentes 1-49
2026-09-28 05:56:52,737 INFO o.a.j.t.JMeterThread: Thread is done: Estudiantes concurrentes 1-34
2026-09-28 05:56:52,738 INFO o.a.j.t.JMeterThread: Thread finished: Estudiantes concurrentes 1-34
2026-09-28 05:56:53,865 INFO o.a.j.t.JMeterThread: Thread is done: Estudiantes concurrentes 1-59
2026-09-28 05:56:53,866 INFO o.a.j.t.JMeterThread: Thread finished: Estudiantes concurrentes 1-59
2026-09-28 05:56:54,046 INFO o.a.j.t.JMeterThread: Thread is done: Estudiantes concurrentes 1-48
2026-09-28 05:56:54,046 INFO o.a.j.t.JMeterThread: Thread finished: Estudiantes concurrentes 1-48
2026-09-28 05:56:54,439 INFO o.a.j.t.JMeterThread: Thread is done: Estudiantes concurrentes 1-51
2026-09-28 05:56:54,439 INFO o.a.j.t.JMeterThread: Thread finished: Estudiantes concurrentes 1-51
2026-09-28 05:56:54,451 INFO o.a.j.t.JMeterThread: Thread is done: Estudiantes concurrentes 1-47
2026-09-28 05:56:54,452 INFO o.a.j.t.JMeterThread: Thread finished: Estudiantes concurrentes 1-47
2026-09-28 05:56:54,675 INFO o.a.j.t.JMeterThread: Thread is done: Estudiantes concurrentes 1-30
2026-09-28 05:56:54,676 INFO o.a.j.t.JMeterThread: Thread finished: Estudiantes concurrentes 1-30
2026-09-28 05:56:54,885 INFO o.a.j.t.JMeterThread: Thread is done: Estudiantes concurrentes 1-43
2026-09-28 05:56:54,886 INFO o.a.j.t.JMeterThread: Thread finished: Estudiantes concurrentes 1-43
2026-09-28 05:56:55,164 INFO o.a.j.t.JMeterThread: Thread is done: Estudiantes concurrentes 1-46
2026-09-28 05:56:55,165 INFO o.a.j.t.JMeterThread: Thread finished: Estudiantes concurrentes 1-46
2026-09-28 05:56:55,210 INFO o.a.j.t.JMeterThread: Thread is done: Estudiantes concurrentes 1-55
2026-09-28 05:56:55,211 INFO o.a.j.t.JMeterThread: Thread finished: Estudiantes concurrentes 1-55
2026-09-28 05:56:55,243 INFO o.a.j.t.JMeterThread: Thread is done: Estudiantes concurrentes 1-42
2026-09-28 05:56:55,243 INFO o.a.j.t.JMeterThread: Thread finished: Estudiantes concurrentes 1-42
2026-09-28 05:56:55,253 INFO o.a.j.t.JMeterThread: Thread is done: Estudiantes concurrentes 1-28
2026-09-28 05:56:55,254 INFO o.a.j.t.JMeterThread: Thread finished: Estudiantes concurrentes 1-28
2026-09-28 05:56:56,110 INFO o.a.j.t.JMeterThread: Thread is done: Estudiantes concurrentes 1-31
2026-09-28 05:56:56,111 INFO o.a.j.t.JMeterThread: Thread finished: Estudiantes concurrentes 1-31
2026-09-28 05:56:56,399 INFO o.a.j.t.JMeterThread: Thread is done: Estudiantes concurrentes 1-53
2026-09-28 05:56:56,400 INFO o.a.j.t.JMeterThread: Thread finished: Estudiantes concurrentes 1-53
2026-09-28 05:56:56,965 INFO o.a.j.t.JMeterThread: Thread is done: Estudiantes concurrentes 1-38
2026-09-28 05:56:56,966 INFO o.a.j.t.JMeterThread: Thread finished: Estudiantes concurrentes 1-38
2026-09-28 05:56:57,235 INFO o.a.j.t.JMeterThread: Thread is done: Estudiantes concurrentes 1-50
2026-09-28 05:56:57,236 INFO o.a.j.t.JMeterThread: Thread finished: Estudiantes concurrentes 1-50
2026-09-28 05:56:57,261 INFO o.a.j.t.JMeterThread: Thread is done: Estudiantes concurrentes 1-39
2026-09-28 05:56:57,262 INFO o.a.j.t.JMeterThread: Thread finished: Estudiantes concurrentes 1-39
2026-09-28 05:56:57,652 INFO o.a.j.t.JMeterThread: Thread is done: Estudiantes concurrentes 1-58
2026-09-28 05:56:57,653 INFO o.a.j.t.JMeterThread: Thread finished: Estudiantes concurrentes 1-58
2026-09-28 05:57:00,028 INFO o.a.j.r.Summariser: summary +   1083 in 00:00:30 =   36.1/s Avg:   191 Min:    67 Max:  3415 Err:     0 (0.00%) Active: 147 Started: 200 Finished: 53
2026-09-28 05:57:00,030 INFO o.a.j.r.Summariser: summary =   7768 in 00:03:59 =   32.5/s Avg:   202 Min:    65 Max:  6125 Err:     0 (0.00%)
2026-09-28 05:57:00,206 INFO o.a.j.t.JMeterThread: Thread is done: Estudiantes concurrentes 1-67
2026-09-28 05:57:00,206 INFO o.a.j.t.JMeterThread: Thread finished: Estudiantes concurrentes 1-67
2026-09-28 05:57:00,589 INFO o.a.j.t.JMeterThread: Thread is done: Estudiantes concurrentes 1-54
2026-09-28 05:57:00,590 INFO o.a.j.t.JMeterThread: Thread finished: Estudiantes concurrentes 1-54
2026-09-28 05:57:01,319 INFO o.a.j.t.JMeterThread: Thread is done: Estudiantes concurrentes 1-70
2026-09-28 05:57:01,320 INFO o.a.j.t.JMeterThread: Thread finished: Estudiantes concurrentes 1-70
2026-09-28 05:57:01,774 INFO o.a.j.t.JMeterThread: Thread is done: Estudiantes concurrentes 1-63
2026-09-28 05:57:01,775 INFO o.a.j.t.JMeterThread: Thread finished: Estudiantes concurrentes 1-63
2026-09-28 05:57:01,871 INFO o.a.j.t.JMeterThread: Thread is done: Estudiantes concurrentes 1-82
2026-09-28 05:57:01,872 INFO o.a.j.t.JMeterThread: Thread finished: Estudiantes concurrentes 1-82
2026-09-28 05:57:01,941 INFO o.a.j.t.JMeterThread: Thread is done: Estudiantes concurrentes 1-44
2026-09-28 05:57:01,942 INFO o.a.j.t.JMeterThread: Thread finished: Estudiantes concurrentes 1-44
2026-09-28 05:57:02,294 INFO o.a.j.t.JMeterThread: Thread is done: Estudiantes concurrentes 1-41
2026-09-28 05:57:02,295 INFO o.a.j.t.JMeterThread: Thread finished: Estudiantes concurrentes 1-41
2026-09-28 05:57:02,447 INFO o.a.j.t.JMeterThread: Thread is done: Estudiantes concurrentes 1-57
2026-09-28 05:57:02,447 INFO o.a.j.t.JMeterThread: Thread finished: Estudiantes concurrentes 1-57
2026-09-28 05:57:02,454 INFO o.a.j.t.JMeterThread: Thread is done: Estudiantes concurrentes 1-69
2026-09-28 05:57:02,454 INFO o.a.j.t.JMeterThread: Thread finished: Estudiantes concurrentes 1-69
2026-09-28 05:57:02,462 INFO o.a.j.t.JMeterThread: Thread is done: Estudiantes concurrentes 1-62
2026-09-28 05:57:02,463 INFO o.a.j.t.JMeterThread: Thread finished: Estudiantes concurrentes 1-62
2026-09-28 05:57:02,648 INFO o.a.j.t.JMeterThread: Thread is done: Estudiantes concurrentes 1-60
2026-09-28 05:57:02,649 INFO o.a.j.t.JMeterThread: Thread finished: Estudiantes concurrentes 1-60
2026-09-28 05:57:02,796 INFO o.a.j.t.JMeterThread: Thread is done: Estudiantes concurrentes 1-64
2026-09-28 05:57:02,797 INFO o.a.j.t.JMeterThread: Thread finished: Estudiantes concurrentes 1-64
2026-09-28 05:57:03,183 INFO o.a.j.t.JMeterThread: Thread is done: Estudiantes concurrentes 1-72
2026-09-28 05:57:03,184 INFO o.a.j.t.JMeterThread: Thread finished: Estudiantes concurrentes 1-72
2026-09-28 05:57:03,312 INFO o.a.j.t.JMeterThread: Thread is done: Estudiantes concurrentes 1-78
2026-09-28 05:57:03,313 INFO o.a.j.t.JMeterThread: Thread finished: Estudiantes concurrentes 1-78
2026-09-28 05:57:03,503 INFO o.a.j.t.JMeterThread: Thread is done: Estudiantes concurrentes 1-86
2026-09-28 05:57:03,504 INFO o.a.j.t.JMeterThread: Thread finished: Estudiantes concurrentes 1-86
2026-09-28 05:57:03,592 INFO o.a.j.t.JMeterThread: Thread is done: Estudiantes concurrentes 1-79
2026-09-28 05:57:03,593 INFO o.a.j.t.JMeterThread: Thread finished: Estudiantes concurrentes 1-79
2026-09-28 05:57:03,644 INFO o.a.j.t.JMeterThread: Thread is done: Estudiantes concurrentes 1-56
2026-09-28 05:57:03,645 INFO o.a.j.t.JMeterThread: Thread finished: Estudiantes concurrentes 1-56
2026-09-28 05:57:03,982 INFO o.a.j.t.JMeterThread: Thread is done: Estudiantes concurrentes 1-65
2026-09-28 05:57:03,983 INFO o.a.j.t.JMeterThread: Thread finished: Estudiantes concurrentes 1-65
2026-09-28 05:57:04,076 INFO o.a.j.t.JMeterThread: Thread is done: Estudiantes concurrentes 1-92
2026-09-28 05:57:04,077 INFO o.a.j.t.JMeterThread: Thread finished: Estudiantes concurrentes 1-92
2026-09-28 05:57:04,185 INFO o.a.j.t.JMeterThread: Thread is done: Estudiantes concurrentes 1-71
2026-09-28 05:57:04,192 INFO o.a.j.t.JMeterThread: Thread finished: Estudiantes concurrentes 1-71
2026-09-28 05:57:04,207 INFO o.a.j.t.JMeterThread: Thread is done: Estudiantes concurrentes 1-45
2026-09-28 05:57:04,210 INFO o.a.j.t.JMeterThread: Thread finished: Estudiantes concurrentes 1-45
2026-09-28 05:57:04,297 INFO o.a.j.t.JMeterThread: Thread is done: Estudiantes concurrentes 1-73
2026-09-28 05:57:04,298 INFO o.a.j.t.JMeterThread: Thread finished: Estudiantes concurrentes 1-73
2026-09-28 05:57:04,436 INFO o.a.j.t.JMeterThread: Thread is done: Estudiantes concurrentes 1-77
2026-09-28 05:57:04,438 INFO o.a.j.t.JMeterThread: Thread finished: Estudiantes concurrentes 1-77
2026-09-28 05:57:04,662 INFO o.a.j.t.JMeterThread: Thread is done: Estudiantes concurrentes 1-98
2026-09-28 05:57:04,663 INFO o.a.j.t.JMeterThread: Thread finished: Estudiantes concurrentes 1-98
2026-09-28 05:57:04,716 INFO o.a.j.t.JMeterThread: Thread is done: Estudiantes concurrentes 1-76
2026-09-28 05:57:04,717 INFO o.a.j.t.JMeterThread: Thread finished: Estudiantes concurrentes 1-76
2026-09-28 05:57:05,410 INFO o.a.j.t.JMeterThread: Thread is done: Estudiantes concurrentes 1-81
2026-09-28 05:57:05,412 INFO o.a.j.t.JMeterThread: Thread finished: Estudiantes concurrentes 1-81
2026-09-28 05:57:05,892 INFO o.a.j.t.JMeterThread: Thread is done: Estudiantes concurrentes 1-68
2026-09-28 05:57:05,893 INFO o.a.j.t.JMeterThread: Thread finished: Estudiantes concurrentes 1-68
2026-09-28 05:57:07,077 INFO o.a.j.t.JMeterThread: Thread is done: Estudiantes concurrentes 1-99
2026-09-28 05:57:07,078 INFO o.a.j.t.JMeterThread: Thread finished: Estudiantes concurrentes 1-99
2026-09-28 05:57:07,447 INFO o.a.j.t.JMeterThread: Thread is done: Estudiantes concurrentes 1-84
2026-09-28 05:57:07,447 INFO o.a.j.t.JMeterThread: Thread finished: Estudiantes concurrentes 1-84
2026-09-28 05:57:07,750 INFO o.a.j.t.JMeterThread: Thread is done: Estudiantes concurrentes 1-75
2026-09-28 05:57:07,751 INFO o.a.j.t.JMeterThread: Thread finished: Estudiantes concurrentes 1-75
2026-09-28 05:57:07,794 INFO o.a.j.t.JMeterThread: Thread is done: Estudiantes concurrentes 1-103
2026-09-28 05:57:07,795 INFO o.a.j.t.JMeterThread: Thread finished: Estudiantes concurrentes 1-103
2026-09-28 05:57:07,934 INFO o.a.j.t.JMeterThread: Thread is done: Estudiantes concurrentes 1-61
2026-09-28 05:57:07,935 INFO o.a.j.t.JMeterThread: Thread finished: Estudiantes concurrentes 1-61
2026-09-28 05:57:08,087 INFO o.a.j.t.JMeterThread: Thread is done: Estudiantes concurrentes 1-93
2026-09-28 05:57:08,088 INFO o.a.j.t.JMeterThread: Thread finished: Estudiantes concurrentes 1-93
2026-09-28 05:57:08,134 INFO o.a.j.t.JMeterThread: Thread is done: Estudiantes concurrentes 1-85
2026-09-28 05:57:08,135 INFO o.a.j.t.JMeterThread: Thread finished: Estudiantes concurrentes 1-85
2026-09-28 05:57:08,174 INFO o.a.j.t.JMeterThread: Thread is done: Estudiantes concurrentes 1-66
2026-09-28 05:57:08,175 INFO o.a.j.t.JMeterThread: Thread finished: Estudiantes concurrentes 1-66
2026-09-28 05:57:08,290 INFO o.a.j.t.JMeterThread: Thread is done: Estudiantes concurrentes 1-83
2026-09-28 05:57:08,290 INFO o.a.j.t.JMeterThread: Thread finished: Estudiantes concurrentes 1-83
2026-09-28 05:57:08,323 INFO o.a.j.t.JMeterThread: Thread is done: Estudiantes concurrentes 1-110
2026-09-28 05:57:08,324 INFO o.a.j.t.JMeterThread: Thread finished: Estudiantes concurrentes 1-110
2026-09-28 05:57:08,453 INFO o.a.j.t.JMeterThread: Thread is done: Estudiantes concurrentes 1-106
2026-09-28 05:57:08,453 INFO o.a.j.t.JMeterThread: Thread finished: Estudiantes concurrentes 1-106
2026-09-28 05:57:08,528 INFO o.a.j.t.JMeterThread: Thread is done: Estudiantes concurrentes 1-108
2026-09-28 05:57:08,529 INFO o.a.j.t.JMeterThread: Thread finished: Estudiantes concurrentes 1-108
2026-09-28 05:57:08,641 INFO o.a.j.t.JMeterThread: Thread is done: Estudiantes concurrentes 1-80
2026-09-28 05:57:08,642 INFO o.a.j.t.JMeterThread: Thread finished: Estudiantes concurrentes 1-80
2026-09-28 05:57:08,686 INFO o.a.j.t.JMeterThread: Thread is done: Estudiantes concurrentes 1-127
2026-09-28 05:57:08,687 INFO o.a.j.t.JMeterThread: Thread finished: Estudiantes concurrentes 1-127
2026-09-28 05:57:08,822 INFO o.a.j.t.JMeterThread: Thread is done: Estudiantes concurrentes 1-95
2026-09-28 05:57:08,823 INFO o.a.j.t.JMeterThread: Thread finished: Estudiantes concurrentes 1-95
2026-09-28 05:57:09,141 INFO o.a.j.t.JMeterThread: Thread is done: Estudiantes concurrentes 1-87
2026-09-28 05:57:09,142 INFO o.a.j.t.JMeterThread: Thread finished: Estudiantes concurrentes 1-87
2026-09-28 05:57:09,641 INFO o.a.j.t.JMeterThread: Thread is done: Estudiantes concurrentes 1-114
2026-09-28 05:57:09,641 INFO o.a.j.t.JMeterThread: Thread finished: Estudiantes concurrentes 1-114
2026-09-28 05:57:10,134 INFO o.a.j.t.JMeterThread: Thread is done: Estudiantes concurrentes 1-90
2026-09-28 05:57:10,135 INFO o.a.j.t.JMeterThread: Thread finished: Estudiantes concurrentes 1-90
2026-09-28 05:57:10,243 INFO o.a.j.t.JMeterThread: Thread is done: Estudiantes concurrentes 1-89
2026-09-28 05:57:10,243 INFO o.a.j.t.JMeterThread: Thread finished: Estudiantes concurrentes 1-89
2026-09-28 05:57:10,311 INFO o.a.j.t.JMeterThread: Thread is done: Estudiantes concurrentes 1-105
2026-09-28 05:57:10,311 INFO o.a.j.t.JMeterThread: Thread finished: Estudiantes concurrentes 1-105
2026-09-28 05:57:10,423 INFO o.a.j.t.JMeterThread: Thread is done: Estudiantes concurrentes 1-97
2026-09-28 05:57:10,424 INFO o.a.j.t.JMeterThread: Thread finished: Estudiantes concurrentes 1-97
2026-09-28 05:57:10,637 INFO o.a.j.t.JMeterThread: Thread is done: Estudiantes concurrentes 1-109
2026-09-28 05:57:10,637 INFO o.a.j.t.JMeterThread: Thread finished: Estudiantes concurrentes 1-109
2026-09-28 05:57:10,857 INFO o.a.j.t.JMeterThread: Thread is done: Estudiantes concurrentes 1-116
2026-09-28 05:57:10,858 INFO o.a.j.t.JMeterThread: Thread finished: Estudiantes concurrentes 1-116
2026-09-28 05:57:10,873 INFO o.a.j.t.JMeterThread: Thread is done: Estudiantes concurrentes 1-113
2026-09-28 05:57:10,874 INFO o.a.j.t.JMeterThread: Thread finished: Estudiantes concurrentes 1-113
2026-09-28 05:57:11,021 INFO o.a.j.t.JMeterThread: Thread is done: Estudiantes concurrentes 1-91
2026-09-28 05:57:11,021 INFO o.a.j.t.JMeterThread: Thread finished: Estudiantes concurrentes 1-91
2026-09-28 05:57:11,023 INFO o.a.j.t.JMeterThread: Thread is done: Estudiantes concurrentes 1-101
2026-09-28 05:57:11,023 INFO o.a.j.t.JMeterThread: Thread finished: Estudiantes concurrentes 1-101
2026-09-28 05:57:11,972 INFO o.a.j.t.JMeterThread: Thread is done: Estudiantes concurrentes 1-94
2026-09-28 05:57:11,973 INFO o.a.j.t.JMeterThread: Thread finished: Estudiantes concurrentes 1-94
2026-09-28 05:57:12,957 INFO o.a.j.t.JMeterThread: Thread is done: Estudiantes concurrentes 1-96
2026-09-28 05:57:12,958 INFO o.a.j.t.JMeterThread: Thread finished: Estudiantes concurrentes 1-96
2026-09-28 05:57:13,005 INFO o.a.j.t.JMeterThread: Thread is done: Estudiantes concurrentes 1-88
2026-09-28 05:57:13,006 INFO o.a.j.t.JMeterThread: Thread finished: Estudiantes concurrentes 1-88
2026-09-28 05:57:13,055 INFO o.a.j.t.JMeterThread: Thread is done: Estudiantes concurrentes 1-104
2026-09-28 05:57:13,056 INFO o.a.j.t.JMeterThread: Thread finished: Estudiantes concurrentes 1-104
2026-09-28 05:57:13,338 INFO o.a.j.t.JMeterThread: Thread is done: Estudiantes concurrentes 1-107
2026-09-28 05:57:13,339 INFO o.a.j.t.JMeterThread: Thread finished: Estudiantes concurrentes 1-107
2026-09-28 05:57:13,591 INFO o.a.j.t.JMeterThread: Thread is done: Estudiantes concurrentes 1-74
2026-09-28 05:57:13,592 INFO o.a.j.t.JMeterThread: Thread finished: Estudiantes concurrentes 1-74
2026-09-28 05:57:13,699 INFO o.a.j.t.JMeterThread: Thread is done: Estudiantes concurrentes 1-112
2026-09-28 05:57:13,699 INFO o.a.j.t.JMeterThread: Thread finished: Estudiantes concurrentes 1-112
2026-09-28 05:57:14,092 INFO o.a.j.t.JMeterThread: Thread is done: Estudiantes concurrentes 1-141
2026-09-28 05:57:14,096 INFO o.a.j.t.JMeterThread: Thread finished: Estudiantes concurrentes 1-141
2026-09-28 05:57:14,149 INFO o.a.j.t.JMeterThread: Thread is done: Estudiantes concurrentes 1-102
2026-09-28 05:57:14,150 INFO o.a.j.t.JMeterThread: Thread finished: Estudiantes concurrentes 1-102
2026-09-28 05:57:14,306 INFO o.a.j.t.JMeterThread: Thread is done: Estudiantes concurrentes 1-100
2026-09-28 05:57:14,307 INFO o.a.j.t.JMeterThread: Thread finished: Estudiantes concurrentes 1-100
2026-09-28 05:57:14,545 INFO o.a.j.t.JMeterThread: Thread is done: Estudiantes concurrentes 1-133
2026-09-28 05:57:14,545 INFO o.a.j.t.JMeterThread: Thread finished: Estudiantes concurrentes 1-133
2026-09-28 05:57:15,035 INFO o.a.j.t.JMeterThread: Thread is done: Estudiantes concurrentes 1-124
2026-09-28 05:57:15,036 INFO o.a.j.t.JMeterThread: Thread finished: Estudiantes concurrentes 1-124
2026-09-28 05:57:15,169 INFO o.a.j.t.JMeterThread: Thread is done: Estudiantes concurrentes 1-111
2026-09-28 05:57:15,170 INFO o.a.j.t.JMeterThread: Thread finished: Estudiantes concurrentes 1-111
2026-09-28 05:57:16,508 INFO o.a.j.t.JMeterThread: Thread is done: Estudiantes concurrentes 1-119
2026-09-28 05:57:16,508 INFO o.a.j.t.JMeterThread: Thread finished: Estudiantes concurrentes 1-119
2026-09-28 05:57:16,658 INFO o.a.j.t.JMeterThread: Thread is done: Estudiantes concurrentes 1-128
2026-09-28 05:57:16,659 INFO o.a.j.t.JMeterThread: Thread finished: Estudiantes concurrentes 1-128
2026-09-28 05:57:16,740 INFO o.a.j.t.JMeterThread: Thread is done: Estudiantes concurrentes 1-149
2026-09-28 05:57:16,741 INFO o.a.j.t.JMeterThread: Thread finished: Estudiantes concurrentes 1-149
2026-09-28 05:57:17,020 INFO o.a.j.t.JMeterThread: Thread is done: Estudiantes concurrentes 1-115
2026-09-28 05:57:17,021 INFO o.a.j.t.JMeterThread: Thread finished: Estudiantes concurrentes 1-115
2026-09-28 05:57:17,336 INFO o.a.j.t.JMeterThread: Thread is done: Estudiantes concurrentes 1-122
2026-09-28 05:57:17,337 INFO o.a.j.t.JMeterThread: Thread finished: Estudiantes concurrentes 1-122
2026-09-28 05:57:18,479 INFO o.a.j.t.JMeterThread: Thread is done: Estudiantes concurrentes 1-134
2026-09-28 05:57:18,480 INFO o.a.j.t.JMeterThread: Thread finished: Estudiantes concurrentes 1-134
2026-09-28 05:57:18,597 INFO o.a.j.t.JMeterThread: Thread is done: Estudiantes concurrentes 1-120
2026-09-28 05:57:18,598 INFO o.a.j.t.JMeterThread: Thread finished: Estudiantes concurrentes 1-120
2026-09-28 05:57:18,605 INFO o.a.j.t.JMeterThread: Thread is done: Estudiantes concurrentes 1-125
2026-09-28 05:57:18,606 INFO o.a.j.t.JMeterThread: Thread finished: Estudiantes concurrentes 1-125
2026-09-28 05:57:18,915 INFO o.a.j.t.JMeterThread: Thread is done: Estudiantes concurrentes 1-132
2026-09-28 05:57:18,916 INFO o.a.j.t.JMeterThread: Thread finished: Estudiantes concurrentes 1-132
2026-09-28 05:57:19,119 INFO o.a.j.t.JMeterThread: Thread is done: Estudiantes concurrentes 1-137
2026-09-28 05:57:19,120 INFO o.a.j.t.JMeterThread: Thread finished: Estudiantes concurrentes 1-137
2026-09-28 05:57:19,361 INFO o.a.j.t.JMeterThread: Thread is done: Estudiantes concurrentes 1-126
2026-09-28 05:57:19,361 INFO o.a.j.t.JMeterThread: Thread finished: Estudiantes concurrentes 1-126
2026-09-28 05:57:19,392 INFO o.a.j.t.JMeterThread: Thread is done: Estudiantes concurrentes 1-153
2026-09-28 05:57:19,393 INFO o.a.j.t.JMeterThread: Thread finished: Estudiantes concurrentes 1-153
2026-09-28 05:57:19,612 INFO o.a.j.t.JMeterThread: Thread is done: Estudiantes concurrentes 1-131
2026-09-28 05:57:19,613 INFO o.a.j.t.JMeterThread: Thread finished: Estudiantes concurrentes 1-131
2026-09-28 05:57:19,629 INFO o.a.j.t.JMeterThread: Thread is done: Estudiantes concurrentes 1-117
2026-09-28 05:57:19,630 INFO o.a.j.t.JMeterThread: Thread finished: Estudiantes concurrentes 1-117
2026-09-28 05:57:19,757 INFO o.a.j.t.JMeterThread: Thread is done: Estudiantes concurrentes 1-129
2026-09-28 05:57:19,758 INFO o.a.j.t.JMeterThread: Thread finished: Estudiantes concurrentes 1-129
2026-09-28 05:57:22,081 INFO o.a.j.t.JMeterThread: Thread is done: Estudiantes concurrentes 1-123
2026-09-28 05:57:22,082 INFO o.a.j.t.JMeterThread: Thread finished: Estudiantes concurrentes 1-123
2026-09-28 05:57:22,443 INFO o.a.j.t.JMeterThread: Thread is done: Estudiantes concurrentes 1-163
2026-09-28 05:57:22,444 INFO o.a.j.t.JMeterThread: Thread finished: Estudiantes concurrentes 1-163
2026-09-28 05:57:22,690 INFO o.a.j.t.JMeterThread: Thread is done: Estudiantes concurrentes 1-140
2026-09-28 05:57:22,690 INFO o.a.j.t.JMeterThread: Thread finished: Estudiantes concurrentes 1-140
2026-09-28 05:57:22,835 INFO o.a.j.t.JMeterThread: Thread is done: Estudiantes concurrentes 1-138
2026-09-28 05:57:22,835 INFO o.a.j.t.JMeterThread: Thread finished: Estudiantes concurrentes 1-138
2026-09-28 05:57:23,104 INFO o.a.j.t.JMeterThread: Thread is done: Estudiantes concurrentes 1-142
2026-09-28 05:57:23,105 INFO o.a.j.t.JMeterThread: Thread finished: Estudiantes concurrentes 1-142
2026-09-28 05:57:23,223 INFO o.a.j.t.JMeterThread: Thread is done: Estudiantes concurrentes 1-148
2026-09-28 05:57:23,224 INFO o.a.j.t.JMeterThread: Thread finished: Estudiantes concurrentes 1-148
2026-09-28 05:57:23,286 INFO o.a.j.t.JMeterThread: Thread is done: Estudiantes concurrentes 1-135
2026-09-28 05:57:23,287 INFO o.a.j.t.JMeterThread: Thread finished: Estudiantes concurrentes 1-135
2026-09-28 05:57:23,661 INFO o.a.j.t.JMeterThread: Thread is done: Estudiantes concurrentes 1-130
2026-09-28 05:57:23,661 INFO o.a.j.t.JMeterThread: Thread finished: Estudiantes concurrentes 1-130
2026-09-28 05:57:23,809 INFO o.a.j.t.JMeterThread: Thread is done: Estudiantes concurrentes 1-139
2026-09-28 05:57:23,810 INFO o.a.j.t.JMeterThread: Thread finished: Estudiantes concurrentes 1-139
2026-09-28 05:57:23,980 INFO o.a.j.t.JMeterThread: Thread is done: Estudiantes concurrentes 1-118
2026-09-28 05:57:23,981 INFO o.a.j.t.JMeterThread: Thread finished: Estudiantes concurrentes 1-118
2026-09-28 05:57:24,265 INFO o.a.j.t.JMeterThread: Thread is done: Estudiantes concurrentes 1-121
2026-09-28 05:57:24,266 INFO o.a.j.t.JMeterThread: Thread finished: Estudiantes concurrentes 1-121
2026-09-28 05:57:25,040 INFO o.a.j.t.JMeterThread: Thread is done: Estudiantes concurrentes 1-155
2026-09-28 05:57:25,040 INFO o.a.j.t.JMeterThread: Thread finished: Estudiantes concurrentes 1-155
2026-09-28 05:57:25,973 INFO o.a.j.t.JMeterThread: Thread is done: Estudiantes concurrentes 1-151
2026-09-28 05:57:25,974 INFO o.a.j.t.JMeterThread: Thread finished: Estudiantes concurrentes 1-151
2026-09-28 05:57:26,441 INFO o.a.j.t.JMeterThread: Thread is done: Estudiantes concurrentes 1-159
2026-09-28 05:57:26,442 INFO o.a.j.t.JMeterThread: Thread finished: Estudiantes concurrentes 1-159
2026-09-28 05:57:26,500 INFO o.a.j.t.JMeterThread: Thread is done: Estudiantes concurrentes 1-166
2026-09-28 05:57:26,501 INFO o.a.j.t.JMeterThread: Thread finished: Estudiantes concurrentes 1-166
2026-09-28 05:57:26,506 INFO o.a.j.t.JMeterThread: Thread is done: Estudiantes concurrentes 1-145
2026-09-28 05:57:26,507 INFO o.a.j.t.JMeterThread: Thread finished: Estudiantes concurrentes 1-145
2026-09-28 05:57:26,617 INFO o.a.j.t.JMeterThread: Thread is done: Estudiantes concurrentes 1-147
2026-09-28 05:57:26,618 INFO o.a.j.t.JMeterThread: Thread finished: Estudiantes concurrentes 1-147
2026-09-28 05:57:26,735 INFO o.a.j.t.JMeterThread: Thread is done: Estudiantes concurrentes 1-154
2026-09-28 05:57:26,736 INFO o.a.j.t.JMeterThread: Thread finished: Estudiantes concurrentes 1-154
2026-09-28 05:57:26,772 INFO o.a.j.t.JMeterThread: Thread is done: Estudiantes concurrentes 1-136
2026-09-28 05:57:26,773 INFO o.a.j.t.JMeterThread: Thread finished: Estudiantes concurrentes 1-136
2026-09-28 05:57:27,462 INFO o.a.j.t.JMeterThread: Thread is done: Estudiantes concurrentes 1-158
2026-09-28 05:57:27,463 INFO o.a.j.t.JMeterThread: Thread finished: Estudiantes concurrentes 1-158
2026-09-28 05:57:28,116 INFO o.a.j.t.JMeterThread: Thread is done: Estudiantes concurrentes 1-160
2026-09-28 05:57:28,117 INFO o.a.j.t.JMeterThread: Thread finished: Estudiantes concurrentes 1-160
2026-09-28 05:57:28,771 INFO o.a.j.t.JMeterThread: Thread is done: Estudiantes concurrentes 1-156
2026-09-28 05:57:28,772 INFO o.a.j.t.JMeterThread: Thread finished: Estudiantes concurrentes 1-156
2026-09-28 05:57:28,820 INFO o.a.j.t.JMeterThread: Thread is done: Estudiantes concurrentes 1-168
2026-09-28 05:57:28,821 INFO o.a.j.t.JMeterThread: Thread finished: Estudiantes concurrentes 1-168
2026-09-28 05:57:29,014 INFO o.a.j.t.JMeterThread: Thread is done: Estudiantes concurrentes 1-161
2026-09-28 05:57:29,015 INFO o.a.j.t.JMeterThread: Thread finished: Estudiantes concurrentes 1-161
2026-09-28 05:57:29,324 INFO o.a.j.t.JMeterThread: Thread is done: Estudiantes concurrentes 1-143
2026-09-28 05:57:29,326 INFO o.a.j.t.JMeterThread: Thread finished: Estudiantes concurrentes 1-143
2026-09-28 05:57:29,557 INFO o.a.j.t.JMeterThread: Thread is done: Estudiantes concurrentes 1-173
2026-09-28 05:57:29,558 INFO o.a.j.t.JMeterThread: Thread finished: Estudiantes concurrentes 1-173
2026-09-28 05:57:29,663 INFO o.a.j.t.JMeterThread: Thread is done: Estudiantes concurrentes 1-178
2026-09-28 05:57:29,664 INFO o.a.j.t.JMeterThread: Thread finished: Estudiantes concurrentes 1-178
2026-09-28 05:57:29,868 INFO o.a.j.t.JMeterThread: Thread is done: Estudiantes concurrentes 1-144
2026-09-28 05:57:29,869 INFO o.a.j.t.JMeterThread: Thread finished: Estudiantes concurrentes 1-144
2026-09-28 05:57:30,163 INFO o.a.j.r.Summariser: summary +    559 in 00:00:30 =   18.5/s Avg:   159 Min:    66 Max:  1418 Err:     0 (0.00%) Active: 38 Started: 200 Finished: 162
2026-09-28 05:57:30,164 INFO o.a.j.r.Summariser: summary =   8327 in 00:04:29 =   31.0/s Avg:   199 Min:    65 Max:  6125 Err:     0 (0.00%)
2026-09-28 05:57:30,457 INFO o.a.j.t.JMeterThread: Thread is done: Estudiantes concurrentes 1-152
2026-09-28 05:57:30,458 INFO o.a.j.t.JMeterThread: Thread finished: Estudiantes concurrentes 1-152
2026-09-28 05:57:30,633 INFO o.a.j.t.JMeterThread: Thread is done: Estudiantes concurrentes 1-150
2026-09-28 05:57:30,634 INFO o.a.j.t.JMeterThread: Thread finished: Estudiantes concurrentes 1-150
2026-09-28 05:57:31,371 INFO o.a.j.t.JMeterThread: Thread is done: Estudiantes concurrentes 1-164
2026-09-28 05:57:31,371 INFO o.a.j.t.JMeterThread: Thread finished: Estudiantes concurrentes 1-164
2026-09-28 05:57:32,287 INFO o.a.j.t.JMeterThread: Thread is done: Estudiantes concurrentes 1-162
2026-09-28 05:57:32,288 INFO o.a.j.t.JMeterThread: Thread finished: Estudiantes concurrentes 1-162
2026-09-28 05:57:32,815 INFO o.a.j.t.JMeterThread: Thread is done: Estudiantes concurrentes 1-183
2026-09-28 05:57:32,816 INFO o.a.j.t.JMeterThread: Thread finished: Estudiantes concurrentes 1-183
2026-09-28 05:57:33,589 INFO o.a.j.t.JMeterThread: Thread is done: Estudiantes concurrentes 1-167
2026-09-28 05:57:33,589 INFO o.a.j.t.JMeterThread: Thread finished: Estudiantes concurrentes 1-167
2026-09-28 05:57:33,634 INFO o.a.j.t.JMeterThread: Thread is done: Estudiantes concurrentes 1-181
2026-09-28 05:57:33,635 INFO o.a.j.t.JMeterThread: Thread finished: Estudiantes concurrentes 1-181
2026-09-28 05:57:33,993 INFO o.a.j.t.JMeterThread: Thread is done: Estudiantes concurrentes 1-197
2026-09-28 05:57:33,994 INFO o.a.j.t.JMeterThread: Thread finished: Estudiantes concurrentes 1-197
2026-09-28 05:57:34,730 INFO o.a.j.t.JMeterThread: Thread is done: Estudiantes concurrentes 1-165
2026-09-28 05:57:34,731 INFO o.a.j.t.JMeterThread: Thread finished: Estudiantes concurrentes 1-165
2026-09-28 05:57:34,746 INFO o.a.j.t.JMeterThread: Thread is done: Estudiantes concurrentes 1-176
2026-09-28 05:57:34,747 INFO o.a.j.t.JMeterThread: Thread finished: Estudiantes concurrentes 1-176
2026-09-28 05:57:34,882 INFO o.a.j.t.JMeterThread: Thread is done: Estudiantes concurrentes 1-146
2026-09-28 05:57:34,882 INFO o.a.j.t.JMeterThread: Thread finished: Estudiantes concurrentes 1-146
2026-09-28 05:57:34,995 INFO o.a.j.t.JMeterThread: Thread is done: Estudiantes concurrentes 1-186
2026-09-28 05:57:34,996 INFO o.a.j.t.JMeterThread: Thread finished: Estudiantes concurrentes 1-186
2026-09-28 05:57:35,452 INFO o.a.j.t.JMeterThread: Thread is done: Estudiantes concurrentes 1-177
2026-09-28 05:57:35,453 INFO o.a.j.t.JMeterThread: Thread finished: Estudiantes concurrentes 1-177
2026-09-28 05:57:35,591 INFO o.a.j.t.JMeterThread: Thread is done: Estudiantes concurrentes 1-172
2026-09-28 05:57:35,591 INFO o.a.j.t.JMeterThread: Thread finished: Estudiantes concurrentes 1-172
2026-09-28 05:57:35,798 INFO o.a.j.t.JMeterThread: Thread is done: Estudiantes concurrentes 1-188
2026-09-28 05:57:35,799 INFO o.a.j.t.JMeterThread: Thread finished: Estudiantes concurrentes 1-188
2026-09-28 05:57:35,818 INFO o.a.j.t.JMeterThread: Thread is done: Estudiantes concurrentes 1-180
2026-09-28 05:57:35,819 INFO o.a.j.t.JMeterThread: Thread finished: Estudiantes concurrentes 1-180
2026-09-28 05:57:36,279 INFO o.a.j.t.JMeterThread: Thread is done: Estudiantes concurrentes 1-190
2026-09-28 05:57:36,280 INFO o.a.j.t.JMeterThread: Thread finished: Estudiantes concurrentes 1-190
2026-09-28 05:57:36,489 INFO o.a.j.t.JMeterThread: Thread is done: Estudiantes concurrentes 1-170
2026-09-28 05:57:36,489 INFO o.a.j.t.JMeterThread: Thread finished: Estudiantes concurrentes 1-170
2026-09-28 05:57:36,551 INFO o.a.j.t.JMeterThread: Thread is done: Estudiantes concurrentes 1-175
2026-09-28 05:57:36,551 INFO o.a.j.t.JMeterThread: Thread finished: Estudiantes concurrentes 1-175
2026-09-28 05:57:36,703 INFO o.a.j.t.JMeterThread: Thread is done: Estudiantes concurrentes 1-171
2026-09-28 05:57:36,703 INFO o.a.j.t.JMeterThread: Thread finished: Estudiantes concurrentes 1-171
2026-09-28 05:57:36,889 INFO o.a.j.t.JMeterThread: Thread is done: Estudiantes concurrentes 1-191
2026-09-28 05:57:36,889 INFO o.a.j.t.JMeterThread: Thread finished: Estudiantes concurrentes 1-191
2026-09-28 05:57:36,924 INFO o.a.j.t.JMeterThread: Thread is done: Estudiantes concurrentes 1-195
2026-09-28 05:57:36,924 INFO o.a.j.t.JMeterThread: Thread finished: Estudiantes concurrentes 1-195
2026-09-28 05:57:37,109 INFO o.a.j.t.JMeterThread: Thread is done: Estudiantes concurrentes 1-157
2026-09-28 05:57:37,110 INFO o.a.j.t.JMeterThread: Thread finished: Estudiantes concurrentes 1-157
2026-09-28 05:57:37,342 INFO o.a.j.t.JMeterThread: Thread is done: Estudiantes concurrentes 1-182
2026-09-28 05:57:37,343 INFO o.a.j.t.JMeterThread: Thread finished: Estudiantes concurrentes 1-182
2026-09-28 05:57:39,120 INFO o.a.j.t.JMeterThread: Thread is done: Estudiantes concurrentes 1-192
2026-09-28 05:57:39,121 INFO o.a.j.t.JMeterThread: Thread finished: Estudiantes concurrentes 1-192
2026-09-28 05:57:39,345 INFO o.a.j.t.JMeterThread: Thread is done: Estudiantes concurrentes 1-196
2026-09-28 05:57:39,345 INFO o.a.j.t.JMeterThread: Thread finished: Estudiantes concurrentes 1-196
2026-09-28 05:57:39,407 INFO o.a.j.t.JMeterThread: Thread is done: Estudiantes concurrentes 1-199
2026-09-28 05:57:39,407 INFO o.a.j.t.JMeterThread: Thread finished: Estudiantes concurrentes 1-199
2026-09-28 05:57:39,908 INFO o.a.j.t.JMeterThread: Thread is done: Estudiantes concurrentes 1-169
2026-09-28 05:57:39,909 INFO o.a.j.t.JMeterThread: Thread finished: Estudiantes concurrentes 1-169
2026-09-28 05:57:40,098 INFO o.a.j.t.JMeterThread: Thread is done: Estudiantes concurrentes 1-193
2026-09-28 05:57:40,099 INFO o.a.j.t.JMeterThread: Thread finished: Estudiantes concurrentes 1-193
2026-09-28 05:57:40,270 INFO o.a.j.t.JMeterThread: Thread is done: Estudiantes concurrentes 1-185
2026-09-28 05:57:40,270 INFO o.a.j.t.JMeterThread: Thread finished: Estudiantes concurrentes 1-185
2026-09-28 05:57:40,635 INFO o.a.j.t.JMeterThread: Thread is done: Estudiantes concurrentes 1-189
2026-09-28 05:57:40,635 INFO o.a.j.t.JMeterThread: Thread finished: Estudiantes concurrentes 1-189
2026-09-28 05:57:40,748 INFO o.a.j.t.JMeterThread: Thread is done: Estudiantes concurrentes 1-179
2026-09-28 05:57:40,748 INFO o.a.j.t.JMeterThread: Thread finished: Estudiantes concurrentes 1-179
2026-09-28 05:57:41,048 INFO o.a.j.t.JMeterThread: Thread is done: Estudiantes concurrentes 1-198
2026-09-28 05:57:41,050 INFO o.a.j.t.JMeterThread: Thread finished: Estudiantes concurrentes 1-198
2026-09-28 05:57:41,717 INFO o.a.j.t.JMeterThread: Thread is done: Estudiantes concurrentes 1-174
2026-09-28 05:57:41,717 INFO o.a.j.t.JMeterThread: Thread finished: Estudiantes concurrentes 1-174
2026-09-28 05:57:41,769 INFO o.a.j.t.JMeterThread: Thread is done: Estudiantes concurrentes 1-187
2026-09-28 05:57:41,770 INFO o.a.j.t.JMeterThread: Thread finished: Estudiantes concurrentes 1-187
2026-09-28 05:57:42,248 INFO o.a.j.t.JMeterThread: Thread is done: Estudiantes concurrentes 1-184
2026-09-28 05:57:42,248 INFO o.a.j.t.JMeterThread: Thread finished: Estudiantes concurrentes 1-184
2026-09-28 05:57:43,755 INFO o.a.j.t.JMeterThread: Thread is done: Estudiantes concurrentes 1-194
2026-09-28 05:57:43,756 INFO o.a.j.t.JMeterThread: Thread finished: Estudiantes concurrentes 1-194
2026-09-28 05:57:46,809 INFO o.a.j.t.JMeterThread: Thread is done: Estudiantes concurrentes 1-200
2026-09-28 05:57:46,810 INFO o.a.j.t.JMeterThread: Thread finished: Estudiantes concurrentes 1-200
2026-09-28 05:57:46,814 INFO o.a.j.e.StandardJMeterEngine: Notifying test listeners of end of test
2026-09-28 05:57:46,818 INFO o.a.j.s.FileServer: Close: /jmeter/capacity/tokens.csv
2026-09-28 05:57:46,892 INFO o.a.j.r.Summariser: summary +     73 in 00:00:17 =    4.4/s Avg:    91 Min:    73 Max:   110 Err:     0 (0.00%) Active: 0 Started: 200 Finished: 200
2026-09-28 05:57:46,893 INFO o.a.j.r.Summariser: summary =   8400 in 00:04:46 =   29.4/s Avg:   198 Min:    65 Max:  6125 Err:     0 (0.00%)
