=== RUN   TestWorker_DLQ_3Retries_And_Alert
{"time":"2026-09-13T00:22:47.540745877-05:00","level":"INFO","msg":"[Worker Engine] Starting background worker processor...","env":"test","redis_url":"localhost:6379","concurrency":2}
{"time":"2026-09-13T00:22:47.540882553-05:00","level":"INFO","msg":"Starting processing"}
{"time":"2026-09-13T00:22:47.59792342-05:00","level":"INFO","msg":"job test:failing_job_1789276967540557029 started","id":"dlq-test-key-1789276967540557630","tipo":"test:failing_job_1789276967540557029","estado":"started"}
{"time":"2026-09-13T00:22:47.600551627-05:00","level":"ERROR","msg":"job test:failing_job_1789276967540557029 failed","id":"dlq-test-key-1789276967540557630","tipo":"test:failing_job_1789276967540557029","estado":"failed","duración":"2.634219ms","duración_ms":2,"error":"simulated persistent failure"}
{"time":"2026-09-13T00:22:47.600629378-05:00","level":"ERROR","msg":"[Worker ErrorHandler] Task execution failed","id":"dlq-test-key-1789276967540557630","tipo":"test:failing_job_1789276967540557029","retried":0,"max_retry":3,"error":"simulated persistent failure"}
{"time":"2026-09-13T00:22:47.616120039-05:00","level":"INFO","msg":"job test:failing_job_1789276967540557029 started","id":"dlq-test-key-1789276967540557630","tipo":"test:failing_job_1789276967540557029","estado":"started"}
{"time":"2026-09-13T00:22:47.618838446-05:00","level":"ERROR","msg":"job test:failing_job_1789276967540557029 failed","id":"dlq-test-key-1789276967540557630","tipo":"test:failing_job_1789276967540557029","estado":"failed","duración":"2.687998ms","duración_ms":2,"error":"simulated persistent failure"}
{"time":"2026-09-13T00:22:47.618981935-05:00","level":"ERROR","msg":"[Worker ErrorHandler] Task execution failed","id":"dlq-test-key-1789276967540557630","tipo":"test:failing_job_1789276967540557029","retried":1,"max_retry":3,"error":"simulated persistent failure"}
{"time":"2026-09-13T00:22:47.642638373-05:00","level":"INFO","msg":"job test:failing_job_1789276967540557029 started","id":"dlq-test-key-1789276967540557630","tipo":"test:failing_job_1789276967540557029","estado":"started"}
{"time":"2026-09-13T00:22:47.645279084-05:00","level":"ERROR","msg":"job test:failing_job_1789276967540557029 failed","id":"dlq-test-key-1789276967540557630","tipo":"test:failing_job_1789276967540557029","estado":"failed","duración":"2.629919ms","duración_ms":2,"error":"simulated persistent failure"}
{"time":"2026-09-13T00:22:47.645378277-05:00","level":"ERROR","msg":"[Worker ErrorHandler] Task execution failed","id":"dlq-test-key-1789276967540557630","tipo":"test:failing_job_1789276967540557029","retried":2,"max_retry":3,"error":"simulated persistent failure"}
{"time":"2026-09-13T00:22:47.661260214-05:00","level":"INFO","msg":"job test:failing_job_1789276967540557029 started","id":"dlq-test-key-1789276967540557630","tipo":"test:failing_job_1789276967540557029","estado":"started"}
{"time":"2026-09-13T00:22:47.663951043-05:00","level":"ERROR","msg":"job test:failing_job_1789276967540557029 failed","id":"dlq-test-key-1789276967540557630","tipo":"test:failing_job_1789276967540557029","estado":"failed","duración":"2.676942ms","duración_ms":2,"error":"simulated persistent failure"}
{"time":"2026-09-13T00:22:47.66405694-05:00","level":"ERROR","msg":"[Worker ErrorHandler] Task execution failed","id":"dlq-test-key-1789276967540557630","tipo":"test:failing_job_1789276967540557029","retried":3,"max_retry":3,"error":"simulated persistent failure"}
{"time":"2026-09-13T00:22:47.664071207-05:00","level":"ERROR","msg":"[ALERT] Job moved to Dead-Letter Queue (DLQ)","alert":"DLQ_JOB_FAILED","id":"dlq-test-key-1789276967540557630","tipo":"test:failing_job_1789276967540557029","retried":3,"max_retry":3,"error":"simulated persistent failure"}
{"time":"2026-09-13T00:22:47.664103029-05:00","level":"WARN","msg":"Retry exhausted for task id=dlq-test-key-1789276967540557630"}
{"time":"2026-09-13T00:22:47.77053849-05:00","level":"INFO","msg":"[Worker Engine] Shutting down background worker processor..."}
{"time":"2026-09-13T00:22:47.770581413-05:00","level":"INFO","msg":"Starting graceful shutdown"}
{"time":"2026-09-13T00:22:47.785919962-05:00","level":"INFO","msg":"Waiting for all workers to finish..."}
{"time":"2026-09-13T00:22:47.785973736-05:00","level":"INFO","msg":"All workers have finished"}
{"time":"2026-09-13T00:22:47.788596924-05:00","level":"INFO","msg":"Exiting"}
--- PASS: TestWorker_DLQ_3Retries_And_Alert (0.27s)
=== RUN   TestWorker_DLQ_Reenqueue_And_Idempotency
{"time":"2026-09-13T00:22:47.794681673-05:00","level":"INFO","msg":"[Worker Engine] Starting background worker processor...","env":"test","redis_url":"localhost:6379","concurrency":2}
{"time":"2026-09-13T00:22:47.794743503-05:00","level":"INFO","msg":"Starting processing"}
{"time":"2026-09-13T00:22:47.879698065-05:00","level":"INFO","msg":"job test:recoverable_job_1789276967794481904 started","id":"reenqueue-key-1789276967794483066","tipo":"test:recoverable_job_1789276967794481904","estado":"started"}
{"time":"2026-09-13T00:22:47.882455634-05:00","level":"ERROR","msg":"job test:recoverable_job_1789276967794481904 failed","id":"reenqueue-key-1789276967794483066","tipo":"test:recoverable_job_1789276967794481904","estado":"failed","duración":"2.736067ms","duración_ms":2,"error":"temporary failure"}
{"time":"2026-09-13T00:22:47.882574997-05:00","level":"ERROR","msg":"[Worker ErrorHandler] Task execution failed","id":"reenqueue-key-1789276967794483066","tipo":"test:recoverable_job_1789276967794481904","retried":0,"max_retry":3,"error":"temporary failure"}
{"time":"2026-09-13T00:22:47.907157125-05:00","level":"INFO","msg":"job test:recoverable_job_1789276967794481904 started","id":"reenqueue-key-1789276967794483066","tipo":"test:recoverable_job_1789276967794481904","estado":"started"}
{"time":"2026-09-13T00:22:47.909858595-05:00","level":"ERROR","msg":"job test:recoverable_job_1789276967794481904 failed","id":"reenqueue-key-1789276967794483066","tipo":"test:recoverable_job_1789276967794481904","estado":"failed","duración":"2.689467ms","duración_ms":2,"error":"temporary failure"}
{"time":"2026-09-13T00:22:47.909960965-05:00","level":"ERROR","msg":"[Worker ErrorHandler] Task execution failed","id":"reenqueue-key-1789276967794483066","tipo":"test:recoverable_job_1789276967794481904","retried":1,"max_retry":3,"error":"temporary failure"}
{"time":"2026-09-13T00:22:47.944100825-05:00","level":"INFO","msg":"job test:recoverable_job_1789276967794481904 started","id":"reenqueue-key-1789276967794483066","tipo":"test:recoverable_job_1789276967794481904","estado":"started"}
{"time":"2026-09-13T00:22:47.946820511-05:00","level":"ERROR","msg":"job test:recoverable_job_1789276967794481904 failed","id":"reenqueue-key-1789276967794483066","tipo":"test:recoverable_job_1789276967794481904","estado":"failed","duración":"2.708675ms","duración_ms":2,"error":"temporary failure"}
{"time":"2026-09-13T00:22:47.94690188-05:00","level":"ERROR","msg":"[Worker ErrorHandler] Task execution failed","id":"reenqueue-key-1789276967794483066","tipo":"test:recoverable_job_1789276967794481904","retried":2,"max_retry":3,"error":"temporary failure"}
{"time":"2026-09-13T00:22:47.976055841-05:00","level":"INFO","msg":"job test:recoverable_job_1789276967794481904 started","id":"reenqueue-key-1789276967794483066","tipo":"test:recoverable_job_1789276967794481904","estado":"started"}
{"time":"2026-09-13T00:22:47.979076494-05:00","level":"ERROR","msg":"job test:recoverable_job_1789276967794481904 failed","id":"reenqueue-key-1789276967794483066","tipo":"test:recoverable_job_1789276967794481904","estado":"failed","duración":"3.003369ms","duración_ms":3,"error":"skip retry for the task: temporary failure"}
{"time":"2026-09-13T00:22:47.979195636-05:00","level":"ERROR","msg":"[Worker ErrorHandler] Task execution failed","id":"reenqueue-key-1789276967794483066","tipo":"test:recoverable_job_1789276967794481904","retried":3,"max_retry":3,"error":"skip retry for the task: temporary failure"}
{"time":"2026-09-13T00:22:47.979211357-05:00","level":"ERROR","msg":"[ALERT] Job moved to Dead-Letter Queue (DLQ)","alert":"DLQ_JOB_FAILED","id":"reenqueue-key-1789276967794483066","tipo":"test:recoverable_job_1789276967794481904","retried":3,"max_retry":3,"error":"skip retry for the task: temporary failure"}
{"time":"2026-09-13T00:22:47.979245774-05:00","level":"WARN","msg":"Retry exhausted for task id=reenqueue-key-1789276967794483066"}
{"time":"2026-09-13T00:22:48.08051855-05:00","level":"INFO","msg":"[Worker Engine] Shutting down background worker processor..."}
{"time":"2026-09-13T00:22:48.08056965-05:00","level":"INFO","msg":"Starting graceful shutdown"}
{"time":"2026-09-13T00:22:48.097210965-05:00","level":"INFO","msg":"Waiting for all workers to finish..."}
{"time":"2026-09-13T00:22:48.097263687-05:00","level":"INFO","msg":"All workers have finished"}
{"time":"2026-09-13T00:22:48.100345538-05:00","level":"INFO","msg":"Exiting"}
{"time":"2026-09-13T00:22:48.106135152-05:00","level":"INFO","msg":"[Worker Engine] Starting background worker processor...","env":"test","redis_url":"localhost:6379","concurrency":2}
{"time":"2026-09-13T00:22:48.10620097-05:00","level":"INFO","msg":"Starting processing"}
{"time":"2026-09-13T00:22:48.112455701-05:00","level":"INFO","msg":"job test:recoverable_job_1789276967794481904 started","id":"reenqueue-key-1789276967794483066","tipo":"test:recoverable_job_1789276967794481904","estado":"started"}
{"time":"2026-09-13T00:22:48.11534887-05:00","level":"INFO","msg":"job test:recoverable_job_1789276967794481904 completed","id":"reenqueue-key-1789276967794483066","tipo":"test:recoverable_job_1789276967794481904","estado":"completed","duración":"2.857108ms","duración_ms":2}
{"time":"2026-09-13T00:22:48.420013258-05:00","level":"INFO","msg":"[IdempotencyMiddleware] Task already processed successfully, skipping execution to prevent duplicate effects","idempotency_key":"reenqueue-key-1789276967794483066","tipo":"test:recoverable_job_1789276967794481904"}
{"time":"2026-09-13T00:22:48.707915008-05:00","level":"INFO","msg":"[Worker Engine] Shutting down background worker processor..."}
{"time":"2026-09-13T00:22:48.708006777-05:00","level":"INFO","msg":"Starting graceful shutdown"}
{"time":"2026-09-13T00:22:48.718337845-05:00","level":"INFO","msg":"Waiting for all workers to finish..."}
{"time":"2026-09-13T00:22:48.718386419-05:00","level":"INFO","msg":"All workers have finished"}
{"time":"2026-09-13T00:22:48.720603928-05:00","level":"INFO","msg":"Exiting"}
--- PASS: TestWorker_DLQ_Reenqueue_And_Idempotency (0.93s)
=== RUN   TestIdempotencyStore_Memory
--- PASS: TestIdempotencyStore_Memory (0.15s)
=== RUN   TestIdempotencyStore_Redis
--- PASS: TestIdempotencyStore_Redis (0.01s)
=== RUN   TestIdempotency_DuplicateEvent_SinglePersistedEffect
{"time":"2026-09-13T00:22:48.888173907-05:00","level":"INFO","msg":"[Worker Engine] Starting background worker processor...","env":"test","redis_url":"localhost:6379","concurrency":2}
{"time":"2026-09-13T00:22:48.888241107-05:00","level":"INFO","msg":"Starting processing"}
{"time":"2026-09-13T00:22:48.944857109-05:00","level":"INFO","msg":"job test:duplicate_job_1789276968888072239 started","id":"dup-event-key-1789276968888073361","tipo":"test:duplicate_job_1789276968888072239","estado":"started"}
{"time":"2026-09-13T00:22:48.944928408-05:00","level":"INFO","msg":"job test:duplicate_job_1789276968888072239 completed","id":"dup-event-key-1789276968888073361","tipo":"test:duplicate_job_1789276968888072239","estado":"completed","duración":"83.372µs","duración_ms":0}
{"time":"2026-09-13T00:22:49.163324262-05:00","level":"INFO","msg":"[IdempotencyMiddleware] Task already processed successfully, skipping execution to prevent duplicate effects","idempotency_key":"dup-event-key-1789276968888073361","tipo":"test:duplicate_job_1789276968888072239"}
{"time":"2026-09-13T00:22:49.34376481-05:00","level":"INFO","msg":"[Worker Engine] Shutting down background worker processor..."}
{"time":"2026-09-13T00:22:49.343832913-05:00","level":"INFO","msg":"Starting graceful shutdown"}
{"time":"2026-09-13T00:22:49.350334353-05:00","level":"INFO","msg":"Waiting for all workers to finish..."}
{"time":"2026-09-13T00:22:49.350480908-05:00","level":"INFO","msg":"All workers have finished"}
{"time":"2026-09-13T00:22:49.352606748-05:00","level":"INFO","msg":"Exiting"}
--- PASS: TestIdempotency_DuplicateEvent_SinglePersistedEffect (0.47s)
=== RUN   TestIdempotency_ReenqueueWithSameKey_NoDuplicateResult
{"time":"2026-09-13T00:22:49.36130765-05:00","level":"INFO","msg":"[Worker Engine] Starting background worker processor...","env":"test","redis_url":"localhost:6379","concurrency":2}
{"time":"2026-09-13T00:22:49.361432864-05:00","level":"INFO","msg":"Starting processing"}
{"time":"2026-09-13T00:22:49.433360469-05:00","level":"INFO","msg":"job test:reenqueue_job_1789276969360955855 started","id":"reenq-key-1789276969360958040","tipo":"test:reenqueue_job_1789276969360955855","estado":"started"}
{"time":"2026-09-13T00:22:49.436423372-05:00","level":"ERROR","msg":"job test:reenqueue_job_1789276969360955855 failed","id":"reenq-key-1789276969360958040","tipo":"test:reenqueue_job_1789276969360955855","estado":"failed","duración":"3.053694ms","duración_ms":3,"error":"temporary failure forcing retry"}
{"time":"2026-09-13T00:22:49.436522235-05:00","level":"ERROR","msg":"[Worker ErrorHandler] Task execution failed","id":"reenq-key-1789276969360958040","tipo":"test:reenqueue_job_1789276969360955855","retried":0,"max_retry":3,"error":"temporary failure forcing retry"}
{"time":"2026-09-13T00:22:49.451707106-05:00","level":"INFO","msg":"job test:reenqueue_job_1789276969360955855 started","id":"reenq-key-1789276969360958040","tipo":"test:reenqueue_job_1789276969360955855","estado":"started"}
{"time":"2026-09-13T00:22:49.454495895-05:00","level":"ERROR","msg":"job test:reenqueue_job_1789276969360955855 failed","id":"reenq-key-1789276969360958040","tipo":"test:reenqueue_job_1789276969360955855","estado":"failed","duración":"2.783228ms","duración_ms":2,"error":"temporary failure forcing retry"}
{"time":"2026-09-13T00:22:49.45459593-05:00","level":"ERROR","msg":"[Worker ErrorHandler] Task execution failed","id":"reenq-key-1789276969360958040","tipo":"test:reenqueue_job_1789276969360955855","retried":1,"max_retry":3,"error":"temporary failure forcing retry"}
{"time":"2026-09-13T00:22:49.486669037-05:00","level":"INFO","msg":"job test:reenqueue_job_1789276969360955855 started","id":"reenq-key-1789276969360958040","tipo":"test:reenqueue_job_1789276969360955855","estado":"started"}
{"time":"2026-09-13T00:22:49.489463337-05:00","level":"ERROR","msg":"job test:reenqueue_job_1789276969360955855 failed","id":"reenq-key-1789276969360958040","tipo":"test:reenqueue_job_1789276969360955855","estado":"failed","duración":"2.770153ms","duración_ms":2,"error":"temporary failure forcing retry"}
{"time":"2026-09-13T00:22:49.489594021-05:00","level":"ERROR","msg":"[Worker ErrorHandler] Task execution failed","id":"reenq-key-1789276969360958040","tipo":"test:reenqueue_job_1789276969360955855","retried":2,"max_retry":3,"error":"temporary failure forcing retry"}
{"time":"2026-09-13T00:22:49.51429424-05:00","level":"INFO","msg":"job test:reenqueue_job_1789276969360955855 started","id":"reenq-key-1789276969360958040","tipo":"test:reenqueue_job_1789276969360955855","estado":"started"}
{"time":"2026-09-13T00:22:49.517343818-05:00","level":"ERROR","msg":"job test:reenqueue_job_1789276969360955855 failed","id":"reenq-key-1789276969360958040","tipo":"test:reenqueue_job_1789276969360955855","estado":"failed","duración":"3.041503ms","duración_ms":3,"error":"skip retry for the task: temporary failure forcing DLQ"}
{"time":"2026-09-13T00:22:49.517455957-05:00","level":"ERROR","msg":"[Worker ErrorHandler] Task execution failed","id":"reenq-key-1789276969360958040","tipo":"test:reenqueue_job_1789276969360955855","retried":3,"max_retry":3,"error":"skip retry for the task: temporary failure forcing DLQ"}
{"time":"2026-09-13T00:22:49.517473892-05:00","level":"ERROR","msg":"[ALERT] Job moved to Dead-Letter Queue (DLQ)","alert":"DLQ_JOB_FAILED","id":"reenq-key-1789276969360958040","tipo":"test:reenqueue_job_1789276969360955855","retried":3,"max_retry":3,"error":"skip retry for the task: temporary failure forcing DLQ"}
{"time":"2026-09-13T00:22:49.517499652-05:00","level":"WARN","msg":"Retry exhausted for task id=reenq-key-1789276969360958040"}
{"time":"2026-09-13T00:22:49.618282405-05:00","level":"INFO","msg":"[Worker Engine] Shutting down background worker processor..."}
{"time":"2026-09-13T00:22:49.618354505-05:00","level":"INFO","msg":"Starting graceful shutdown"}
{"time":"2026-09-13T00:22:49.634071261-05:00","level":"INFO","msg":"Waiting for all workers to finish..."}
{"time":"2026-09-13T00:22:49.63416339-05:00","level":"INFO","msg":"All workers have finished"}
{"time":"2026-09-13T00:22:49.636165347-05:00","level":"INFO","msg":"Exiting"}
{"time":"2026-09-13T00:22:49.641253036-05:00","level":"INFO","msg":"[Worker Engine] Starting background worker processor...","env":"test","redis_url":"localhost:6379","concurrency":2}
{"time":"2026-09-13T00:22:49.641304827-05:00","level":"INFO","msg":"Starting processing"}
{"time":"2026-09-13T00:22:49.646819324-05:00","level":"INFO","msg":"job test:reenqueue_job_1789276969360955855 started","id":"reenq-key-1789276969360958040","tipo":"test:reenqueue_job_1789276969360955855","estado":"started"}
{"time":"2026-09-13T00:22:49.650310689-05:00","level":"INFO","msg":"job test:reenqueue_job_1789276969360955855 completed","id":"reenq-key-1789276969360958040","tipo":"test:reenqueue_job_1789276969360955855","estado":"completed","duración":"3.475454ms","duración_ms":3}
{"time":"2026-09-13T00:22:49.961822347-05:00","level":"INFO","msg":"[IdempotencyMiddleware] Task already processed successfully, skipping execution to prevent duplicate effects","idempotency_key":"reenq-key-1789276969360958040","tipo":"test:reenqueue_job_1789276969360955855"}
{"time":"2026-09-13T00:22:50.242240139-05:00","level":"INFO","msg":"[Worker Engine] Shutting down background worker processor..."}
{"time":"2026-09-13T00:22:50.242313001-05:00","level":"INFO","msg":"Starting graceful shutdown"}
{"time":"2026-09-13T00:22:50.258797079-05:00","level":"INFO","msg":"Waiting for all workers to finish..."}
{"time":"2026-09-13T00:22:50.2588487-05:00","level":"INFO","msg":"All workers have finished"}
{"time":"2026-09-13T00:22:50.260885917-05:00","level":"INFO","msg":"Exiting"}
--- PASS: TestIdempotency_ReenqueueWithSameKey_NoDuplicateResult (0.91s)
PASS
ok  	github.com/ISIS4426-2026/Plataforma-MOOC/internal/worker	2.752s
